Archive member included to satisfy reference by file (symbol)

E:/Software/Scoop/apps/gcc-arm-none-eabi/current/bin/../lib/gcc/arm-none-eabi/13.2.1/thumb/v7e-m+fp/hard\libc_nano.a(libc_a-exit.o)
                              E:/Software/Scoop/apps/gcc-arm-none-eabi/current/bin/../lib/gcc/arm-none-eabi/13.2.1/thumb/v7e-m+fp/hard/crt0.o (exit)
E:/Software/Scoop/apps/gcc-arm-none-eabi/current/bin/../lib/gcc/arm-none-eabi/13.2.1/thumb/v7e-m+fp/hard\libc_nano.a(libc_a-findfp.o)
                              E:/Software/Scoop/apps/gcc-arm-none-eabi/current/bin/../lib/gcc/arm-none-eabi/13.2.1/thumb/v7e-m+fp/hard\libc_nano.a(libc_a-exit.o) (__stdio_exit_handler)
E:/Software/Scoop/apps/gcc-arm-none-eabi/current/bin/../lib/gcc/arm-none-eabi/13.2.1/thumb/v7e-m+fp/hard\libc_nano.a(libc_a-fwalk.o)
                              E:/Software/Scoop/apps/gcc-arm-none-eabi/current/bin/../lib/gcc/arm-none-eabi/13.2.1/thumb/v7e-m+fp/hard\libc_nano.a(libc_a-findfp.o) (_fwalk_sglue)
E:/Software/Scoop/apps/gcc-arm-none-eabi/current/bin/../lib/gcc/arm-none-eabi/13.2.1/thumb/v7e-m+fp/hard\libc_nano.a(libc_a-setvbuf.o)
                              CMakeFiles/STM32_Warehouse.dir/UserApp/Utils/retarget.c.obj (setvbuf)
E:/Software/Scoop/apps/gcc-arm-none-eabi/current/bin/../lib/gcc/arm-none-eabi/13.2.1/thumb/v7e-m+fp/hard\libc_nano.a(libc_a-stdio.o)
                              E:/Software/Scoop/apps/gcc-arm-none-eabi/current/bin/../lib/gcc/arm-none-eabi/13.2.1/thumb/v7e-m+fp/hard\libc_nano.a(libc_a-findfp.o) (__sread)
E:/Software/Scoop/apps/gcc-arm-none-eabi/current/bin/../lib/gcc/arm-none-eabi/13.2.1/thumb/v7e-m+fp/hard\libc_nano.a(libc_a-memset.o)
                              E:/Software/Scoop/apps/gcc-arm-none-eabi/current/bin/../lib/gcc/arm-none-eabi/13.2.1/thumb/v7e-m+fp/hard/crt0.o (memset)
E:/Software/Scoop/apps/gcc-arm-none-eabi/current/bin/../lib/gcc/arm-none-eabi/13.2.1/thumb/v7e-m+fp/hard\libc_nano.a(libc_a-closer.o)
                              E:/Software/Scoop/apps/gcc-arm-none-eabi/current/bin/../lib/gcc/arm-none-eabi/13.2.1/thumb/v7e-m+fp/hard\libc_nano.a(libc_a-stdio.o) (_close_r)
E:/Software/Scoop/apps/gcc-arm-none-eabi/current/bin/../lib/gcc/arm-none-eabi/13.2.1/thumb/v7e-m+fp/hard\libc_nano.a(libc_a-reent.o)
                              E:/Software/Scoop/apps/gcc-arm-none-eabi/current/bin/../lib/gcc/arm-none-eabi/13.2.1/thumb/v7e-m+fp/hard\libc_nano.a(libc_a-closer.o) (errno)
E:/Software/Scoop/apps/gcc-arm-none-eabi/current/bin/../lib/gcc/arm-none-eabi/13.2.1/thumb/v7e-m+fp/hard\libc_nano.a(libc_a-impure.o)
                              CMakeFiles/STM32_Warehouse.dir/UserApp/Utils/retarget.c.obj (_impure_ptr)
E:/Software/Scoop/apps/gcc-arm-none-eabi/current/bin/../lib/gcc/arm-none-eabi/13.2.1/thumb/v7e-m+fp/hard\libc_nano.a(libc_a-lseekr.o)
                              E:/Software/Scoop/apps/gcc-arm-none-eabi/current/bin/../lib/gcc/arm-none-eabi/13.2.1/thumb/v7e-m+fp/hard\libc_nano.a(libc_a-stdio.o) (_lseek_r)
E:/Software/Scoop/apps/gcc-arm-none-eabi/current/bin/../lib/gcc/arm-none-eabi/13.2.1/thumb/v7e-m+fp/hard\libc_nano.a(libc_a-readr.o)
                              E:/Software/Scoop/apps/gcc-arm-none-eabi/current/bin/../lib/gcc/arm-none-eabi/13.2.1/thumb/v7e-m+fp/hard\libc_nano.a(libc_a-stdio.o) (_read_r)
E:/Software/Scoop/apps/gcc-arm-none-eabi/current/bin/../lib/gcc/arm-none-eabi/13.2.1/thumb/v7e-m+fp/hard\libc_nano.a(libc_a-writer.o)
                              E:/Software/Scoop/apps/gcc-arm-none-eabi/current/bin/../lib/gcc/arm-none-eabi/13.2.1/thumb/v7e-m+fp/hard\libc_nano.a(libc_a-stdio.o) (_write_r)
E:/Software/Scoop/apps/gcc-arm-none-eabi/current/bin/../lib/gcc/arm-none-eabi/13.2.1/thumb/v7e-m+fp/hard\libc_nano.a(libc_a-errno.o)
                              CMakeFiles/STM32_Warehouse.dir/Core/Src/sysmem.c.obj (__errno)
E:/Software/Scoop/apps/gcc-arm-none-eabi/current/bin/../lib/gcc/arm-none-eabi/13.2.1/thumb/v7e-m+fp/hard\libc_nano.a(libc_a-init.o)
                              E:/Software/Scoop/apps/gcc-arm-none-eabi/current/bin/../lib/gcc/arm-none-eabi/13.2.1/thumb/v7e-m+fp/hard/crt0.o (__libc_init_array)
E:/Software/Scoop/apps/gcc-arm-none-eabi/current/bin/../lib/gcc/arm-none-eabi/13.2.1/thumb/v7e-m+fp/hard\libc_nano.a(libc_a-lock.o)
                              E:/Software/Scoop/apps/gcc-arm-none-eabi/current/bin/../lib/gcc/arm-none-eabi/13.2.1/thumb/v7e-m+fp/hard\libc_nano.a(libc_a-findfp.o) (__retarget_lock_init_recursive)
E:/Software/Scoop/apps/gcc-arm-none-eabi/current/bin/../lib/gcc/arm-none-eabi/13.2.1/thumb/v7e-m+fp/hard\libc_nano.a(libc_a-memcpy-stub.o)
                              CMakeFiles/STM32_Warehouse.dir/Middlewares/Third_Party/FreeRTOS/Source/queue.c.obj (memcpy)
E:/Software/Scoop/apps/gcc-arm-none-eabi/current/bin/../lib/gcc/arm-none-eabi/13.2.1/thumb/v7e-m+fp/hard\libc_nano.a(libc_a-freer.o)
                              E:/Software/Scoop/apps/gcc-arm-none-eabi/current/bin/../lib/gcc/arm-none-eabi/13.2.1/thumb/v7e-m+fp/hard\libc_nano.a(libc_a-setvbuf.o) (_free_r)
[...]
Memory Configuration

Name             Origin             Length             Attributes
RAM              0x20000000         0x00020000         xrw
CCMRAM           0x10000000         0x00010000         xrw
FLASH            0x08000000         0x00080000         xr
*default*        0x00000000         0xffffffff

Linker script and memory map

LOAD E:/Software/Scoop/apps/gcc-arm-none-eabi/current/bin/../lib/gcc/arm-none-eabi/13.2.1/thumb/v7e-m+fp/hard/crti.o
LOAD E:/Software/Scoop/apps/gcc-arm-none-eabi/current/bin/../lib/gcc/arm-none-eabi/13.2.1/thumb/v7e-m+fp/hard/crtbegin.o
LOAD E:/Software/Scoop/apps/gcc-arm-none-eabi/current/bin/../lib/gcc/arm-none-eabi/13.2.1/thumb/v7e-m+fp/hard/crt0.o
START GROUP
END GROUP
START GROUP
LOAD E:/Software/Scoop/apps/gcc-arm-none-eabi/current/bin/../lib/gcc/arm-none-eabi/13.2.1/thumb/v7e-m+fp/hard\libstdc++_nano.a
LOAD E:/Software/Scoop/apps/gcc-arm-none-eabi/current/bin/../lib/gcc/arm-none-eabi/13.2.1/thumb/v7e-m+fp/hard\libsupc++_nano.a
END GROUP
LOAD CMakeFiles/STM32_Warehouse.dir/UserApp/Utils/retarget.c.obj
LOAD CMakeFiles/STM32_Warehouse.dir/UserApp/main.cpp.obj
LOAD CMakeFiles/STM32_Warehouse.dir/Core/Src/main.c.obj
LOAD CMakeFiles/STM32_Warehouse.dir/Core/Src/gpio.c.obj
LOAD CMakeFiles/STM32_Warehouse.dir/Core/Src/freertos.c.obj
LOAD CMakeFiles/STM32_Warehouse.dir/Core/Src/usart.c.obj
LOAD CMakeFiles/STM32_Warehouse.dir/Core/Src/stm32f4xx_it.c.obj
LOAD CMakeFiles/STM32_Warehouse.dir/Core/Src/stm32f4xx_hal_msp.c.obj
LOAD CMakeFiles/STM32_Warehouse.dir/Core/Src/stm32f4xx_hal_timebase_tim.c.obj
LOAD CMakeFiles/STM32_Warehouse.dir/Drivers/STM32F4xx_HAL_Driver/Src/stm32f4xx_hal_rcc.c.obj
LOAD CMakeFiles/STM32_Warehouse.dir/Drivers/STM32F4xx_HAL_Driver/Src/stm32f4xx_hal_rcc_ex.c.obj
LOAD CMakeFiles/STM32_Warehouse.dir/Drivers/STM32F4xx_HAL_Driver/Src/stm32f4xx_hal_flash.c.obj
LOAD CMakeFiles/STM32_Warehouse.dir/Drivers/STM32F4xx_HAL_Driver/Src/stm32f4xx_hal_flash_ex.c.obj
LOAD CMakeFiles/STM32_Warehouse.dir/Drivers/STM32F4xx_HAL_Driver/Src/stm32f4xx_hal_flash_ramfunc.c.obj
LOAD CMakeFiles/STM32_Warehouse.dir/Drivers/STM32F4xx_HAL_Driver/Src/stm32f4xx_hal_gpio.c.obj
LOAD CMakeFiles/STM32_Warehouse.dir/Drivers/STM32F4xx_HAL_Driver/Src/stm32f4xx_hal_dma_ex.c.obj
LOAD CMakeFiles/STM32_Warehouse.dir/Drivers/STM32F4xx_HAL_Driver/Src/stm32f4xx_hal_dma.c.obj
LOAD CMakeFiles/STM32_Warehouse.dir/Drivers/STM32F4xx_HAL_Driver/Src/stm32f4xx_hal_pwr.c.obj
LOAD CMakeFiles/STM32_Warehouse.dir/Drivers/STM32F4xx_HAL_Driver/Src/stm32f4xx_hal_pwr_ex.c.obj
LOAD CMakeFiles/STM32_Warehouse.dir/Drivers/STM32F4xx_HAL_Driver/Src/stm32f4xx_hal_cortex.c.obj
LOAD CMakeFiles/STM32_Warehouse.dir/Drivers/STM32F4xx_HAL_Driver/Src/stm32f4xx_hal.c.obj
LOAD CMakeFiles/STM32_Warehouse.dir/Drivers/STM32F4xx_HAL_Driver/Src/stm32f4xx_hal_exti.c.obj
LOAD CMakeFiles/STM32_Warehouse.dir/Drivers/STM32F4xx_HAL_Driver/Src/stm32f4xx_hal_tim.c.obj
LOAD CMakeFiles/STM32_Warehouse.dir/Drivers/STM32F4xx_HAL_Driver/Src/stm32f4xx_hal_tim_ex.c.obj
LOAD CMakeFiles/STM32_Warehouse.dir/Drivers/STM32F4xx_HAL_Driver/Src/stm32f4xx_hal_uart.c.obj
LOAD CMakeFiles/STM32_Warehouse.dir/Core/Src/system_stm32f4xx.c.obj
LOAD CMakeFiles/STM32_Warehouse.dir/Middlewares/Third_Party/FreeRTOS/Source/croutine.c.obj
LOAD CMakeFiles/STM32_Warehouse.dir/Middlewares/Third_Party/FreeRTOS/Source/event_groups.c.obj
LOAD CMakeFiles/STM32_Warehouse.dir/Middlewares/Third_Party/FreeRTOS/Source/list.c.obj
LOAD CMakeFiles/STM32_Warehouse.dir/Middlewares/Third_Party/FreeRTOS/Source/queue.c.obj
LOAD CMakeFiles/STM32_Warehouse.dir/Middlewares/Third_Party/FreeRTOS/Source/stream_buffer.c.obj
LOAD CMakeFiles/STM32_Warehouse.dir/Middlewares/Third_Party/FreeRTOS/Source/tasks.c.obj
LOAD CMakeFiles/STM32_Warehouse.dir/Middlewares/Third_Party/FreeRTOS/Source/timers.c.obj
LOAD CMakeFiles/STM32_Warehouse.dir/Middlewares/Third_Party/FreeRTOS/Source/CMSIS_RTOS/cmsis_os.c.obj
LOAD CMakeFiles/STM32_Warehouse.dir/Middlewares/Third_Party/FreeRTOS/Source/portable/MemMang/heap_4.c.obj
LOAD CMakeFiles/STM32_Warehouse.dir/Middlewares/Third_Party/FreeRTOS/Source/portable/GCC/ARM_CM4F/port.c.obj
LOAD CMakeFiles/STM32_Warehouse.dir/Core/Src/sysmem.c.obj
LOAD CMakeFiles/STM32_Warehouse.dir/Core/Src/syscalls.c.obj
LOAD CMakeFiles/STM32_Warehouse.dir/startup_stm32f407xx.s.obj
LOAD E:/Software/Scoop/apps/gcc-arm-none-eabi/current/bin/../lib/gcc/arm-none-eabi/13.2.1/thumb/v7e-m+fp/hard\libstdc++_nano.a
LOAD E:/Software/Scoop/apps/gcc-arm-none-eabi/current/bin/../lib/gcc/arm-none-eabi/13.2.1/thumb/v7e-m+fp/hard\libm.a
LOAD E:/Software/Scoop/apps/gcc-arm-none-eabi/current/bin/../lib/gcc/arm-none-eabi/13.2.1/thumb/v7e-m+fp/hard\libc_nano.a
START GROUP
LOAD E:/Software/Scoop/apps/gcc-arm-none-eabi/current/bin/../lib/gcc/arm-none-eabi/13.2.1/thumb/v7e-m+fp/hard\libgcc.a
LOAD E:/Software/Scoop/apps/gcc-arm-none-eabi/current/bin/../lib/gcc/arm-none-eabi/13.2.1/thumb/v7e-m+fp/hard\libg_nano.a
LOAD E:/Software/Scoop/apps/gcc-arm-none-eabi/current/bin/../lib/gcc/arm-none-eabi/13.2.1/thumb/v7e-m+fp/hard\libc_nano.a
END GROUP
START GROUP
LOAD E:/Software/Scoop/apps/gcc-arm-none-eabi/current/bin/../lib/gcc/arm-none-eabi/13.2.1/thumb/v7e-m+fp/hard\libgcc.a
LOAD E:/Software/Scoop/apps/gcc-arm-none-eabi/current/bin/../lib/gcc/arm-none-eabi/13.2.1/thumb/v7e-m+fp/hard\libc_nano.a
END GROUP
LOAD E:/Software/Scoop/apps/gcc-arm-none-eabi/current/bin/../lib/gcc/arm-none-eabi/13.2.1/thumb/v7e-m+fp/hard/crtend.o
LOAD E:/Software/Scoop/apps/gcc-arm-none-eabi/current/bin/../lib/gcc/arm-none-eabi/13.2.1/thumb/v7e-m+fp/hard/crtn.o
                0x20020000                        _estack = (ORIGIN (RAM) + LENGTH (RAM))
                0x00001000                        _Min_Heap_Size = 0x1000
                0x00001000                        _Min_Stack_Size = 0x1000

.isr_vector     0x08000000      0x188
                0x08000000                        . = ALIGN (0x4)
 *(.isr_vector)
 .isr_vector    0x08000000      0x188 CMakeFiles/STM32_Warehouse.dir/startup_stm32f407xx.s.obj
                0x08000000                g_pfnVectors
                0x08000188                        . = ALIGN (0x4)

.text           0x08000190     0x4e1c
                0x08000190                        . = ALIGN (0x4)
 *(.text)
 .text          0x08000190       0x30 E:/Software/Scoop/apps/gcc-arm-none-eabi/current/bin/../lib/gcc/arm-none-eabi/13.2.1/thumb/v7e-m+fp/hard\libgcc.a(_aeabi_uldivmod.o)
                0x08000190                __aeabi_uldivmod
 .text          0x080001c0        0x4 E:/Software/Scoop/apps/gcc-arm-none-eabi/current/bin/../lib/gcc/arm-none-eabi/13.2.1/thumb/v7e-m+fp/hard\libgcc.a(_dvmd_tls.o)
                0x080001c0                __aeabi_idiv0
                0x080001c0                __aeabi_ldiv0
 *(.text*)
 .text.deregister_tm_clones
                0x080001c4       0x1c E:/Software/Scoop/apps/gcc-arm-none-eabi/current/bin/../lib/gcc/arm-none-eabi/13.2.1/thumb/v7e-m+fp/hard/crtbegin.o
 .text.register_tm_clones
                0x080001e0       0x24 E:/Software/Scoop/apps/gcc-arm-none-eabi/current/bin/../lib/gcc/arm-none-eabi/13.2.1/thumb/v7e-m+fp/hard/crtbegin.o
 .text.__do_global_dtors_aux
                0x08000204       0x28 E:/Software/Scoop/apps/gcc-arm-none-eabi/current/bin/../lib/gcc/arm-none-eabi/13.2.1/thumb/v7e-m+fp/hard/crtbegin.o
 .text.frame_dummy
                0x0800022c       0x24 E:/Software/Scoop/apps/gcc-arm-none-eabi/current/bin/../lib/gcc/arm-none-eabi/13.2.1/thumb/v7e-m+fp/hard/crtbegin.o
 .text.RetargetInit
                0x08000250       0x30 CMakeFiles/STM32_Warehouse.dir/UserApp/Utils/retarget.c.obj
                0x08000250                RetargetInit
 .text._write   0x08000280       0x40 CMakeFiles/STM32_Warehouse.dir/UserApp/Utils/retarget.c.obj
                0x08000280                _write
 .text.Main     0x080002c0       0x1a CMakeFiles/STM32_Warehouse.dir/UserApp/main.cpp.obj
                0x080002c0                Main
 .text.main     0x080002da       0x2c CMakeFiles/STM32_Warehouse.dir/Core/Src/main.c.obj
                0x080002da                main
 *fill*         0x08000306        0x2 
 .text.SystemClock_Config
                0x08000308       0xd4 CMakeFiles/STM32_Warehouse.dir/Core/Src/main.c.obj
                0x08000308                SystemClock_Config
 .text.HAL_TIM_PeriodElapsedCallback
                0x080003dc       0x24 CMakeFiles/STM32_Warehouse.dir/Core/Src/main.c.obj
                0x080003dc                HAL_TIM_PeriodElapsedCallback
 .text.Error_Handler
                0x08000400        0xc CMakeFiles/STM32_Warehouse.dir/Core/Src/main.c.obj
                0x08000400                Error_Handler
 .text.MX_GPIO_Init
                0x0800040c       0x88 CMakeFiles/STM32_Warehouse.dir/Core/Src/gpio.c.obj
                0x0800040c                MX_GPIO_Init
 .text.vApplicationGetIdleTaskMemory
                0x08000494       0x34 CMakeFiles/STM32_Warehouse.dir/Core/Src/freertos.c.obj
                0x08000494                vApplicationGetIdleTaskMemory
 .text.MX_FREERTOS_Init
                0x080004c8       0x38 CMakeFiles/STM32_Warehouse.dir/Core/Src/freertos.c.obj
                0x080004c8                MX_FREERTOS_Init
 .text.StartDefaultTask
                0x08000500       0x14 CMakeFiles/STM32_Warehouse.dir/Core/Src/freertos.c.obj
                0x08000500                StartDefaultTask
 .text.MX_USART1_UART_Init
                0x08000514       0x58 CMakeFiles/STM32_Warehouse.dir/Core/Src/usart.c.obj
                0x08000514                MX_USART1_UART_Init
 .text.MX_USART2_UART_Init
                0x0800056c       0x54 CMakeFiles/STM32_Warehouse.dir/Core/Src/usart.c.obj
                0x0800056c                MX_USART2_UART_Init
 .text.MX_USART3_UART_Init
                0x080005c0       0x54 CMakeFiles/STM32_Warehouse.dir/Core/Src/usart.c.obj
                0x080005c0                MX_USART3_UART_Init
 .text.MX_USART6_UART_Init
                0x08000614       0x54 CMakeFiles/STM32_Warehouse.dir/Core/Src/usart.c.obj
                0x08000614                MX_USART6_UART_Init
 .text.HAL_UART_MspInit
                0x08000668      0x214 CMakeFiles/STM32_Warehouse.dir/Core/Src/usart.c.obj
                0x08000668                HAL_UART_MspInit
 .text.NMI_Handler
                0x0800087c        0x8 CMakeFiles/STM32_Warehouse.dir/Core/Src/stm32f4xx_it.c.obj
                0x0800087c                NMI_Handler
 .text.HardFault_Handler
                0x08000884        0x8 CMakeFiles/STM32_Warehouse.dir/Core/Src/stm32f4xx_it.c.obj
                0x08000884                HardFault_Handler
 .text.MemManage_Handler
                0x0800088c        0x8 CMakeFiles/STM32_Warehouse.dir/Core/Src/stm32f4xx_it.c.obj
                0x0800088c                MemManage_Handler
 .text.BusFault_Handler
                0x08000894        0x8 CMakeFiles/STM32_Warehouse.dir/Core/Src/stm32f4xx_it.c.obj
                0x08000894                BusFault_Handler
 .text.UsageFault_Handler
                0x0800089c        0x8 CMakeFiles/STM32_Warehouse.dir/Core/Src/stm32f4xx_it.c.obj
                0x0800089c                UsageFault_Handler
 .text.DebugMon_Handler
                0x080008a4        0xe CMakeFiles/STM32_Warehouse.dir/Core/Src/stm32f4xx_it.c.obj
                0x080008a4                DebugMon_Handler
 *fill*         0x080008b2        0x2 
 .text.TIM1_UP_TIM10_IRQHandler
                0x080008b4       0x14 CMakeFiles/STM32_Warehouse.dir/Core/Src/stm32f4xx_it.c.obj
                0x080008b4                TIM1_UP_TIM10_IRQHandler
 .text.USART1_IRQHandler
                0x080008c8       0x14 CMakeFiles/STM32_Warehouse.dir/Core/Src/stm32f4xx_it.c.obj
                0x080008c8                USART1_IRQHandler
 .text.USART2_IRQHandler
                0x080008dc       0x14 CMakeFiles/STM32_Warehouse.dir/Core/Src/stm32f4xx_it.c.obj
                0x080008dc                USART2_IRQHandler
 .text.USART3_IRQHandler
                0x080008f0       0x14 CMakeFiles/STM32_Warehouse.dir/Core/Src/stm32f4xx_it.c.obj
                0x080008f0                USART3_IRQHandler
 .text.USART6_IRQHandler
                0x08000904       0x14 CMakeFiles/STM32_Warehouse.dir/Core/Src/stm32f4xx_it.c.obj
                0x08000904                USART6_IRQHandler
 .text.HAL_MspInit
                0x08000918       0x58 CMakeFiles/STM32_Warehouse.dir/Core/Src/stm32f4xx_hal_msp.c.obj
                0x08000918                HAL_MspInit
 .text.HAL_InitTick
                0x08000970       0xe8 CMakeFiles/STM32_Warehouse.dir/Core/Src/stm32f4xx_hal_timebase_tim.c.obj
                0x08000970                HAL_InitTick
 .text.HAL_RCC_OscConfig
                0x08000a58      0x4f0 CMakeFiles/STM32_Warehouse.dir/Drivers/STM32F4xx_HAL_Driver/Src/stm32f4xx_hal_rcc.c.obj
                0x08000a58                HAL_RCC_OscConfig
 .text.HAL_RCC_ClockConfig
                0x08000f48      0x1cc CMakeFiles/STM32_Warehouse.dir/Drivers/STM32F4xx_HAL_Driver/Src/stm32f4xx_hal_rcc.c.obj
                0x08000f48                HAL_RCC_ClockConfig
 .text.HAL_RCC_GetSysClockFreq
                0x08001114      0x20c CMakeFiles/STM32_Warehouse.dir/Drivers/STM32F4xx_HAL_Driver/Src/stm32f4xx_hal_rcc.c.obj
                0x08001114                HAL_RCC_GetSysClockFreq
 .text.HAL_RCC_GetHCLKFreq
                0x08001320       0x18 CMakeFiles/STM32_Warehouse.dir/Drivers/STM32F4xx_HAL_Driver/Src/stm32f4xx_hal_rcc.c.obj
                0x08001320                HAL_RCC_GetHCLKFreq
 .text.HAL_RCC_GetPCLK1Freq
                0x08001338       0x28 CMakeFiles/STM32_Warehouse.dir/Drivers/STM32F4xx_HAL_Driver/Src/stm32f4xx_hal_rcc.c.obj
                0x08001338                HAL_RCC_GetPCLK1Freq
 .text.HAL_RCC_GetPCLK2Freq
                0x08001360       0x28 CMakeFiles/STM32_Warehouse.dir/Drivers/STM32F4xx_HAL_Driver/Src/stm32f4xx_hal_rcc.c.obj
                0x08001360                HAL_RCC_GetPCLK2Freq
 .text.HAL_RCC_GetClockConfig
                0x08001388       0x64 CMakeFiles/STM32_Warehouse.dir/Drivers/STM32F4xx_HAL_Driver/Src/stm32f4xx_hal_rcc.c.obj
                0x08001388                HAL_RCC_GetClockConfig
 .text.HAL_GPIO_Init
                0x080013ec      0x338 CMakeFiles/STM32_Warehouse.dir/Drivers/STM32F4xx_HAL_Driver/Src/stm32f4xx_hal_gpio.c.obj
                0x080013ec                HAL_GPIO_Init
 .text.HAL_DMA_Abort
                0x08001724       0xe0 CMakeFiles/STM32_Warehouse.dir/Drivers/STM32F4xx_HAL_Driver/Src/stm32f4xx_hal_dma.c.obj
                0x08001724                HAL_DMA_Abort
 .text.HAL_DMA_Abort_IT
                0x08001804       0x44 CMakeFiles/STM32_Warehouse.dir/Drivers/STM32F4xx_HAL_Driver/Src/stm32f4xx_hal_dma.c.obj
                0x08001804                HAL_DMA_Abort_IT
 .text.__NVIC_SetPriorityGrouping
                0x08001848       0x48 CMakeFiles/STM32_Warehouse.dir/Drivers/STM32F4xx_HAL_Driver/Src/stm32f4xx_hal_cortex.c.obj
 .text.__NVIC_GetPriorityGrouping
                0x08001890       0x1c CMakeFiles/STM32_Warehouse.dir/Drivers/STM32F4xx_HAL_Driver/Src/stm32f4xx_hal_cortex.c.obj
 .text.__NVIC_EnableIRQ
                0x080018ac       0x3c CMakeFiles/STM32_Warehouse.dir/Drivers/STM32F4xx_HAL_Driver/Src/stm32f4xx_hal_cortex.c.obj
 .text.__NVIC_SetPriority
                0x080018e8       0x54 CMakeFiles/STM32_Warehouse.dir/Drivers/STM32F4xx_HAL_Driver/Src/stm32f4xx_hal_cortex.c.obj
 .text.NVIC_EncodePriority
                0x0800193c       0x66 CMakeFiles/STM32_Warehouse.dir/Drivers/STM32F4xx_HAL_Driver/Src/stm32f4xx_hal_cortex.c.obj
 .text.HAL_NVIC_SetPriorityGrouping
                0x080019a2       0x16 CMakeFiles/STM32_Warehouse.dir/Drivers/STM32F4xx_HAL_Driver/Src/stm32f4xx_hal_cortex.c.obj
                0x080019a2                HAL_NVIC_SetPriorityGrouping
 .text.HAL_NVIC_SetPriority
                0x080019b8       0x38 CMakeFiles/STM32_Warehouse.dir/Drivers/STM32F4xx_HAL_Driver/Src/stm32f4xx_hal_cortex.c.obj
                0x080019b8                HAL_NVIC_SetPriority
 .text.HAL_NVIC_EnableIRQ
                0x080019f0       0x1c CMakeFiles/STM32_Warehouse.dir/Drivers/STM32F4xx_HAL_Driver/Src/stm32f4xx_hal_cortex.c.obj
                0x080019f0                HAL_NVIC_EnableIRQ
 .text.HAL_Init
                0x08001a0c       0x44 CMakeFiles/STM32_Warehouse.dir/Drivers/STM32F4xx_HAL_Driver/Src/stm32f4xx_hal.c.obj
                0x08001a0c                HAL_Init
 .text.HAL_IncTick
                0x08001a50       0x28 CMakeFiles/STM32_Warehouse.dir/Drivers/STM32F4xx_HAL_Driver/Src/stm32f4xx_hal.c.obj
                0x08001a50                HAL_IncTick
 .text.HAL_GetTick
                0x08001a78       0x18 CMakeFiles/STM32_Warehouse.dir/Drivers/STM32F4xx_HAL_Driver/Src/stm32f4xx_hal.c.obj
                0x08001a78                HAL_GetTick
 .text.HAL_Delay
                0x08001a90       0x48 CMakeFiles/STM32_Warehouse.dir/Drivers/STM32F4xx_HAL_Driver/Src/stm32f4xx_hal.c.obj
                0x08001a90                HAL_Delay
 .text.HAL_TIM_Base_Init
                0x08001ad8       0x9e CMakeFiles/STM32_Warehouse.dir/Drivers/STM32F4xx_HAL_Driver/Src/stm32f4xx_hal_tim.c.obj
                0x08001ad8                HAL_TIM_Base_Init
 .text.HAL_TIM_Base_MspInit
                0x08001b76       0x14 CMakeFiles/STM32_Warehouse.dir/Drivers/STM32F4xx_HAL_Driver/Src/stm32f4xx_hal_tim.c.obj
                0x08001b76                HAL_TIM_Base_MspInit
 *fill*         0x08001b8a        0x2 
 .text.HAL_TIM_Base_Start_IT
                0x08001b8c       0xe0 CMakeFiles/STM32_Warehouse.dir/Drivers/STM32F4xx_HAL_Driver/Src/stm32f4xx_hal_tim.c.obj
                0x08001b8c                HAL_TIM_Base_Start_IT
 .text.HAL_TIM_IRQHandler
                0x08001c6c      0x1e0 CMakeFiles/STM32_Warehouse.dir/Drivers/STM32F4xx_HAL_Driver/Src/stm32f4xx_hal_tim.c.obj
                0x08001c6c                HAL_TIM_IRQHandler
 .text.HAL_TIM_OC_DelayElapsedCallback
                0x08001e4c       0x14 CMakeFiles/STM32_Warehouse.dir/Drivers/STM32F4xx_HAL_Driver/Src/stm32f4xx_hal_tim.c.obj
                0x08001e4c                HAL_TIM_OC_DelayElapsedCallback
 .text.HAL_TIM_IC_CaptureCallback
                0x08001e60       0x14 CMakeFiles/STM32_Warehouse.dir/Drivers/STM32F4xx_HAL_Driver/Src/stm32f4xx_hal_tim.c.obj
                0x08001e60                HAL_TIM_IC_CaptureCallback
 .text.HAL_TIM_PWM_PulseFinishedCallback
                0x08001e74       0x14 CMakeFiles/STM32_Warehouse.dir/Drivers/STM32F4xx_HAL_Driver/Src/stm32f4xx_hal_tim.c.obj
                0x08001e74                HAL_TIM_PWM_PulseFinishedCallback
 .text.HAL_TIM_TriggerCallback
                0x08001e88       0x14 CMakeFiles/STM32_Warehouse.dir/Drivers/STM32F4xx_HAL_Driver/Src/stm32f4xx_hal_tim.c.obj
                0x08001e88                HAL_TIM_TriggerCallback
 .text.TIM_Base_SetConfig
                0x08001e9c      0x158 CMakeFiles/STM32_Warehouse.dir/Drivers/STM32F4xx_HAL_Driver/Src/stm32f4xx_hal_tim.c.obj
                0x08001e9c                TIM_Base_SetConfig
 .text.HAL_TIMEx_CommutCallback
                0x08001ff4       0x14 CMakeFiles/STM32_Warehouse.dir/Drivers/STM32F4xx_HAL_Driver/Src/stm32f4xx_hal_tim_ex.c.obj
                0x08001ff4                HAL_TIMEx_CommutCallback
 .text.HAL_TIMEx_BreakCallback
                0x08002008       0x14 CMakeFiles/STM32_Warehouse.dir/Drivers/STM32F4xx_HAL_Driver/Src/stm32f4xx_hal_tim_ex.c.obj
                0x08002008                HAL_TIMEx_BreakCallback
 .text.HAL_UART_Init
                0x0800201c       0xa0 CMakeFiles/STM32_Warehouse.dir/Drivers/STM32F4xx_HAL_Driver/Src/stm32f4xx_hal_uart.c.obj
                0x0800201c                HAL_UART_Init
 .text.HAL_UART_Transmit
                0x080020bc      0x116 CMakeFiles/STM32_Warehouse.dir/Drivers/STM32F4xx_HAL_Driver/Src/stm32f4xx_hal_uart.c.obj
                0x080020bc                HAL_UART_Transmit
 *fill*         0x080021d2        0x2 
 .text.HAL_UART_IRQHandler
                0x080021d4      0x524 CMakeFiles/STM32_Warehouse.dir/Drivers/STM32F4xx_HAL_Driver/Src/stm32f4xx_hal_uart.c.obj
                0x080021d4                HAL_UART_IRQHandler
 .text.HAL_UART_TxCpltCallback
                0x080026f8       0x14 CMakeFiles/STM32_Warehouse.dir/Drivers/STM32F4xx_HAL_Driver/Src/stm32f4xx_hal_uart.c.obj
                0x080026f8                HAL_UART_TxCpltCallback
 .text.HAL_UART_RxCpltCallback
                0x0800270c       0x14 CMakeFiles/STM32_Warehouse.dir/Drivers/STM32F4xx_HAL_Driver/Src/stm32f4xx_hal_uart.c.obj
                0x0800270c                HAL_UART_RxCpltCallback
 .text.HAL_UART_ErrorCallback
                0x08002720       0x14 CMakeFiles/STM32_Warehouse.dir/Drivers/STM32F4xx_HAL_Driver/Src/stm32f4xx_hal_uart.c.obj
                0x08002720                HAL_UART_ErrorCallback
 .text.HAL_UARTEx_RxEventCallback
                0x08002734       0x18 CMakeFiles/STM32_Warehouse.dir/Drivers/STM32F4xx_HAL_Driver/Src/stm32f4xx_hal_uart.c.obj
                0x08002734                HAL_UARTEx_RxEventCallback
 .text.UART_WaitOnFlagUntilTimeout
                0x0800274c       0xb2 CMakeFiles/STM32_Warehouse.dir/Drivers/STM32F4xx_HAL_Driver/Src/stm32f4xx_hal_uart.c.obj
 .text.UART_EndRxTransfer
                0x080027fe       0xc6 CMakeFiles/STM32_Warehouse.dir/Drivers/STM32F4xx_HAL_Driver/Src/stm32f4xx_hal_uart.c.obj
 .text.UART_DMAAbortOnError
                0x080028c4       0x28 CMakeFiles/STM32_Warehouse.dir/Drivers/STM32F4xx_HAL_Driver/Src/stm32f4xx_hal_uart.c.obj
 .text.UART_Transmit_IT
                0x080028ec       0xa0 CMakeFiles/STM32_Warehouse.dir/Drivers/STM32F4xx_HAL_Driver/Src/stm32f4xx_hal_uart.c.obj
 .text.UART_EndTransmit_IT
                0x0800298c       0x30 CMakeFiles/STM32_Warehouse.dir/Drivers/STM32F4xx_HAL_Driver/Src/stm32f4xx_hal_uart.c.obj
 .text.UART_Receive_IT
                0x080029bc      0x17c CMakeFiles/STM32_Warehouse.dir/Drivers/STM32F4xx_HAL_Driver/Src/stm32f4xx_hal_uart.c.obj
 .text.UART_SetConfig
                0x08002b38      0x4e8 CMakeFiles/STM32_Warehouse.dir/Drivers/STM32F4xx_HAL_Driver/Src/stm32f4xx_hal_uart.c.obj
 .text.SystemInit
                0x08003020       0x24 CMakeFiles/STM32_Warehouse.dir/Core/Src/system_stm32f4xx.c.obj
                0x08003020                SystemInit
 .text.vListInitialise
                0x08003044       0x40 CMakeFiles/STM32_Warehouse.dir/Middlewares/Third_Party/FreeRTOS/Source/list.c.obj
                0x08003044                vListInitialise
 .text.vListInitialiseItem
                0x08003084       0x1a CMakeFiles/STM32_Warehouse.dir/Middlewares/Third_Party/FreeRTOS/Source/list.c.obj
                0x08003084                vListInitialiseItem
 .text.vListInsertEnd
                0x0800309e       0x48 CMakeFiles/STM32_Warehouse.dir/Middlewares/Third_Party/FreeRTOS/Source/list.c.obj
                0x0800309e                vListInsertEnd
 .text.uxListRemove
                0x080030e6       0x54 CMakeFiles/STM32_Warehouse.dir/Middlewares/Third_Party/FreeRTOS/Source/list.c.obj
                0x080030e6                uxListRemove
 .text.xTaskCreateStatic
                0x0800313a       0xc0 CMakeFiles/STM32_Warehouse.dir/Middlewares/Third_Party/FreeRTOS/Source/tasks.c.obj
                0x0800313a                xTaskCreateStatic
 .text.xTaskCreate
                0x080031fa       0x8a CMakeFiles/STM32_Warehouse.dir/Middlewares/Third_Party/FreeRTOS/Source/tasks.c.obj
                0x080031fa                xTaskCreate
 .text.prvInitialiseNewTask
                0x08003284      0x110 CMakeFiles/STM32_Warehouse.dir/Middlewares/Third_Party/FreeRTOS/Source/tasks.c.obj
 .text.prvAddNewTaskToReadyList
                0x08003394       0xd4 CMakeFiles/STM32_Warehouse.dir/Middlewares/Third_Party/FreeRTOS/Source/tasks.c.obj
 .text.vTaskStartScheduler
                0x08003468       0xc4 CMakeFiles/STM32_Warehouse.dir/Middlewares/Third_Party/FreeRTOS/Source/tasks.c.obj
                0x08003468                vTaskStartScheduler
 .text.vTaskSuspendAll
                0x0800352c       0x1c CMakeFiles/STM32_Warehouse.dir/Middlewares/Third_Party/FreeRTOS/Source/tasks.c.obj
                0x0800352c                vTaskSuspendAll
 .text.xTaskResumeAll
                0x08003548      0x13c CMakeFiles/STM32_Warehouse.dir/Middlewares/Third_Party/FreeRTOS/Source/tasks.c.obj
                0x08003548                xTaskResumeAll
 .text.xTaskIncrementTick
                0x08003684      0x174 CMakeFiles/STM32_Warehouse.dir/Middlewares/Third_Party/FreeRTOS/Source/tasks.c.obj
                0x08003684                xTaskIncrementTick
 .text.vTaskSwitchContext
                0x080037f8       0xb8 CMakeFiles/STM32_Warehouse.dir/Middlewares/Third_Party/FreeRTOS/Source/tasks.c.obj
                0x080037f8                vTaskSwitchContext
 .text.prvIdleTask
                0x080038b0       0x30 CMakeFiles/STM32_Warehouse.dir/Middlewares/Third_Party/FreeRTOS/Source/tasks.c.obj
 .text.prvInitialiseTaskLists
                0x080038e0       0x80 CMakeFiles/STM32_Warehouse.dir/Middlewares/Third_Party/FreeRTOS/Source/tasks.c.obj
 .text.prvCheckTasksWaitingTermination
                0x08003960       0x5c CMakeFiles/STM32_Warehouse.dir/Middlewares/Third_Party/FreeRTOS/Source/tasks.c.obj
 .text.prvDeleteTCB
                0x080039bc       0x60 CMakeFiles/STM32_Warehouse.dir/Middlewares/Third_Party/FreeRTOS/Source/tasks.c.obj
 .text.prvResetNextTaskUnblockTime
                0x08003a1c       0x40 CMakeFiles/STM32_Warehouse.dir/Middlewares/Third_Party/FreeRTOS/Source/tasks.c.obj
 .text.makeFreeRtosPriority
                0x08003a5c       0x30 CMakeFiles/STM32_Warehouse.dir/Middlewares/Third_Party/FreeRTOS/Source/CMSIS_RTOS/cmsis_os.c.obj
 .text.osKernelStart
                0x08003a8c        0xe CMakeFiles/STM32_Warehouse.dir/Middlewares/Third_Party/FreeRTOS/Source/CMSIS_RTOS/cmsis_os.c.obj
                0x08003a8c                osKernelStart
 .text.osThreadCreate
                0x08003a9a       0x98 CMakeFiles/STM32_Warehouse.dir/Middlewares/Third_Party/FreeRTOS/Source/CMSIS_RTOS/cmsis_os.c.obj
                0x08003a9a                osThreadCreate
 *fill*         0x08003b32        0x2 
 .text.pvPortMalloc
                0x08003b34      0x19c CMakeFiles/STM32_Warehouse.dir/Middlewares/Third_Party/FreeRTOS/Source/portable/MemMang/heap_4.c.obj
                0x08003b34                pvPortMalloc
 .text.vPortFree
                0x08003cd0       0xc8 CMakeFiles/STM32_Warehouse.dir/Middlewares/Third_Party/FreeRTOS/Source/portable/MemMang/heap_4.c.obj
                0x08003cd0                vPortFree
 .text.prvHeapInit
                0x08003d98       0xc4 CMakeFiles/STM32_Warehouse.dir/Middlewares/Third_Party/FreeRTOS/Source/portable/MemMang/heap_4.c.obj
 .text.prvInsertBlockIntoFreeList
                0x08003e5c       0xb4 CMakeFiles/STM32_Warehouse.dir/Middlewares/Third_Party/FreeRTOS/Source/portable/MemMang/heap_4.c.obj
 .text.pxPortInitialiseStack
                0x08003f10       0x68 CMakeFiles/STM32_Warehouse.dir/Middlewares/Third_Party/FreeRTOS/Source/portable/GCC/ARM_CM4F/port.c.obj
                0x08003f10                pxPortInitialiseStack
 .text.prvTaskExitError
                0x08003f78       0x5c CMakeFiles/STM32_Warehouse.dir/Middlewares/Third_Party/FreeRTOS/Source/portable/GCC/ARM_CM4F/port.c.obj
 *fill*         0x08003fd4        0xc 
 .text.SVC_Handler
                0x08003fe0       0x28 CMakeFiles/STM32_Warehouse.dir/Middlewares/Third_Party/FreeRTOS/Source/portable/GCC/ARM_CM4F/port.c.obj
                0x08003fe0                SVC_Handler
 .text.prvPortStartFirstTask
                0x08004008       0x28 CMakeFiles/STM32_Warehouse.dir/Middlewares/Third_Party/FreeRTOS/Source/portable/GCC/ARM_CM4F/port.c.obj
 .text.xPortStartScheduler
                0x08004030      0x148 CMakeFiles/STM32_Warehouse.dir/Middlewares/Third_Party/FreeRTOS/Source/portable/GCC/ARM_CM4F/port.c.obj
                0x08004030                xPortStartScheduler
 .text.vPortEnterCritical
                0x08004178       0x64 CMakeFiles/STM32_Warehouse.dir/Middlewares/Third_Party/FreeRTOS/Source/portable/GCC/ARM_CM4F/port.c.obj
                0x08004178                vPortEnterCritical
 .text.vPortExitCritical
                0x080041dc       0x54 CMakeFiles/STM32_Warehouse.dir/Middlewares/Third_Party/FreeRTOS/Source/portable/GCC/ARM_CM4F/port.c.obj
                0x080041dc                vPortExitCritical
 .text.PendSV_Handler
                0x08004230       0x68 CMakeFiles/STM32_Warehouse.dir/Middlewares/Third_Party/FreeRTOS/Source/portable/GCC/ARM_CM4F/port.c.obj
                0x08004230                PendSV_Handler
 .text.SysTick_Handler
                0x08004298       0x44 CMakeFiles/STM32_Warehouse.dir/Middlewares/Third_Party/FreeRTOS/Source/portable/GCC/ARM_CM4F/port.c.obj
                0x08004298                SysTick_Handler
 .text.vPortSetupTimerInterrupt
                0x080042dc       0x48 CMakeFiles/STM32_Warehouse.dir/Middlewares/Third_Party/FreeRTOS/Source/portable/GCC/ARM_CM4F/port.c.obj
                0x080042dc                vPortSetupTimerInterrupt
 .text.vPortEnableVFP
                0x08004324       0x14 CMakeFiles/STM32_Warehouse.dir/Middlewares/Third_Party/FreeRTOS/Source/portable/GCC/ARM_CM4F/port.c.obj
 .text._sbrk    0x08004338       0x6c CMakeFiles/STM32_Warehouse.dir/Core/Src/sysmem.c.obj
                0x08004338                _sbrk
 .text._read    0x080043a4       0x3a CMakeFiles/STM32_Warehouse.dir/Core/Src/syscalls.c.obj
                0x080043a4                _read
 .text._close   0x080043de       0x18 CMakeFiles/STM32_Warehouse.dir/Core/Src/syscalls.c.obj
                0x080043de                _close
 .text._fstat   0x080043f6       0x20 CMakeFiles/STM32_Warehouse.dir/Core/Src/syscalls.c.obj
                0x080043f6                _fstat
 .text._lseek   0x08004416       0x1a CMakeFiles/STM32_Warehouse.dir/Core/Src/syscalls.c.obj
                0x08004416                _lseek
 .text.Reset_Handler
                0x08004430       0x50 CMakeFiles/STM32_Warehouse.dir/startup_stm32f407xx.s.obj
                0x08004430                Reset_Handler
 .text.Default_Handler
                0x08004480        0x2 CMakeFiles/STM32_Warehouse.dir/startup_stm32f407xx.s.obj
                0x08004480                RTC_Alarm_IRQHandler
                0x08004480                HASH_RNG_IRQHandler
                0x08004480                EXTI2_IRQHandler
                0x08004480                TIM8_CC_IRQHandler
                0x08004480                TIM1_CC_IRQHandler
                0x08004480                DMA2_Stream5_IRQHandler
                0x08004480                DMA1_Stream5_IRQHandler
                0x08004480                PVD_IRQHandler
                0x08004480                SDIO_IRQHandler
                0x08004480                TAMP_STAMP_IRQHandler
                0x08004480                CAN2_RX1_IRQHandler
                0x08004480                EXTI3_IRQHandler
                0x08004480                TIM8_TRG_COM_TIM14_IRQHandler
                0x08004480                TIM8_UP_TIM13_IRQHandler
                0x08004480                I2C3_ER_IRQHandler
                0x08004480                EXTI0_IRQHandler
                0x08004480                I2C2_EV_IRQHandler
                0x08004480                DMA1_Stream2_IRQHandler
                0x08004480                CAN1_RX0_IRQHandler
                0x08004480                FPU_IRQHandler
                0x08004480                OTG_HS_WKUP_IRQHandler
                0x08004480                CAN2_SCE_IRQHandler
                0x08004480                DMA2_Stream2_IRQHandler
                0x08004480                SPI1_IRQHandler
                0x08004480                TIM6_DAC_IRQHandler
                0x08004480                TIM1_BRK_TIM9_IRQHandler
                0x08004480                DCMI_IRQHandler
                0x08004480                CAN2_RX0_IRQHandler
                0x08004480                DMA2_Stream3_IRQHandler
                0x08004480                CAN1_RX1_IRQHandler
                0x08004480                UART5_IRQHandler
                0x08004480                DMA2_Stream0_IRQHandler
                0x08004480                TIM4_IRQHandler
                0x08004480                I2C1_EV_IRQHandler
                0x08004480                DMA1_Stream6_IRQHandler
                0x08004480                DMA1_Stream1_IRQHandler
                0x08004480                UART4_IRQHandler
                0x08004480                TIM3_IRQHandler
                0x08004480                RCC_IRQHandler
                0x08004480                TIM8_BRK_TIM12_IRQHandler
                0x08004480                Default_Handler
                0x08004480                EXTI15_10_IRQHandler
                0x08004480                ADC_IRQHandler
                0x08004480                DMA1_Stream7_IRQHandler
                0x08004480                TIM7_IRQHandler
                0x08004480                CAN2_TX_IRQHandler
                0x08004480                TIM5_IRQHandler
                0x08004480                DMA2_Stream7_IRQHandler
                0x08004480                I2C3_EV_IRQHandler
                0x08004480                EXTI9_5_IRQHandler
                0x08004480                RTC_WKUP_IRQHandler
                0x08004480                ETH_WKUP_IRQHandler
                0x08004480                SPI2_IRQHandler
                0x08004480                OTG_HS_EP1_IN_IRQHandler
                0x08004480                DMA1_Stream0_IRQHandler
                0x08004480                CAN1_TX_IRQHandler
                0x08004480                EXTI4_IRQHandler
                0x08004480                FSMC_IRQHandler
                0x08004480                ETH_IRQHandler
                0x08004480                OTG_HS_EP1_OUT_IRQHandler
                0x08004480                WWDG_IRQHandler
                0x08004480                TIM2_IRQHandler
                0x08004480                OTG_FS_WKUP_IRQHandler
                0x08004480                TIM1_TRG_COM_TIM11_IRQHandler
                0x08004480                OTG_HS_IRQHandler
                0x08004480                EXTI1_IRQHandler
                0x08004480                I2C2_ER_IRQHandler
                0x08004480                DMA2_Stream1_IRQHandler
                0x08004480                CAN1_SCE_IRQHandler
                0x08004480                FLASH_IRQHandler
                0x08004480                DMA2_Stream4_IRQHandler
                0x08004480                OTG_FS_IRQHandler
                0x08004480                SPI3_IRQHandler
                0x08004480                DMA1_Stream4_IRQHandler
                0x08004480                I2C1_ER_IRQHandler
                0x08004480                DMA2_Stream6_IRQHandler
                0x08004480                DMA1_Stream3_IRQHandler
 *fill*         0x08004482        0x2 
 .text.std      0x08004484       0x6c E:/Software/Scoop/apps/gcc-arm-none-eabi/current/bin/../lib/gcc/arm-none-eabi/13.2.1/thumb/v7e-m+fp/hard\libc_nano.a(libc_a-findfp.o)
 .text.stdio_exit_handler
                0x080044f0       0x18 E:/Software/Scoop/apps/gcc-arm-none-eabi/current/bin/../lib/gcc/arm-none-eabi/13.2.1/thumb/v7e-m+fp/hard\libc_nano.a(libc_a-findfp.o)
 .text.cleanup_stdio
                0x08004508       0x40 E:/Software/Scoop/apps/gcc-arm-none-eabi/current/bin/../lib/gcc/arm-none-eabi/13.2.1/thumb/v7e-m+fp/hard\libc_nano.a(libc_a-findfp.o)
 .text.global_stdio_init.part.0
                0x08004548       0x3c E:/Software/Scoop/apps/gcc-arm-none-eabi/current/bin/../lib/gcc/arm-none-eabi/13.2.1/thumb/v7e-m+fp/hard\libc_nano.a(libc_a-findfp.o)
 .text.__sfp_lock_acquire
                0x08004584        0xc E:/Software/Scoop/apps/gcc-arm-none-eabi/current/bin/../lib/gcc/arm-none-eabi/13.2.1/thumb/v7e-m+fp/hard\libc_nano.a(libc_a-findfp.o)
                0x08004584                __sfp_lock_acquire
 .text.__sfp_lock_release
                0x08004590        0xc E:/Software/Scoop/apps/gcc-arm-none-eabi/current/bin/../lib/gcc/arm-none-eabi/13.2.1/thumb/v7e-m+fp/hard\libc_nano.a(libc_a-findfp.o)
                0x08004590                __sfp_lock_release
 .text.__sinit  0x0800459c       0x30 E:/Software/Scoop/apps/gcc-arm-none-eabi/current/bin/../lib/gcc/arm-none-eabi/13.2.1/thumb/v7e-m+fp/hard\libc_nano.a(libc_a-findfp.o)
                0x0800459c                __sinit
 .text._fwalk_sglue
                0x080045cc       0x3c E:/Software/Scoop/apps/gcc-arm-none-eabi/current/bin/../lib/gcc/arm-none-eabi/13.2.1/thumb/v7e-m+fp/hard\libc_nano.a(libc_a-fwalk.o)
                0x080045cc                _fwalk_sglue
 .text.setvbuf  0x08004608      0x168 E:/Software/Scoop/apps/gcc-arm-none-eabi/current/bin/../lib/gcc/arm-none-eabi/13.2.1/thumb/v7e-m+fp/hard\libc_nano.a(libc_a-setvbuf.o)
                0x08004608                setvbuf
 .text.__sread  0x08004770       0x22 E:/Software/Scoop/apps/gcc-arm-none-eabi/current/bin/../lib/gcc/arm-none-eabi/13.2.1/thumb/v7e-m+fp/hard\libc_nano.a(libc_a-stdio.o)
                0x08004770                __sread
 .text.__swrite
                0x08004792       0x38 E:/Software/Scoop/apps/gcc-arm-none-eabi/current/bin/../lib/gcc/arm-none-eabi/13.2.1/thumb/v7e-m+fp/hard\libc_nano.a(libc_a-stdio.o)
                0x08004792                __swrite
 .text.__sseek  0x080047ca       0x24 E:/Software/Scoop/apps/gcc-arm-none-eabi/current/bin/../lib/gcc/arm-none-eabi/13.2.1/thumb/v7e-m+fp/hard\libc_nano.a(libc_a-stdio.o)
                0x080047ca                __sseek
 .text.__sclose
                0x080047ee        0x8 E:/Software/Scoop/apps/gcc-arm-none-eabi/current/bin/../lib/gcc/arm-none-eabi/13.2.1/thumb/v7e-m+fp/hard\libc_nano.a(libc_a-stdio.o)
                0x080047ee                __sclose
 .text.memset   0x080047f6       0x10 E:/Software/Scoop/apps/gcc-arm-none-eabi/current/bin/../lib/gcc/arm-none-eabi/13.2.1/thumb/v7e-m+fp/hard\libc_nano.a(libc_a-memset.o)
                0x080047f6                memset
 *fill*         0x08004806        0x2 
 .text._close_r
                0x08004808       0x20 E:/Software/Scoop/apps/gcc-arm-none-eabi/current/bin/../lib/gcc/arm-none-eabi/13.2.1/thumb/v7e-m+fp/hard\libc_nano.a(libc_a-closer.o)
                0x08004808                _close_r
 .text._lseek_r
                0x08004828       0x24 E:/Software/Scoop/apps/gcc-arm-none-eabi/current/bin/../lib/gcc/arm-none-eabi/13.2.1/thumb/v7e-m+fp/hard\libc_nano.a(libc_a-lseekr.o)
                0x08004828                _lseek_r
 .text._read_r  0x0800484c       0x24 E:/Software/Scoop/apps/gcc-arm-none-eabi/current/bin/../lib/gcc/arm-none-eabi/13.2.1/thumb/v7e-m+fp/hard\libc_nano.a(libc_a-readr.o)
                0x0800484c                _read_r
 .text._write_r
                0x08004870       0x24 E:/Software/Scoop/apps/gcc-arm-none-eabi/current/bin/../lib/gcc/arm-none-eabi/13.2.1/thumb/v7e-m+fp/hard\libc_nano.a(libc_a-writer.o)
                0x08004870                _write_r
 .text.__errno  0x08004894        0xc E:/Software/Scoop/apps/gcc-arm-none-eabi/current/bin/../lib/gcc/arm-none-eabi/13.2.1/thumb/v7e-m+fp/hard\libc_nano.a(libc_a-errno.o)
                0x08004894                __errno
 .text.__libc_init_array
                0x080048a0       0x48 E:/Software/Scoop/apps/gcc-arm-none-eabi/current/bin/../lib/gcc/arm-none-eabi/13.2.1/thumb/v7e-m+fp/hard\libc_nano.a(libc_a-init.o)
                0x080048a0                __libc_init_array
 .text.__retarget_lock_init_recursive
                0x080048e8        0x2 E:/Software/Scoop/apps/gcc-arm-none-eabi/current/bin/../lib/gcc/arm-none-eabi/13.2.1/thumb/v7e-m+fp/hard\libc_nano.a(libc_a-lock.o)
                0x080048e8                __retarget_lock_init_recursive
 .text.__retarget_lock_acquire_recursive
                0x080048ea        0x2 E:/Software/Scoop/apps/gcc-arm-none-eabi/current/bin/../lib/gcc/arm-none-eabi/13.2.1/thumb/v7e-m+fp/hard\libc_nano.a(libc_a-lock.o)
                0x080048ea                __retarget_lock_acquire_recursive
 .text.__retarget_lock_release_recursive
                0x080048ec        0x2 E:/Software/Scoop/apps/gcc-arm-none-eabi/current/bin/../lib/gcc/arm-none-eabi/13.2.1/thumb/v7e-m+fp/hard\libc_nano.a(libc_a-lock.o)
                0x080048ec                __retarget_lock_release_recursive
 *fill*         0x080048ee        0x2 
 .text._free_r  0x080048f0       0x94 E:/Software/Scoop/apps/gcc-arm-none-eabi/current/bin/../lib/gcc/arm-none-eabi/13.2.1/thumb/v7e-m+fp/hard\libc_nano.a(libc_a-freer.o)
                0x080048f0                _free_r
 .text.malloc   0x08004984       0x10 E:/Software/Scoop/apps/gcc-arm-none-eabi/current/bin/../lib/gcc/arm-none-eabi/13.2.1/thumb/v7e-m+fp/hard\libc_nano.a(libc_a-malloc.o)
                0x08004984                malloc
 .text.sbrk_aligned
                0x08004994       0x44 E:/Software/Scoop/apps/gcc-arm-none-eabi/current/bin/../lib/gcc/arm-none-eabi/13.2.1/thumb/v7e-m+fp/hard\libc_nano.a(libc_a-mallocr.o)
 .text._malloc_r
                0x080049d8      0x100 E:/Software/Scoop/apps/gcc-arm-none-eabi/current/bin/../lib/gcc/arm-none-eabi/13.2.1/thumb/v7e-m+fp/hard\libc_nano.a(libc_a-mallocr.o)
                0x080049d8                _malloc_r
 .text.__malloc_lock
                0x08004ad8        0xc E:/Software/Scoop/apps/gcc-arm-none-eabi/current/bin/../lib/gcc/arm-none-eabi/13.2.1/thumb/v7e-m+fp/hard\libc_nano.a(libc_a-mlock.o)
                0x08004ad8                __malloc_lock
 .text.__malloc_unlock
                0x08004ae4        0xc E:/Software/Scoop/apps/gcc-arm-none-eabi/current/bin/../lib/gcc/arm-none-eabi/13.2.1/thumb/v7e-m+fp/hard\libc_nano.a(libc_a-mlock.o)
                0x08004ae4                __malloc_unlock
 .text.__sflush_r
                0x08004af0      0x108 E:/Software/Scoop/apps/gcc-arm-none-eabi/current/bin/../lib/gcc/arm-none-eabi/13.2.1/thumb/v7e-m+fp/hard\libc_nano.a(libc_a-fflush.o)
                0x08004af0                __sflush_r
 .text._fflush_r
                0x08004bf8       0x50 E:/Software/Scoop/apps/gcc-arm-none-eabi/current/bin/../lib/gcc/arm-none-eabi/13.2.1/thumb/v7e-m+fp/hard\libc_nano.a(libc_a-fflush.o)
                0x08004bf8                _fflush_r
 .text.__swhatbuf_r
                0x08004c48       0x4c E:/Software/Scoop/apps/gcc-arm-none-eabi/current/bin/../lib/gcc/arm-none-eabi/13.2.1/thumb/v7e-m+fp/hard\libc_nano.a(libc_a-makebuf.o)
                0x08004c48                __swhatbuf_r
 .text._fstat_r
                0x08004c94       0x24 E:/Software/Scoop/apps/gcc-arm-none-eabi/current/bin/../lib/gcc/arm-none-eabi/13.2.1/thumb/v7e-m+fp/hard\libc_nano.a(libc_a-fstatr.o)
                0x08004c94                _fstat_r
 .text._sbrk_r  0x08004cb8       0x20 E:/Software/Scoop/apps/gcc-arm-none-eabi/current/bin/../lib/gcc/arm-none-eabi/13.2.1/thumb/v7e-m+fp/hard\libc_nano.a(libc_a-sbrkr.o)
                0x08004cb8                _sbrk_r
 .text.__udivmoddi4
                0x08004cd8      0x2bc E:/Software/Scoop/apps/gcc-arm-none-eabi/current/bin/../lib/gcc/arm-none-eabi/13.2.1/thumb/v7e-m+fp/hard\libgcc.a(_udivmoddi4.o)
                0x08004cd8                __udivmoddi4
 *(.glue_7)
 .glue_7        0x08004f94        0x0 linker stubs
 *(.glue_7t)
 .glue_7t       0x08004f94        0x0 linker stubs
 *(.eh_frame)
 .eh_frame      0x08004f94        0x0 E:/Software/Scoop/apps/gcc-arm-none-eabi/current/bin/../lib/gcc/arm-none-eabi/13.2.1/thumb/v7e-m+fp/hard/crtbegin.o
 *(.init)
 .init          0x08004f94        0x4 E:/Software/Scoop/apps/gcc-arm-none-eabi/current/bin/../lib/gcc/arm-none-eabi/13.2.1/thumb/v7e-m+fp/hard/crti.o
                0x08004f94                _init
 .init          0x08004f98        0x8 E:/Software/Scoop/apps/gcc-arm-none-eabi/current/bin/../lib/gcc/arm-none-eabi/13.2.1/thumb/v7e-m+fp/hard/crtn.o
 *(.fini)
 .fini          0x08004fa0        0x4 E:/Software/Scoop/apps/gcc-arm-none-eabi/current/bin/../lib/gcc/arm-none-eabi/13.2.1/thumb/v7e-m+fp/hard/crti.o
                0x08004fa0                _fini
 .fini          0x08004fa4        0x8 E:/Software/Scoop/apps/gcc-arm-none-eabi/current/bin/../lib/gcc/arm-none-eabi/13.2.1/thumb/v7e-m+fp/hard/crtn.o
                0x08004fac                        . = ALIGN (0x4)
                0x08004fac                        _etext = .

.vfp11_veneer   0x08004fac        0x0
 .vfp11_veneer  0x08004fac        0x0 linker stubs

.v4_bx          0x08004fac        0x0
 .v4_bx         0x08004fac        0x0 linker stubs

.iplt           0x08004fac        0x0
 .iplt          0x08004fac        0x0 E:/Software/Scoop/apps/gcc-arm-none-eabi/current/bin/../lib/gcc/arm-none-eabi/13.2.1/thumb/v7e-m+fp/hard/crtbegin.o

.rodata         0x08004fac       0x48
                0x08004fac                        . = ALIGN (0x4)
 *(.rodata)
 .rodata        0x08004fac       0x28 CMakeFiles/STM32_Warehouse.dir/Core/Src/freertos.c.obj
 .rodata        0x08004fd4        0x5 CMakeFiles/STM32_Warehouse.dir/Middlewares/Third_Party/FreeRTOS/Source/tasks.c.obj
 *(.rodata*)
 *fill*         0x08004fd9        0x3 
 .rodata.AHBPrescTable
                0x08004fdc       0x10 CMakeFiles/STM32_Warehouse.dir/Core/Src/system_stm32f4xx.c.obj
                0x08004fdc                AHBPrescTable
 .rodata.APBPrescTable
                0x08004fec        0x8 CMakeFiles/STM32_Warehouse.dir/Core/Src/system_stm32f4xx.c.obj
                0x08004fec                APBPrescTable
                0x08004ff4                        . = ALIGN (0x4)

.ARM.extab
 *(.ARM.extab* .gnu.linkonce.armextab.*)

.ARM            0x08004ff4        0x8
                0x08004ff4                        __exidx_start = .
 *(.ARM.exidx*)
 .ARM.exidx.text.__udivmoddi4
                0x08004ff4        0x8 E:/Software/Scoop/apps/gcc-arm-none-eabi/current/bin/../lib/gcc/arm-none-eabi/13.2.1/thumb/v7e-m+fp/hard\libgcc.a(_udivmoddi4.o)
                0x08004ffc                        __exidx_end = .

.rel.dyn        0x08004ffc        0x0
 .rel.iplt      0x08004ffc        0x0 E:/Software/Scoop/apps/gcc-arm-none-eabi/current/bin/../lib/gcc/arm-none-eabi/13.2.1/thumb/v7e-m+fp/hard/crtbegin.o

.preinit_array  0x08004ffc        0x0
                0x08004ffc                        PROVIDE (__preinit_array_start = .)
 *(.preinit_array*)
                0x08004ffc                        PROVIDE (__preinit_array_end = .)

.init_array     0x08004ffc        0x4
                0x08004ffc                        PROVIDE (__init_array_start = .)
 *(SORT_BY_NAME(.init_array.*))
 *(.init_array*)
 .init_array    0x08004ffc        0x4 E:/Software/Scoop/apps/gcc-arm-none-eabi/current/bin/../lib/gcc/arm-none-eabi/13.2.1/thumb/v7e-m+fp/hard/crtbegin.o
                0x08005000                        PROVIDE (__init_array_end = .)

.fini_array     0x08005000        0x4
                [!provide]                        PROVIDE (__fini_array_start = .)
 *(SORT_BY_NAME(.fini_array.*))
 *(.fini_array*)
 .fini_array    0x08005000        0x4 E:/Software/Scoop/apps/gcc-arm-none-eabi/current/bin/../lib/gcc/arm-none-eabi/13.2.1/thumb/v7e-m+fp/hard/crtbegin.o
                [!provide]                        PROVIDE (__fini_array_end = .)
                0x08005004                        _sidata = LOADADDR (.data)

.data           0x20000000       0x6c load address 0x08005004
                0x20000000                        . = ALIGN (0x4)
                0x20000000                        _sdata = .
 *(.data)
 *(.data*)
 .data.uwTickPrio
                0x20000000        0x4 CMakeFiles/STM32_Warehouse.dir/Drivers/STM32F4xx_HAL_Driver/Src/stm32f4xx_hal.c.obj
                0x20000000                uwTickPrio
 .data.uwTickFreq
                0x20000004        0x1 CMakeFiles/STM32_Warehouse.dir/Drivers/STM32F4xx_HAL_Driver/Src/stm32f4xx_hal.c.obj
                0x20000004                uwTickFreq
 *fill*         0x20000005        0x3 
 .data.SystemCoreClock
                0x20000008        0x4 CMakeFiles/STM32_Warehouse.dir/Core/Src/system_stm32f4xx.c.obj
                0x20000008                SystemCoreClock
 .data.uxCriticalNesting
                0x2000000c        0x4 CMakeFiles/STM32_Warehouse.dir/Middlewares/Third_Party/FreeRTOS/Source/portable/GCC/ARM_CM4F/port.c.obj
 .data.__sglue  0x20000010        0xc E:/Software/Scoop/apps/gcc-arm-none-eabi/current/bin/../lib/gcc/arm-none-eabi/13.2.1/thumb/v7e-m+fp/hard\libc_nano.a(libc_a-findfp.o)
                0x20000010                __sglue
 .data._impure_ptr
                0x2000001c        0x4 E:/Software/Scoop/apps/gcc-arm-none-eabi/current/bin/../lib/gcc/arm-none-eabi/13.2.1/thumb/v7e-m+fp/hard\libc_nano.a(libc_a-impure.o)
                0x2000001c                _impure_ptr
 .data._impure_data
                0x20000020       0x4c E:/Software/Scoop/apps/gcc-arm-none-eabi/current/bin/../lib/gcc/arm-none-eabi/13.2.1/thumb/v7e-m+fp/hard\libc_nano.a(libc_a-impure.o)
                0x20000020                _impure_data
                0x2000006c                        . = ALIGN (0x4)
                0x2000006c                        _edata = .
                0x08005070                        _siccmram = LOADADDR (.ccmram)

.tm_clone_table
                0x2000006c        0x0 load address 0x08005070
 .tm_clone_table
                0x2000006c        0x0 E:/Software/Scoop/apps/gcc-arm-none-eabi/current/bin/../lib/gcc/arm-none-eabi/13.2.1/thumb/v7e-m+fp/hard/crtbegin.o
 .tm_clone_table
                0x2000006c        0x0 E:/Software/Scoop/apps/gcc-arm-none-eabi/current/bin/../lib/gcc/arm-none-eabi/13.2.1/thumb/v7e-m+fp/hard/crtend.o

.igot.plt       0x2000006c        0x0 load address 0x08005070
 .igot.plt      0x2000006c        0x0 E:/Software/Scoop/apps/gcc-arm-none-eabi/current/bin/../lib/gcc/arm-none-eabi/13.2.1/thumb/v7e-m+fp/hard/crtbegin.o

.ccmram         0x10000000        0x0 load address 0x08005070
                0x10000000                        . = ALIGN (0x4)
                0x10000000                        _sccmram = .
 *(.ccmram)
 *(.ccmram*)
                0x10000000                        . = ALIGN (0x4)
                0x10000000                        _eccmram = .
                0x10000000                        . = ALIGN (0x4)

.bss            0x2000006c     0x4288
                0x2000006c                        _sbss = .
                0x2000006c                        __bss_start__ = _sbss
 *(.bss)
 *(.bss*)
 .bss.completed.1
                0x2000006c        0x1 E:/Software/Scoop/apps/gcc-arm-none-eabi/current/bin/../lib/gcc/arm-none-eabi/13.2.1/thumb/v7e-m+fp/hard/crtbegin.o
 *fill*         0x2000006d        0x3 
 .bss.object.0  0x20000070       0x18 E:/Software/Scoop/apps/gcc-arm-none-eabi/current/bin/../lib/gcc/arm-none-eabi/13.2.1/thumb/v7e-m+fp/hard/crtbegin.o
 .bss.gHuart    0x20000088        0x4 CMakeFiles/STM32_Warehouse.dir/UserApp/Utils/retarget.c.obj
                0x20000088                gHuart
 .bss.defaultTaskHandle
                0x2000008c        0x4 CMakeFiles/STM32_Warehouse.dir/Core/Src/freertos.c.obj
                0x2000008c                defaultTaskHandle
 .bss.xIdleTaskTCBBuffer
                0x20000090       0x54 CMakeFiles/STM32_Warehouse.dir/Core/Src/freertos.c.obj
 .bss.xIdleStack
                0x200000e4      0x200 CMakeFiles/STM32_Warehouse.dir/Core/Src/freertos.c.obj
 .bss.huart1    0x200002e4       0x48 CMakeFiles/STM32_Warehouse.dir/Core/Src/usart.c.obj
                0x200002e4                huart1
 .bss.huart2    0x2000032c       0x48 CMakeFiles/STM32_Warehouse.dir/Core/Src/usart.c.obj
                0x2000032c                huart2
 .bss.huart3    0x20000374       0x48 CMakeFiles/STM32_Warehouse.dir/Core/Src/usart.c.obj
                0x20000374                huart3
 .bss.huart6    0x200003bc       0x48 CMakeFiles/STM32_Warehouse.dir/Core/Src/usart.c.obj
                0x200003bc                huart6
 .bss.htim1     0x20000404       0x48 CMakeFiles/STM32_Warehouse.dir/Core/Src/stm32f4xx_hal_timebase_tim.c.obj
                0x20000404                htim1
 .bss.uwTick    0x2000044c        0x4 CMakeFiles/STM32_Warehouse.dir/Drivers/STM32F4xx_HAL_Driver/Src/stm32f4xx_hal.c.obj
                0x2000044c                uwTick
 .bss.pxCurrentTCB
                0x20000450        0x4 CMakeFiles/STM32_Warehouse.dir/Middlewares/Third_Party/FreeRTOS/Source/tasks.c.obj
                0x20000450                pxCurrentTCB
 .bss.pxReadyTasksLists
                0x20000454       0x8c CMakeFiles/STM32_Warehouse.dir/Middlewares/Third_Party/FreeRTOS/Source/tasks.c.obj
 .bss.xDelayedTaskList1
                0x200004e0       0x14 CMakeFiles/STM32_Warehouse.dir/Middlewares/Third_Party/FreeRTOS/Source/tasks.c.obj
 .bss.xDelayedTaskList2
                0x200004f4       0x14 CMakeFiles/STM32_Warehouse.dir/Middlewares/Third_Party/FreeRTOS/Source/tasks.c.obj
 .bss.pxDelayedTaskList
                0x20000508        0x4 CMakeFiles/STM32_Warehouse.dir/Middlewares/Third_Party/FreeRTOS/Source/tasks.c.obj
 .bss.pxOverflowDelayedTaskList
                0x2000050c        0x4 CMakeFiles/STM32_Warehouse.dir/Middlewares/Third_Party/FreeRTOS/Source/tasks.c.obj
 .bss.xPendingReadyList
                0x20000510       0x14 CMakeFiles/STM32_Warehouse.dir/Middlewares/Third_Party/FreeRTOS/Source/tasks.c.obj
 .bss.xTasksWaitingTermination
                0x20000524       0x14 CMakeFiles/STM32_Warehouse.dir/Middlewares/Third_Party/FreeRTOS/Source/tasks.c.obj
 .bss.uxDeletedTasksWaitingCleanUp
                0x20000538        0x4 CMakeFiles/STM32_Warehouse.dir/Middlewares/Third_Party/FreeRTOS/Source/tasks.c.obj
 .bss.xSuspendedTaskList
                0x2000053c       0x14 CMakeFiles/STM32_Warehouse.dir/Middlewares/Third_Party/FreeRTOS/Source/tasks.c.obj
 .bss.uxCurrentNumberOfTasks
                0x20000550        0x4 CMakeFiles/STM32_Warehouse.dir/Middlewares/Third_Party/FreeRTOS/Source/tasks.c.obj
 .bss.xTickCount
                0x20000554        0x4 CMakeFiles/STM32_Warehouse.dir/Middlewares/Third_Party/FreeRTOS/Source/tasks.c.obj
 .bss.uxTopReadyPriority
                0x20000558        0x4 CMakeFiles/STM32_Warehouse.dir/Middlewares/Third_Party/FreeRTOS/Source/tasks.c.obj
 .bss.xSchedulerRunning
                0x2000055c        0x4 CMakeFiles/STM32_Warehouse.dir/Middlewares/Third_Party/FreeRTOS/Source/tasks.c.obj
 .bss.xPendedTicks
                0x20000560        0x4 CMakeFiles/STM32_Warehouse.dir/Middlewares/Third_Party/FreeRTOS/Source/tasks.c.obj
 .bss.xYieldPending
                0x20000564        0x4 CMakeFiles/STM32_Warehouse.dir/Middlewares/Third_Party/FreeRTOS/Source/tasks.c.obj
 .bss.xNumOfOverflows
                0x20000568        0x4 CMakeFiles/STM32_Warehouse.dir/Middlewares/Third_Party/FreeRTOS/Source/tasks.c.obj
 .bss.uxTaskNumber
                0x2000056c        0x4 CMakeFiles/STM32_Warehouse.dir/Middlewares/Third_Party/FreeRTOS/Source/tasks.c.obj
 .bss.xNextTaskUnblockTime
                0x20000570        0x4 CMakeFiles/STM32_Warehouse.dir/Middlewares/Third_Party/FreeRTOS/Source/tasks.c.obj
 .bss.xIdleTaskHandle
                0x20000574        0x4 CMakeFiles/STM32_Warehouse.dir/Middlewares/Third_Party/FreeRTOS/Source/tasks.c.obj
 .bss.uxSchedulerSuspended
                0x20000578        0x4 CMakeFiles/STM32_Warehouse.dir/Middlewares/Third_Party/FreeRTOS/Source/tasks.c.obj
 .bss.ucHeap    0x2000057c     0x3c00 CMakeFiles/STM32_Warehouse.dir/Middlewares/Third_Party/FreeRTOS/Source/portable/MemMang/heap_4.c.obj
 .bss.xStart    0x2000417c        0x8 CMakeFiles/STM32_Warehouse.dir/Middlewares/Third_Party/FreeRTOS/Source/portable/MemMang/heap_4.c.obj
 .bss.pxEnd     0x20004184        0x4 CMakeFiles/STM32_Warehouse.dir/Middlewares/Third_Party/FreeRTOS/Source/portable/MemMang/heap_4.c.obj
 .bss.xFreeBytesRemaining
                0x20004188        0x4 CMakeFiles/STM32_Warehouse.dir/Middlewares/Third_Party/FreeRTOS/Source/portable/MemMang/heap_4.c.obj
 .bss.xMinimumEverFreeBytesRemaining
                0x2000418c        0x4 CMakeFiles/STM32_Warehouse.dir/Middlewares/Third_Party/FreeRTOS/Source/portable/MemMang/heap_4.c.obj
 .bss.xNumberOfSuccessfulAllocations
                0x20004190        0x4 CMakeFiles/STM32_Warehouse.dir/Middlewares/Third_Party/FreeRTOS/Source/portable/MemMang/heap_4.c.obj
 .bss.xNumberOfSuccessfulFrees
                0x20004194        0x4 CMakeFiles/STM32_Warehouse.dir/Middlewares/Third_Party/FreeRTOS/Source/portable/MemMang/heap_4.c.obj
 .bss.xBlockAllocatedBit
                0x20004198        0x4 CMakeFiles/STM32_Warehouse.dir/Middlewares/Third_Party/FreeRTOS/Source/portable/MemMang/heap_4.c.obj
 .bss.ucMaxSysCallPriority
                0x2000419c        0x1 CMakeFiles/STM32_Warehouse.dir/Middlewares/Third_Party/FreeRTOS/Source/portable/GCC/ARM_CM4F/port.c.obj
 *fill*         0x2000419d        0x3 
 .bss.ulMaxPRIGROUPValue
                0x200041a0        0x4 CMakeFiles/STM32_Warehouse.dir/Middlewares/Third_Party/FreeRTOS/Source/portable/GCC/ARM_CM4F/port.c.obj
 .bss.__sbrk_heap_end
                0x200041a4        0x4 CMakeFiles/STM32_Warehouse.dir/Core/Src/sysmem.c.obj
 .bss.__sf      0x200041a8      0x138 E:/Software/Scoop/apps/gcc-arm-none-eabi/current/bin/../lib/gcc/arm-none-eabi/13.2.1/thumb/v7e-m+fp/hard\libc_nano.a(libc_a-findfp.o)
                0x200041a8                __sf
 .bss.__stdio_exit_handler
                0x200042e0        0x4 E:/Software/Scoop/apps/gcc-arm-none-eabi/current/bin/../lib/gcc/arm-none-eabi/13.2.1/thumb/v7e-m+fp/hard\libc_nano.a(libc_a-findfp.o)
                0x200042e0                __stdio_exit_handler
 .bss.errno     0x200042e4        0x4 E:/Software/Scoop/apps/gcc-arm-none-eabi/current/bin/../lib/gcc/arm-none-eabi/13.2.1/thumb/v7e-m+fp/hard\libc_nano.a(libc_a-reent.o)
                0x200042e4                errno
 .bss.__lock___malloc_recursive_mutex
                0x200042e8        0x1 E:/Software/Scoop/apps/gcc-arm-none-eabi/current/bin/../lib/gcc/arm-none-eabi/13.2.1/thumb/v7e-m+fp/hard\libc_nano.a(libc_a-lock.o)
                0x200042e8                __lock___malloc_recursive_mutex
 .bss.__lock___sfp_recursive_mutex
                0x200042e9        0x1 E:/Software/Scoop/apps/gcc-arm-none-eabi/current/bin/../lib/gcc/arm-none-eabi/13.2.1/thumb/v7e-m+fp/hard\libc_nano.a(libc_a-lock.o)
                0x200042e9                __lock___sfp_recursive_mutex
 *fill*         0x200042ea        0x2 
 .bss.__malloc_sbrk_start
                0x200042ec        0x4 E:/Software/Scoop/apps/gcc-arm-none-eabi/current/bin/../lib/gcc/arm-none-eabi/13.2.1/thumb/v7e-m+fp/hard\libc_nano.a(libc_a-mallocr.o)
                0x200042ec                __malloc_sbrk_start
 .bss.__malloc_free_list
                0x200042f0        0x4 E:/Software/Scoop/apps/gcc-arm-none-eabi/current/bin/../lib/gcc/arm-none-eabi/13.2.1/thumb/v7e-m+fp/hard\libc_nano.a(libc_a-mallocr.o)
                0x200042f0                __malloc_free_list
 *(COMMON)
                0x200042f4                        . = ALIGN (0x4)
                0x200042f4                        _ebss = .
                0x200042f4                        __bss_end__ = _ebss

._user_heap_stack
                0x200042f4     0x2004
                0x200042f8                        . = ALIGN (0x8)
 *fill*         0x200042f4        0x4 
                [!provide]                        PROVIDE (end = .)
                0x200042f8                        PROVIDE (_end = .)
                0x200052f8                        . = (. + _Min_Heap_Size)
 *fill*         0x200042f8     0x1000 
                0x200062f8                        . = (. + _Min_Stack_Size)
 *fill*         0x200052f8     0x1000 
                0x200062f8                        . = ALIGN (0x8)

/DISCARD/
 libc.a(*)
 libm.a(*)
 libgcc.a(*)

.ARM.attributes
                0x00000000       0x30
 *(.ARM.attributes)
 .ARM.attributes
                0x00000000       0x22 E:/Software/Scoop/apps/gcc-arm-none-eabi/current/bin/../lib/gcc/arm-none-eabi/13.2.1/thumb/v7e-m+fp/hard/crti.o
 .ARM.attributes
                0x00000022       0x34 E:/Software/Scoop/apps/gcc-arm-none-eabi/current/bin/../lib/gcc/arm-none-eabi/13.2.1/thumb/v7e-m+fp/hard/crtbegin.o
 .ARM.attributes
                0x00000056       0x34 CMakeFiles/STM32_Warehouse.dir/UserApp/Utils/retarget.c.obj
 .ARM.attributes
                0x0000008a       0x34 CMakeFiles/STM32_Warehouse.dir/UserApp/main.cpp.obj
 .ARM.attributes
                0x000000be       0x34 CMakeFiles/STM32_Warehouse.dir/Core/Src/main.c.obj
 .ARM.attributes
                0x000000f2       0x34 CMakeFiles/STM32_Warehouse.dir/Core/Src/gpio.c.obj
 .ARM.attributes
                0x00000126       0x34 CMakeFiles/STM32_Warehouse.dir/Core/Src/freertos.c.obj
 .ARM.attributes
                0x0000015a       0x34 CMakeFiles/STM32_Warehouse.dir/Core/Src/usart.c.obj
 .ARM.attributes
                0x0000018e       0x34 CMakeFiles/STM32_Warehouse.dir/Core/Src/stm32f4xx_it.c.obj
 .ARM.attributes
                0x000001c2       0x34 CMakeFiles/STM32_Warehouse.dir/Core/Src/stm32f4xx_hal_msp.c.obj
 .ARM.attributes
                0x000001f6       0x34 CMakeFiles/STM32_Warehouse.dir/Core/Src/stm32f4xx_hal_timebase_tim.c.obj
 .ARM.attributes
                0x0000022a       0x34 CMakeFiles/STM32_Warehouse.dir/Drivers/STM32F4xx_HAL_Driver/Src/stm32f4xx_hal_rcc.c.obj
 .ARM.attributes
                0x0000025e       0x34 CMakeFiles/STM32_Warehouse.dir/Drivers/STM32F4xx_HAL_Driver/Src/stm32f4xx_hal_gpio.c.obj
 .ARM.attributes
                0x00000292       0x34 CMakeFiles/STM32_Warehouse.dir/Drivers/STM32F4xx_HAL_Driver/Src/stm32f4xx_hal_dma.c.obj
 .ARM.attributes
                0x000002c6       0x34 CMakeFiles/STM32_Warehouse.dir/Drivers/STM32F4xx_HAL_Driver/Src/stm32f4xx_hal_cortex.c.obj
 .ARM.attributes
                0x000002fa       0x34 CMakeFiles/STM32_Warehouse.dir/Drivers/STM32F4xx_HAL_Driver/Src/stm32f4xx_hal.c.obj
 .ARM.attributes
                0x0000032e       0x34 CMakeFiles/STM32_Warehouse.dir/Drivers/STM32F4xx_HAL_Driver/Src/stm32f4xx_hal_tim.c.obj
 .ARM.attributes
                0x00000362       0x34 CMakeFiles/STM32_Warehouse.dir/Drivers/STM32F4xx_HAL_Driver/Src/stm32f4xx_hal_tim_ex.c.obj
 .ARM.attributes
                0x00000396       0x34 CMakeFiles/STM32_Warehouse.dir/Drivers/STM32F4xx_HAL_Driver/Src/stm32f4xx_hal_uart.c.obj
 .ARM.attributes
                0x000003ca       0x34 CMakeFiles/STM32_Warehouse.dir/Core/Src/system_stm32f4xx.c.obj
 .ARM.attributes
                0x000003fe       0x34 CMakeFiles/STM32_Warehouse.dir/Middlewares/Third_Party/FreeRTOS/Source/list.c.obj
 .ARM.attributes
                0x00000432       0x34 CMakeFiles/STM32_Warehouse.dir/Middlewares/Third_Party/FreeRTOS/Source/tasks.c.obj
 .ARM.attributes
                0x00000466       0x34 CMakeFiles/STM32_Warehouse.dir/Middlewares/Third_Party/FreeRTOS/Source/CMSIS_RTOS/cmsis_os.c.obj
 .ARM.attributes
                0x0000049a       0x34 CMakeFiles/STM32_Warehouse.dir/Middlewares/Third_Party/FreeRTOS/Source/portable/MemMang/heap_4.c.obj
 .ARM.attributes
                0x000004ce       0x34 CMakeFiles/STM32_Warehouse.dir/Middlewares/Third_Party/FreeRTOS/Source/portable/GCC/ARM_CM4F/port.c.obj
 .ARM.attributes
                0x00000502       0x34 CMakeFiles/STM32_Warehouse.dir/Core/Src/sysmem.c.obj
 .ARM.attributes
                0x00000536       0x34 CMakeFiles/STM32_Warehouse.dir/Core/Src/syscalls.c.obj
 .ARM.attributes
                0x0000056a       0x21 CMakeFiles/STM32_Warehouse.dir/startup_stm32f407xx.s.obj
 .ARM.attributes
                0x0000058b       0x34 E:/Software/Scoop/apps/gcc-arm-none-eabi/current/bin/../lib/gcc/arm-none-eabi/13.2.1/thumb/v7e-m+fp/hard\libc_nano.a(libc_a-findfp.o)
 .ARM.attributes
                0x000005bf       0x34 E:/Software/Scoop/apps/gcc-arm-none-eabi/current/bin/../lib/gcc/arm-none-eabi/13.2.1/thumb/v7e-m+fp/hard\libc_nano.a(libc_a-fwalk.o)
 .ARM.attributes
                0x000005f3       0x34 E:/Software/Scoop/apps/gcc-arm-none-eabi/current/bin/../lib/gcc/arm-none-eabi/13.2.1/thumb/v7e-m+fp/hard\libc_nano.a(libc_a-setvbuf.o)
 .ARM.attributes
                0x00000627       0x34 E:/Software/Scoop/apps/gcc-arm-none-eabi/current/bin/../lib/gcc/arm-none-eabi/13.2.1/thumb/v7e-m+fp/hard\libc_nano.a(libc_a-stdio.o)
 .ARM.attributes
                0x0000065b       0x34 E:/Software/Scoop/apps/gcc-arm-none-eabi/current/bin/../lib/gcc/arm-none-eabi/13.2.1/thumb/v7e-m+fp/hard\libc_nano.a(libc_a-memset.o)
 .ARM.attributes
                0x0000068f       0x34 E:/Software/Scoop/apps/gcc-arm-none-eabi/current/bin/../lib/gcc/arm-none-eabi/13.2.1/thumb/v7e-m+fp/hard\libc_nano.a(libc_a-closer.o)
 .ARM.attributes
                0x000006c3       0x34 E:/Software/Scoop/apps/gcc-arm-none-eabi/current/bin/../lib/gcc/arm-none-eabi/13.2.1/thumb/v7e-m+fp/hard\libc_nano.a(libc_a-reent.o)
 .ARM.attributes
                0x000006f7       0x34 E:/Software/Scoop/apps/gcc-arm-none-eabi/current/bin/../lib/gcc/arm-none-eabi/13.2.1/thumb/v7e-m+fp/hard\libc_nano.a(libc_a-impure.o)
 .ARM.attributes
                0x0000072b       0x34 E:/Software/Scoop/apps/gcc-arm-none-eabi/current/bin/../lib/gcc/arm-none-eabi/13.2.1/thumb/v7e-m+fp/hard\libc_nano.a(libc_a-lseekr.o)
 .ARM.attributes
                0x0000075f       0x34 E:/Software/Scoop/apps/gcc-arm-none-eabi/current/bin/../lib/gcc/arm-none-eabi/13.2.1/thumb/v7e-m+fp/hard\libc_nano.a(libc_a-readr.o)
 .ARM.attributes
                0x00000793       0x34 E:/Software/Scoop/apps/gcc-arm-none-eabi/current/bin/../lib/gcc/arm-none-eabi/13.2.1/thumb/v7e-m+fp/hard\libc_nano.a(libc_a-writer.o)
 .ARM.attributes
                0x000007c7       0x34 E:/Software/Scoop/apps/gcc-arm-none-eabi/current/bin/../lib/gcc/arm-none-eabi/13.2.1/thumb/v7e-m+fp/hard\libc_nano.a(libc_a-errno.o)
 .ARM.attributes
                0x000007fb       0x34 E:/Software/Scoop/apps/gcc-arm-none-eabi/current/bin/../lib/gcc/arm-none-eabi/13.2.1/thumb/v7e-m+fp/hard\libc_nano.a(libc_a-init.o)
 .ARM.attributes
                0x0000082f       0x34 E:/Software/Scoop/apps/gcc-arm-none-eabi/current/bin/../lib/gcc/arm-none-eabi/13.2.1/thumb/v7e-m+fp/hard\libc_nano.a(libc_a-lock.o)
 .ARM.attributes
                0x00000863       0x34 E:/Software/Scoop/apps/gcc-arm-none-eabi/current/bin/../lib/gcc/arm-none-eabi/13.2.1/thumb/v7e-m+fp/hard\libc_nano.a(libc_a-freer.o)
 .ARM.attributes
                0x00000897       0x34 E:/Software/Scoop/apps/gcc-arm-none-eabi/current/bin/../lib/gcc/arm-none-eabi/13.2.1/thumb/v7e-m+fp/hard\libc_nano.a(libc_a-malloc.o)
 .ARM.attributes
                0x000008cb       0x34 E:/Software/Scoop/apps/gcc-arm-none-eabi/current/bin/../lib/gcc/arm-none-eabi/13.2.1/thumb/v7e-m+fp/hard\libc_nano.a(libc_a-mallocr.o)
 .ARM.attributes
                0x000008ff       0x34 E:/Software/Scoop/apps/gcc-arm-none-eabi/current/bin/../lib/gcc/arm-none-eabi/13.2.1/thumb/v7e-m+fp/hard\libc_nano.a(libc_a-mlock.o)
 .ARM.attributes
                0x00000933       0x34 E:/Software/Scoop/apps/gcc-arm-none-eabi/current/bin/../lib/gcc/arm-none-eabi/13.2.1/thumb/v7e-m+fp/hard\libc_nano.a(libc_a-fflush.o)
 .ARM.attributes
                0x00000967       0x34 E:/Software/Scoop/apps/gcc-arm-none-eabi/current/bin/../lib/gcc/arm-none-eabi/13.2.1/thumb/v7e-m+fp/hard\libc_nano.a(libc_a-makebuf.o)
 .ARM.attributes
                0x0000099b       0x34 E:/Software/Scoop/apps/gcc-arm-none-eabi/current/bin/../lib/gcc/arm-none-eabi/13.2.1/thumb/v7e-m+fp/hard\libc_nano.a(libc_a-fstatr.o)
 .ARM.attributes
                0x000009cf       0x34 E:/Software/Scoop/apps/gcc-arm-none-eabi/current/bin/../lib/gcc/arm-none-eabi/13.2.1/thumb/v7e-m+fp/hard\libc_nano.a(libc_a-sbrkr.o)
 .ARM.attributes
                0x00000a03       0x22 E:/Software/Scoop/apps/gcc-arm-none-eabi/current/bin/../lib/gcc/arm-none-eabi/13.2.1/thumb/v7e-m+fp/hard\libgcc.a(_aeabi_uldivmod.o)
 .ARM.attributes
                0x00000a25       0x34 E:/Software/Scoop/apps/gcc-arm-none-eabi/current/bin/../lib/gcc/arm-none-eabi/13.2.1/thumb/v7e-m+fp/hard\libgcc.a(_udivmoddi4.o)
 .ARM.attributes
                0x00000a59       0x22 E:/Software/Scoop/apps/gcc-arm-none-eabi/current/bin/../lib/gcc/arm-none-eabi/13.2.1/thumb/v7e-m+fp/hard\libgcc.a(_dvmd_tls.o)
 .ARM.attributes
                0x00000a7b       0x34 E:/Software/Scoop/apps/gcc-arm-none-eabi/current/bin/../lib/gcc/arm-none-eabi/13.2.1/thumb/v7e-m+fp/hard/crtend.o
 .ARM.attributes
                0x00000aaf       0x22 E:/Software/Scoop/apps/gcc-arm-none-eabi/current/bin/../lib/gcc/arm-none-eabi/13.2.1/thumb/v7e-m+fp/hard/crtn.o
OUTPUT(STM32_Warehouse.elf elf32-littlearm)
LOAD linker stubs
LOAD E:/Software/Scoop/apps/gcc-arm-none-eabi/current/bin/../lib/gcc/arm-none-eabi/13.2.1/thumb/v7e-m+fp/hard\libc.a
LOAD E:/Software/Scoop/apps/gcc-arm-none-eabi/current/bin/../lib/gcc/arm-none-eabi/13.2.1/thumb/v7e-m+fp/hard\libm.a
LOAD E:/Software/Scoop/apps/gcc-arm-none-eabi/current/bin/../lib/gcc/arm-none-eabi/13.2.1/thumb/v7e-m+fp/hard\libgcc.a

.debug_info     0x00000000    0x13f5e
 .debug_info    0x00000000      0xd4e CMakeFiles/STM32_Warehouse.dir/UserApp/Utils/retarget.c.obj
 .debug_info    0x00000d4e      0xa72 CMakeFiles/STM32_Warehouse.dir/UserApp/main.cpp.obj
 .debug_info    0x000017c0      0xb55 CMakeFiles/STM32_Warehouse.dir/Core/Src/main.c.obj
 .debug_info    0x00002315      0x29f CMakeFiles/STM32_Warehouse.dir/Core/Src/gpio.c.obj
 .debug_info    0x000025b4      0x435 CMakeFiles/STM32_Warehouse.dir/Core/Src/freertos.c.obj
 .debug_info    0x000029e9      0xcc7 CMakeFiles/STM32_Warehouse.dir/Core/Src/usart.c.obj
 .debug_info    0x000036b0      0x9a4 CMakeFiles/STM32_Warehouse.dir/Core/Src/stm32f4xx_it.c.obj
 .debug_info    0x00004054      0x4b7 CMakeFiles/STM32_Warehouse.dir/Core/Src/stm32f4xx_hal_msp.c.obj
 .debug_info    0x0000450b      0xbe0 CMakeFiles/STM32_Warehouse.dir/Core/Src/stm32f4xx_hal_timebase_tim.c.obj
 .debug_info    0x000050eb      0x8b1 CMakeFiles/STM32_Warehouse.dir/Drivers/STM32F4xx_HAL_Driver/Src/stm32f4xx_hal_rcc.c.obj
 .debug_info    0x0000599c      0x6c3 CMakeFiles/STM32_Warehouse.dir/Drivers/STM32F4xx_HAL_Driver/Src/stm32f4xx_hal_gpio.c.obj
 .debug_info    0x0000605f      0x8e7 CMakeFiles/STM32_Warehouse.dir/Drivers/STM32F4xx_HAL_Driver/Src/stm32f4xx_hal_dma.c.obj
 .debug_info    0x00006946      0xd57 CMakeFiles/STM32_Warehouse.dir/Drivers/STM32F4xx_HAL_Driver/Src/stm32f4xx_hal_cortex.c.obj
 .debug_info    0x0000769d      0x944 CMakeFiles/STM32_Warehouse.dir/Drivers/STM32F4xx_HAL_Driver/Src/stm32f4xx_hal.c.obj
 .debug_info    0x00007fe1     0x299d CMakeFiles/STM32_Warehouse.dir/Drivers/STM32F4xx_HAL_Driver/Src/stm32f4xx_hal_tim.c.obj
 .debug_info    0x0000a97e     0x14db CMakeFiles/STM32_Warehouse.dir/Drivers/STM32F4xx_HAL_Driver/Src/stm32f4xx_hal_tim_ex.c.obj
 .debug_info    0x0000be59     0x2f4f CMakeFiles/STM32_Warehouse.dir/Drivers/STM32F4xx_HAL_Driver/Src/stm32f4xx_hal_uart.c.obj
 .debug_info    0x0000eda8      0x512 CMakeFiles/STM32_Warehouse.dir/Core/Src/system_stm32f4xx.c.obj
 .debug_info    0x0000f2ba      0x2af CMakeFiles/STM32_Warehouse.dir/Middlewares/Third_Party/FreeRTOS/Source/list.c.obj
 .debug_info    0x0000f569     0x1ca7 CMakeFiles/STM32_Warehouse.dir/Middlewares/Third_Party/FreeRTOS/Source/tasks.c.obj
 .debug_info    0x00011210     0x1b60 CMakeFiles/STM32_Warehouse.dir/Middlewares/Third_Party/FreeRTOS/Source/CMSIS_RTOS/cmsis_os.c.obj
 .debug_info    0x00012d70      0x4d5 CMakeFiles/STM32_Warehouse.dir/Middlewares/Third_Party/FreeRTOS/Source/portable/MemMang/heap_4.c.obj
 .debug_info    0x00013245      0x4de CMakeFiles/STM32_Warehouse.dir/Middlewares/Third_Party/FreeRTOS/Source/portable/GCC/ARM_CM4F/port.c.obj
 .debug_info    0x00013723      0x168 CMakeFiles/STM32_Warehouse.dir/Core/Src/sysmem.c.obj
 .debug_info    0x0001388b      0x6a3 CMakeFiles/STM32_Warehouse.dir/Core/Src/syscalls.c.obj
 .debug_info    0x00013f2e       0x30 CMakeFiles/STM32_Warehouse.dir/startup_stm32f407xx.s.obj

.debug_abbrev   0x00000000     0x340b
 .debug_abbrev  0x00000000      0x25a CMakeFiles/STM32_Warehouse.dir/UserApp/Utils/retarget.c.obj
 .debug_abbrev  0x0000025a      0x1ef CMakeFiles/STM32_Warehouse.dir/UserApp/main.cpp.obj
 .debug_abbrev  0x00000449      0x23c CMakeFiles/STM32_Warehouse.dir/Core/Src/main.c.obj
 .debug_abbrev  0x00000685       0xd8 CMakeFiles/STM32_Warehouse.dir/Core/Src/gpio.c.obj
 .debug_abbrev  0x0000075d      0x172 CMakeFiles/STM32_Warehouse.dir/Core/Src/freertos.c.obj
 .debug_abbrev  0x000008cf      0x245 CMakeFiles/STM32_Warehouse.dir/Core/Src/usart.c.obj
 .debug_abbrev  0x00000b14      0x189 CMakeFiles/STM32_Warehouse.dir/Core/Src/stm32f4xx_it.c.obj
 .debug_abbrev  0x00000c9d      0x119 CMakeFiles/STM32_Warehouse.dir/Core/Src/stm32f4xx_hal_msp.c.obj
 .debug_abbrev  0x00000db6      0x1f4 CMakeFiles/STM32_Warehouse.dir/Core/Src/stm32f4xx_hal_timebase_tim.c.obj
 .debug_abbrev  0x00000faa      0x2b6 CMakeFiles/STM32_Warehouse.dir/Drivers/STM32F4xx_HAL_Driver/Src/stm32f4xx_hal_rcc.c.obj
 .debug_abbrev  0x00001260      0x1d4 CMakeFiles/STM32_Warehouse.dir/Drivers/STM32F4xx_HAL_Driver/Src/stm32f4xx_hal_gpio.c.obj
 .debug_abbrev  0x00001434      0x264 CMakeFiles/STM32_Warehouse.dir/Drivers/STM32F4xx_HAL_Driver/Src/stm32f4xx_hal_dma.c.obj
 .debug_abbrev  0x00001698      0x328 CMakeFiles/STM32_Warehouse.dir/Drivers/STM32F4xx_HAL_Driver/Src/stm32f4xx_hal_cortex.c.obj
 .debug_abbrev  0x000019c0      0x214 CMakeFiles/STM32_Warehouse.dir/Drivers/STM32F4xx_HAL_Driver/Src/stm32f4xx_hal.c.obj
 .debug_abbrev  0x00001bd4      0x278 CMakeFiles/STM32_Warehouse.dir/Drivers/STM32F4xx_HAL_Driver/Src/stm32f4xx_hal_tim.c.obj
 .debug_abbrev  0x00001e4c      0x283 CMakeFiles/STM32_Warehouse.dir/Drivers/STM32F4xx_HAL_Driver/Src/stm32f4xx_hal_tim_ex.c.obj
 .debug_abbrev  0x000020cf      0x30e CMakeFiles/STM32_Warehouse.dir/Drivers/STM32F4xx_HAL_Driver/Src/stm32f4xx_hal_uart.c.obj
 .debug_abbrev  0x000023dd      0x11a CMakeFiles/STM32_Warehouse.dir/Core/Src/system_stm32f4xx.c.obj
 .debug_abbrev  0x000024f7       0xf5 CMakeFiles/STM32_Warehouse.dir/Middlewares/Third_Party/FreeRTOS/Source/list.c.obj
 .debug_abbrev  0x000025ec      0x359 CMakeFiles/STM32_Warehouse.dir/Middlewares/Third_Party/FreeRTOS/Source/tasks.c.obj
 .debug_abbrev  0x00002945      0x3b7 CMakeFiles/STM32_Warehouse.dir/Middlewares/Third_Party/FreeRTOS/Source/CMSIS_RTOS/cmsis_os.c.obj
 .debug_abbrev  0x00002cfc      0x21d CMakeFiles/STM32_Warehouse.dir/Middlewares/Third_Party/FreeRTOS/Source/portable/MemMang/heap_4.c.obj
 .debug_abbrev  0x00002f19      0x25c CMakeFiles/STM32_Warehouse.dir/Middlewares/Third_Party/FreeRTOS/Source/portable/GCC/ARM_CM4F/port.c.obj
 .debug_abbrev  0x00003175       0xbc CMakeFiles/STM32_Warehouse.dir/Core/Src/sysmem.c.obj
 .debug_abbrev  0x00003231      0x1b6 CMakeFiles/STM32_Warehouse.dir/Core/Src/syscalls.c.obj
 .debug_abbrev  0x000033e7       0x24 CMakeFiles/STM32_Warehouse.dir/startup_stm32f407xx.s.obj

.debug_aranges  0x00000000     0x1258
 .debug_aranges
                0x00000000       0x28 CMakeFiles/STM32_Warehouse.dir/UserApp/Utils/retarget.c.obj
 .debug_aranges
                0x00000028       0x20 CMakeFiles/STM32_Warehouse.dir/UserApp/main.cpp.obj
 .debug_aranges
                0x00000048       0x38 CMakeFiles/STM32_Warehouse.dir/Core/Src/main.c.obj
 .debug_aranges
                0x00000080       0x20 CMakeFiles/STM32_Warehouse.dir/Core/Src/gpio.c.obj
 .debug_aranges
                0x000000a0       0x30 CMakeFiles/STM32_Warehouse.dir/Core/Src/freertos.c.obj
 .debug_aranges
                0x000000d0       0x48 CMakeFiles/STM32_Warehouse.dir/Core/Src/usart.c.obj
 .debug_aranges
                0x00000118       0x70 CMakeFiles/STM32_Warehouse.dir/Core/Src/stm32f4xx_it.c.obj
 .debug_aranges
                0x00000188       0x20 CMakeFiles/STM32_Warehouse.dir/Core/Src/stm32f4xx_hal_msp.c.obj
 .debug_aranges
                0x000001a8       0x30 CMakeFiles/STM32_Warehouse.dir/Core/Src/stm32f4xx_hal_timebase_tim.c.obj
 .debug_aranges
                0x000001d8       0x88 CMakeFiles/STM32_Warehouse.dir/Drivers/STM32F4xx_HAL_Driver/Src/stm32f4xx_hal_rcc.c.obj
 .debug_aranges
                0x00000260       0x58 CMakeFiles/STM32_Warehouse.dir/Drivers/STM32F4xx_HAL_Driver/Src/stm32f4xx_hal_gpio.c.obj
 .debug_aranges
                0x000002b8       0x90 CMakeFiles/STM32_Warehouse.dir/Drivers/STM32F4xx_HAL_Driver/Src/stm32f4xx_hal_dma.c.obj
 .debug_aranges
                0x00000348      0x120 CMakeFiles/STM32_Warehouse.dir/Drivers/STM32F4xx_HAL_Driver/Src/stm32f4xx_hal_cortex.c.obj
 .debug_aranges
                0x00000468       0xf0 CMakeFiles/STM32_Warehouse.dir/Drivers/STM32F4xx_HAL_Driver/Src/stm32f4xx_hal.c.obj
 .debug_aranges
                0x00000558      0x3d0 CMakeFiles/STM32_Warehouse.dir/Drivers/STM32F4xx_HAL_Driver/Src/stm32f4xx_hal_tim.c.obj
 .debug_aranges
                0x00000928      0x168 CMakeFiles/STM32_Warehouse.dir/Drivers/STM32F4xx_HAL_Driver/Src/stm32f4xx_hal_tim_ex.c.obj
 .debug_aranges
                0x00000a90      0x208 CMakeFiles/STM32_Warehouse.dir/Drivers/STM32F4xx_HAL_Driver/Src/stm32f4xx_hal_uart.c.obj
 .debug_aranges
                0x00000c98       0x28 CMakeFiles/STM32_Warehouse.dir/Core/Src/system_stm32f4xx.c.obj
 .debug_aranges
                0x00000cc0       0x40 CMakeFiles/STM32_Warehouse.dir/Middlewares/Third_Party/FreeRTOS/Source/list.c.obj
 .debug_aranges
                0x00000d00      0x1b8 CMakeFiles/STM32_Warehouse.dir/Middlewares/Third_Party/FreeRTOS/Source/tasks.c.obj
 .debug_aranges
                0x00000eb8      0x1d8 CMakeFiles/STM32_Warehouse.dir/Middlewares/Third_Party/FreeRTOS/Source/CMSIS_RTOS/cmsis_os.c.obj
 .debug_aranges
                0x00001090       0x58 CMakeFiles/STM32_Warehouse.dir/Middlewares/Third_Party/FreeRTOS/Source/portable/MemMang/heap_4.c.obj
 .debug_aranges
                0x000010e8       0x80 CMakeFiles/STM32_Warehouse.dir/Middlewares/Third_Party/FreeRTOS/Source/portable/GCC/ARM_CM4F/port.c.obj
 .debug_aranges
                0x00001168       0x20 CMakeFiles/STM32_Warehouse.dir/Core/Src/sysmem.c.obj
 .debug_aranges
                0x00001188       0xa8 CMakeFiles/STM32_Warehouse.dir/Core/Src/syscalls.c.obj
 .debug_aranges
                0x00001230       0x28 CMakeFiles/STM32_Warehouse.dir/startup_stm32f407xx.s.obj

.debug_rnglists
                0x00000000      0xe1f
 .debug_rnglists
                0x00000000       0x19 CMakeFiles/STM32_Warehouse.dir/UserApp/Utils/retarget.c.obj
 .debug_rnglists
                0x00000019       0x13 CMakeFiles/STM32_Warehouse.dir/UserApp/main.cpp.obj
 .debug_rnglists
                0x0000002c       0x26 CMakeFiles/STM32_Warehouse.dir/Core/Src/main.c.obj
 .debug_rnglists
                0x00000052       0x14 CMakeFiles/STM32_Warehouse.dir/Core/Src/gpio.c.obj
 .debug_rnglists
                0x00000066       0x1f CMakeFiles/STM32_Warehouse.dir/Core/Src/freertos.c.obj
 .debug_rnglists
                0x00000085       0x33 CMakeFiles/STM32_Warehouse.dir/Core/Src/usart.c.obj
 .debug_rnglists
                0x000000b8       0x4f CMakeFiles/STM32_Warehouse.dir/Core/Src/stm32f4xx_it.c.obj
 .debug_rnglists
                0x00000107       0x13 CMakeFiles/STM32_Warehouse.dir/Core/Src/stm32f4xx_hal_msp.c.obj
 .debug_rnglists
                0x0000011a       0x20 CMakeFiles/STM32_Warehouse.dir/Core/Src/stm32f4xx_hal_timebase_tim.c.obj
 .debug_rnglists
                0x0000013a       0x66 CMakeFiles/STM32_Warehouse.dir/Drivers/STM32F4xx_HAL_Driver/Src/stm32f4xx_hal_rcc.c.obj
 .debug_rnglists
                0x000001a0       0x3f CMakeFiles/STM32_Warehouse.dir/Drivers/STM32F4xx_HAL_Driver/Src/stm32f4xx_hal_gpio.c.obj
 .debug_rnglists
                0x000001df       0x70 CMakeFiles/STM32_Warehouse.dir/Drivers/STM32F4xx_HAL_Driver/Src/stm32f4xx_hal_dma.c.obj
 .debug_rnglists
                0x0000024f       0xd4 CMakeFiles/STM32_Warehouse.dir/Drivers/STM32F4xx_HAL_Driver/Src/stm32f4xx_hal_cortex.c.obj
 .debug_rnglists
                0x00000323       0xaf CMakeFiles/STM32_Warehouse.dir/Drivers/STM32F4xx_HAL_Driver/Src/stm32f4xx_hal.c.obj
 .debug_rnglists
                0x000003d2      0x31a CMakeFiles/STM32_Warehouse.dir/Drivers/STM32F4xx_HAL_Driver/Src/stm32f4xx_hal_tim.c.obj
 .debug_rnglists
                0x000006ec      0x125 CMakeFiles/STM32_Warehouse.dir/Drivers/STM32F4xx_HAL_Driver/Src/stm32f4xx_hal_tim_ex.c.obj
 .debug_rnglists
                0x00000811      0x1bc CMakeFiles/STM32_Warehouse.dir/Drivers/STM32F4xx_HAL_Driver/Src/stm32f4xx_hal_uart.c.obj
 .debug_rnglists
                0x000009cd       0x1a CMakeFiles/STM32_Warehouse.dir/Core/Src/system_stm32f4xx.c.obj
 .debug_rnglists
                0x000009e7       0x2b CMakeFiles/STM32_Warehouse.dir/Middlewares/Third_Party/FreeRTOS/Source/list.c.obj
 .debug_rnglists
                0x00000a12      0x15f CMakeFiles/STM32_Warehouse.dir/Middlewares/Third_Party/FreeRTOS/Source/tasks.c.obj
 .debug_rnglists
                0x00000b71      0x16a CMakeFiles/STM32_Warehouse.dir/Middlewares/Third_Party/FreeRTOS/Source/CMSIS_RTOS/cmsis_os.c.obj
 .debug_rnglists
                0x00000cdb       0x42 CMakeFiles/STM32_Warehouse.dir/Middlewares/Third_Party/FreeRTOS/Source/portable/MemMang/heap_4.c.obj
 .debug_rnglists
                0x00000d1d       0x5d CMakeFiles/STM32_Warehouse.dir/Middlewares/Third_Party/FreeRTOS/Source/portable/GCC/ARM_CM4F/port.c.obj
 .debug_rnglists
                0x00000d7a       0x13 CMakeFiles/STM32_Warehouse.dir/Core/Src/sysmem.c.obj
 .debug_rnglists
                0x00000d8d       0x79 CMakeFiles/STM32_Warehouse.dir/Core/Src/syscalls.c.obj
 .debug_rnglists
                0x00000e06       0x19 CMakeFiles/STM32_Warehouse.dir/startup_stm32f407xx.s.obj

.debug_macro    0x00000000    0x26dab
 .debug_macro   0x00000000      0x2c7 CMakeFiles/STM32_Warehouse.dir/UserApp/Utils/retarget.c.obj
 .debug_macro   0x000002c7      0xad8 CMakeFiles/STM32_Warehouse.dir/UserApp/Utils/retarget.c.obj
 .debug_macro   0x00000d9f      0x29b CMakeFiles/STM32_Warehouse.dir/UserApp/Utils/retarget.c.obj
 .debug_macro   0x0000103a       0x2e CMakeFiles/STM32_Warehouse.dir/UserApp/Utils/retarget.c.obj
 .debug_macro   0x00001068       0x2f CMakeFiles/STM32_Warehouse.dir/UserApp/Utils/retarget.c.obj
 .debug_macro   0x00001097       0x22 CMakeFiles/STM32_Warehouse.dir/UserApp/Utils/retarget.c.obj
 .debug_macro   0x000010b9       0x8e CMakeFiles/STM32_Warehouse.dir/UserApp/Utils/retarget.c.obj
 .debug_macro   0x00001147       0x51 CMakeFiles/STM32_Warehouse.dir/UserApp/Utils/retarget.c.obj
 .debug_macro   0x00001198      0x103 CMakeFiles/STM32_Warehouse.dir/UserApp/Utils/retarget.c.obj
 .debug_macro   0x0000129b       0x6a CMakeFiles/STM32_Warehouse.dir/UserApp/Utils/retarget.c.obj
 .debug_macro   0x00001305      0x1df CMakeFiles/STM32_Warehouse.dir/UserApp/Utils/retarget.c.obj
 .debug_macro   0x000014e4       0x1c CMakeFiles/STM32_Warehouse.dir/UserApp/Utils/retarget.c.obj
 .debug_macro   0x00001500       0x22 CMakeFiles/STM32_Warehouse.dir/UserApp/Utils/retarget.c.obj
 .debug_macro   0x00001522       0xfb CMakeFiles/STM32_Warehouse.dir/UserApp/Utils/retarget.c.obj
 .debug_macro   0x0000161d     0x1011 CMakeFiles/STM32_Warehouse.dir/UserApp/Utils/retarget.c.obj
 .debug_macro   0x0000262e      0x11f CMakeFiles/STM32_Warehouse.dir/UserApp/Utils/retarget.c.obj
 .debug_macro   0x0000274d    0x15e97 CMakeFiles/STM32_Warehouse.dir/UserApp/Utils/retarget.c.obj
 .debug_macro   0x000185e4       0x6d CMakeFiles/STM32_Warehouse.dir/UserApp/Utils/retarget.c.obj
 .debug_macro   0x00018651     0x368c CMakeFiles/STM32_Warehouse.dir/UserApp/Utils/retarget.c.obj
 .debug_macro   0x0001bcdd      0x190 CMakeFiles/STM32_Warehouse.dir/UserApp/Utils/retarget.c.obj
 .debug_macro   0x0001be6d       0x5c CMakeFiles/STM32_Warehouse.dir/UserApp/Utils/retarget.c.obj
 .debug_macro   0x0001bec9      0x980 CMakeFiles/STM32_Warehouse.dir/UserApp/Utils/retarget.c.obj
 .debug_macro   0x0001c849      0x9e9 CMakeFiles/STM32_Warehouse.dir/UserApp/Utils/retarget.c.obj
 .debug_macro   0x0001d232      0x115 CMakeFiles/STM32_Warehouse.dir/UserApp/Utils/retarget.c.obj
 .debug_macro   0x0001d347      0x13e CMakeFiles/STM32_Warehouse.dir/UserApp/Utils/retarget.c.obj
 .debug_macro   0x0001d485       0xa5 CMakeFiles/STM32_Warehouse.dir/UserApp/Utils/retarget.c.obj
 .debug_macro   0x0001d52a      0x174 CMakeFiles/STM32_Warehouse.dir/UserApp/Utils/retarget.c.obj
 .debug_macro   0x0001d69e      0x287 CMakeFiles/STM32_Warehouse.dir/UserApp/Utils/retarget.c.obj
 .debug_macro   0x0001d925       0x5f CMakeFiles/STM32_Warehouse.dir/UserApp/Utils/retarget.c.obj
 .debug_macro   0x0001d984      0x236 CMakeFiles/STM32_Warehouse.dir/UserApp/Utils/retarget.c.obj
 .debug_macro   0x0001dbba      0x12c CMakeFiles/STM32_Warehouse.dir/UserApp/Utils/retarget.c.obj
 .debug_macro   0x0001dce6      0x21e CMakeFiles/STM32_Warehouse.dir/UserApp/Utils/retarget.c.obj
 .debug_macro   0x0001df04       0x2e CMakeFiles/STM32_Warehouse.dir/UserApp/Utils/retarget.c.obj
 .debug_macro   0x0001df32      0x127 CMakeFiles/STM32_Warehouse.dir/UserApp/Utils/retarget.c.obj
 .debug_macro   0x0001e059       0x7e CMakeFiles/STM32_Warehouse.dir/UserApp/Utils/retarget.c.obj
 .debug_macro   0x0001e0d7       0x89 CMakeFiles/STM32_Warehouse.dir/UserApp/Utils/retarget.c.obj
 .debug_macro   0x0001e160      0x8ed CMakeFiles/STM32_Warehouse.dir/UserApp/Utils/retarget.c.obj
 .debug_macro   0x0001ea4d       0x4d CMakeFiles/STM32_Warehouse.dir/UserApp/Utils/retarget.c.obj
 .debug_macro   0x0001ea9a      0x2aa CMakeFiles/STM32_Warehouse.dir/UserApp/Utils/retarget.c.obj
 .debug_macro   0x0001ed44      0x12d CMakeFiles/STM32_Warehouse.dir/UserApp/Utils/retarget.c.obj
 .debug_macro   0x0001ee71       0x7b CMakeFiles/STM32_Warehouse.dir/UserApp/Utils/retarget.c.obj
 .debug_macro   0x0001eeec       0x2a CMakeFiles/STM32_Warehouse.dir/UserApp/Utils/retarget.c.obj
 .debug_macro   0x0001ef16       0x3c CMakeFiles/STM32_Warehouse.dir/UserApp/Utils/retarget.c.obj
 .debug_macro   0x0001ef52       0x34 CMakeFiles/STM32_Warehouse.dir/UserApp/Utils/retarget.c.obj
 .debug_macro   0x0001ef86       0x16 CMakeFiles/STM32_Warehouse.dir/UserApp/Utils/retarget.c.obj
 .debug_macro   0x0001ef9c       0x3c CMakeFiles/STM32_Warehouse.dir/UserApp/Utils/retarget.c.obj
 .debug_macro   0x0001efd8      0x370 CMakeFiles/STM32_Warehouse.dir/UserApp/Utils/retarget.c.obj
 .debug_macro   0x0001f348       0x10 CMakeFiles/STM32_Warehouse.dir/UserApp/Utils/retarget.c.obj
 .debug_macro   0x0001f358       0x16 CMakeFiles/STM32_Warehouse.dir/UserApp/Utils/retarget.c.obj
 .debug_macro   0x0001f36e       0x4a CMakeFiles/STM32_Warehouse.dir/UserApp/Utils/retarget.c.obj
 .debug_macro   0x0001f3b8       0x34 CMakeFiles/STM32_Warehouse.dir/UserApp/Utils/retarget.c.obj
 .debug_macro   0x0001f3ec       0x10 CMakeFiles/STM32_Warehouse.dir/UserApp/Utils/retarget.c.obj
 .debug_macro   0x0001f3fc       0x58 CMakeFiles/STM32_Warehouse.dir/UserApp/Utils/retarget.c.obj
 .debug_macro   0x0001f454      0x1de CMakeFiles/STM32_Warehouse.dir/UserApp/Utils/retarget.c.obj
 .debug_macro   0x0001f632       0x16 CMakeFiles/STM32_Warehouse.dir/UserApp/Utils/retarget.c.obj
 .debug_macro   0x0001f648       0x16 CMakeFiles/STM32_Warehouse.dir/UserApp/Utils/retarget.c.obj
 .debug_macro   0x0001f65e      0x170 CMakeFiles/STM32_Warehouse.dir/UserApp/Utils/retarget.c.obj
 .debug_macro   0x0001f7ce      0x2e5 CMakeFiles/STM32_Warehouse.dir/UserApp/main.cpp.obj
 .debug_macro   0x0001fab3      0xc16 CMakeFiles/STM32_Warehouse.dir/UserApp/main.cpp.obj
 .debug_macro   0x000206c9      0x1f2 CMakeFiles/STM32_Warehouse.dir/UserApp/main.cpp.obj
 .debug_macro   0x000208bb       0x10 CMakeFiles/STM32_Warehouse.dir/UserApp/main.cpp.obj
 .debug_macro   0x000208cb       0xc8 CMakeFiles/STM32_Warehouse.dir/UserApp/main.cpp.obj
 .debug_macro   0x00020993      0x103 CMakeFiles/STM32_Warehouse.dir/UserApp/main.cpp.obj
 .debug_macro   0x00020a96      0x361 CMakeFiles/STM32_Warehouse.dir/UserApp/main.cpp.obj
 .debug_macro   0x00020df7       0x75 CMakeFiles/STM32_Warehouse.dir/UserApp/main.cpp.obj
 .debug_macro   0x00020e6c       0x94 CMakeFiles/STM32_Warehouse.dir/UserApp/main.cpp.obj
 .debug_macro   0x00020f00       0x34 CMakeFiles/STM32_Warehouse.dir/UserApp/main.cpp.obj
 .debug_macro   0x00020f34       0x57 CMakeFiles/STM32_Warehouse.dir/UserApp/main.cpp.obj
 .debug_macro   0x00020f8b       0x9e CMakeFiles/STM32_Warehouse.dir/UserApp/main.cpp.obj
 .debug_macro   0x00021029      0x38c CMakeFiles/STM32_Warehouse.dir/UserApp/main.cpp.obj
 .debug_macro   0x000213b5      0x119 CMakeFiles/STM32_Warehouse.dir/UserApp/main.cpp.obj
 .debug_macro   0x000214ce       0x4a CMakeFiles/STM32_Warehouse.dir/UserApp/main.cpp.obj
 .debug_macro   0x00021518      0x138 CMakeFiles/STM32_Warehouse.dir/UserApp/main.cpp.obj
 .debug_macro   0x00021650      0x11d CMakeFiles/STM32_Warehouse.dir/UserApp/main.cpp.obj
 .debug_macro   0x0002176d       0x1c CMakeFiles/STM32_Warehouse.dir/UserApp/main.cpp.obj
 .debug_macro   0x00021789     0x1011 CMakeFiles/STM32_Warehouse.dir/UserApp/main.cpp.obj
 .debug_macro   0x0002279a       0x56 CMakeFiles/STM32_Warehouse.dir/UserApp/main.cpp.obj
 .debug_macro   0x000227f0      0x2a3 CMakeFiles/STM32_Warehouse.dir/Core/Src/main.c.obj
 .debug_macro   0x00022a93       0xea CMakeFiles/STM32_Warehouse.dir/Core/Src/main.c.obj
 .debug_macro   0x00022b7d      0x15a CMakeFiles/STM32_Warehouse.dir/Core/Src/main.c.obj
 .debug_macro   0x00022cd7       0xde CMakeFiles/STM32_Warehouse.dir/Core/Src/main.c.obj
 .debug_macro   0x00022db5       0x1c CMakeFiles/STM32_Warehouse.dir/Core/Src/main.c.obj
 .debug_macro   0x00022dd1       0x26 CMakeFiles/STM32_Warehouse.dir/Core/Src/main.c.obj
 .debug_macro   0x00022df7      0x504 CMakeFiles/STM32_Warehouse.dir/Core/Src/main.c.obj
 .debug_macro   0x000232fb       0xb5 CMakeFiles/STM32_Warehouse.dir/Core/Src/main.c.obj
 .debug_macro   0x000233b0       0xaa CMakeFiles/STM32_Warehouse.dir/Core/Src/main.c.obj
 .debug_macro   0x0002345a       0x91 CMakeFiles/STM32_Warehouse.dir/Core/Src/main.c.obj
 .debug_macro   0x000234eb       0x8d CMakeFiles/STM32_Warehouse.dir/Core/Src/main.c.obj
 .debug_macro   0x00023578       0x7e CMakeFiles/STM32_Warehouse.dir/Core/Src/main.c.obj
 .debug_macro   0x000235f6       0x19 CMakeFiles/STM32_Warehouse.dir/Core/Src/main.c.obj
 .debug_macro   0x0002360f       0xf2 CMakeFiles/STM32_Warehouse.dir/Core/Src/main.c.obj
 .debug_macro   0x00023701      0x1e2 CMakeFiles/STM32_Warehouse.dir/Core/Src/gpio.c.obj
 .debug_macro   0x000238e3      0x295 CMakeFiles/STM32_Warehouse.dir/Core/Src/freertos.c.obj
 .debug_macro   0x00023b78       0xea CMakeFiles/STM32_Warehouse.dir/Core/Src/freertos.c.obj
 .debug_macro   0x00023c62      0x2b5 CMakeFiles/STM32_Warehouse.dir/Core/Src/usart.c.obj
 .debug_macro   0x00023f17      0x1e2 CMakeFiles/STM32_Warehouse.dir/Core/Src/stm32f4xx_it.c.obj
 .debug_macro   0x000240f9      0x1d8 CMakeFiles/STM32_Warehouse.dir/Core/Src/stm32f4xx_hal_msp.c.obj
 .debug_macro   0x000242d1      0x1ce CMakeFiles/STM32_Warehouse.dir/Core/Src/stm32f4xx_hal_timebase_tim.c.obj
 .debug_macro   0x0002449f      0x1f2 CMakeFiles/STM32_Warehouse.dir/Drivers/STM32F4xx_HAL_Driver/Src/stm32f4xx_hal_rcc.c.obj
 .debug_macro   0x00024691      0x1d4 CMakeFiles/STM32_Warehouse.dir/Drivers/STM32F4xx_HAL_Driver/Src/stm32f4xx_hal_gpio.c.obj
 .debug_macro   0x00024865      0x1d4 CMakeFiles/STM32_Warehouse.dir/Drivers/STM32F4xx_HAL_Driver/Src/stm32f4xx_hal_dma.c.obj
 .debug_macro   0x00024a39      0x1ce CMakeFiles/STM32_Warehouse.dir/Drivers/STM32F4xx_HAL_Driver/Src/stm32f4xx_hal_cortex.c.obj
 .debug_macro   0x00024c07      0x22e CMakeFiles/STM32_Warehouse.dir/Drivers/STM32F4xx_HAL_Driver/Src/stm32f4xx_hal.c.obj
 .debug_macro   0x00024e35      0x1cf CMakeFiles/STM32_Warehouse.dir/Drivers/STM32F4xx_HAL_Driver/Src/stm32f4xx_hal_tim.c.obj
 .debug_macro   0x00025004      0x1ce CMakeFiles/STM32_Warehouse.dir/Drivers/STM32F4xx_HAL_Driver/Src/stm32f4xx_hal_tim_ex.c.obj
 .debug_macro   0x000251d2      0x1cf CMakeFiles/STM32_Warehouse.dir/Drivers/STM32F4xx_HAL_Driver/Src/stm32f4xx_hal_uart.c.obj
 .debug_macro   0x000253a1      0x1ce CMakeFiles/STM32_Warehouse.dir/Core/Src/system_stm32f4xx.c.obj
 .debug_macro   0x0002556f      0x178 CMakeFiles/STM32_Warehouse.dir/Middlewares/Third_Party/FreeRTOS/Source/list.c.obj
 .debug_macro   0x000256e7      0x265 CMakeFiles/STM32_Warehouse.dir/Middlewares/Third_Party/FreeRTOS/Source/tasks.c.obj
 .debug_macro   0x0002594c       0x10 CMakeFiles/STM32_Warehouse.dir/Middlewares/Third_Party/FreeRTOS/Source/tasks.c.obj
 .debug_macro   0x0002595c      0x1ea CMakeFiles/STM32_Warehouse.dir/Middlewares/Third_Party/FreeRTOS/Source/CMSIS_RTOS/cmsis_os.c.obj
 .debug_macro   0x00025b46       0xe9 CMakeFiles/STM32_Warehouse.dir/Middlewares/Third_Party/FreeRTOS/Source/CMSIS_RTOS/cmsis_os.c.obj
 .debug_macro   0x00025c2f      0x19f CMakeFiles/STM32_Warehouse.dir/Middlewares/Third_Party/FreeRTOS/Source/portable/MemMang/heap_4.c.obj
 .debug_macro   0x00025dce      0x196 CMakeFiles/STM32_Warehouse.dir/Middlewares/Third_Party/FreeRTOS/Source/portable/GCC/ARM_CM4F/port.c.obj
 .debug_macro   0x00025f64       0xff CMakeFiles/STM32_Warehouse.dir/Core/Src/sysmem.c.obj
 .debug_macro   0x00026063       0x10 CMakeFiles/STM32_Warehouse.dir/Core/Src/sysmem.c.obj
 .debug_macro   0x00026073      0x23c CMakeFiles/STM32_Warehouse.dir/Core/Src/sysmem.c.obj
 .debug_macro   0x000262af      0x265 CMakeFiles/STM32_Warehouse.dir/Core/Src/syscalls.c.obj
 .debug_macro   0x00026514       0x10 CMakeFiles/STM32_Warehouse.dir/Core/Src/syscalls.c.obj
 .debug_macro   0x00026524       0x10 CMakeFiles/STM32_Warehouse.dir/Core/Src/syscalls.c.obj
 .debug_macro   0x00026534       0x10 CMakeFiles/STM32_Warehouse.dir/Core/Src/syscalls.c.obj
 .debug_macro   0x00026544       0x10 CMakeFiles/STM32_Warehouse.dir/Core/Src/syscalls.c.obj
 .debug_macro   0x00026554       0x1c CMakeFiles/STM32_Warehouse.dir/Core/Src/syscalls.c.obj
 .debug_macro   0x00026570       0x52 CMakeFiles/STM32_Warehouse.dir/Core/Src/syscalls.c.obj
 .debug_macro   0x000265c2       0x22 CMakeFiles/STM32_Warehouse.dir/Core/Src/syscalls.c.obj
 .debug_macro   0x000265e4       0x10 CMakeFiles/STM32_Warehouse.dir/Core/Src/syscalls.c.obj
 .debug_macro   0x000265f4       0x52 CMakeFiles/STM32_Warehouse.dir/Core/Src/syscalls.c.obj
 .debug_macro   0x00026646       0xcf CMakeFiles/STM32_Warehouse.dir/Core/Src/syscalls.c.obj
 .debug_macro   0x00026715       0x1c CMakeFiles/STM32_Warehouse.dir/Core/Src/syscalls.c.obj
 .debug_macro   0x00026731       0x3d CMakeFiles/STM32_Warehouse.dir/Core/Src/syscalls.c.obj
 .debug_macro   0x0002676e       0x35 CMakeFiles/STM32_Warehouse.dir/Core/Src/syscalls.c.obj
 .debug_macro   0x000267a3      0x12c CMakeFiles/STM32_Warehouse.dir/Core/Src/syscalls.c.obj
 .debug_macro   0x000268cf      0x242 CMakeFiles/STM32_Warehouse.dir/Core/Src/syscalls.c.obj