Archive member included to satisfy reference by file (symbol)

E:/Software/Scoop/apps/gcc-arm-none-eabi/current/bin/../lib/gcc/arm-none-eabi/13.2.1/thumb/v7e-m+fp/hard\libc_nano.a(libc_a-exit.o)
                              E:/Software/Scoop/apps/gcc-arm-none-eabi/current/bin/../lib/gcc/arm-none-eabi/13.2.1/thumb/v7e-m+fp/hard/crt0.o (exit)
E:/Software/Scoop/apps/gcc-arm-none-eabi/current/bin/../lib/gcc/arm-none-eabi/13.2.1/thumb/v7e-m+fp/hard\libc_nano.a(libc_a-findfp.o)
                              E:/Software/Scoop/apps/gcc-arm-none-eabi/current/bin/../lib/gcc/arm-none-eabi/13.2.1/thumb/v7e-m+fp/hard\libc_nano.a(libc_a-exit.o) (__stdio_exit_handler)
E:/Software/Scoop/apps/gcc-arm-none-eabi/current/bin/../lib/gcc/arm-none-eabi/13.2.1/thumb/v7e-m+fp/hard\libc_nano.a(libc_a-fwalk.o)
                              E:/Software/Scoop/apps/gcc-arm-none-eabi/current/bin/../lib/gcc/arm-none-eabi/13.2.1/thumb/v7e-m+fp/hard\libc_nano.a(libc_a-findfp.o) (_fwalk_sglue)
E:/Software/Scoop/apps/gcc-arm-none-eabi/current/bin/../lib/gcc/arm-none-eabi/13.2.1/thumb/v7e-m+fp/hard\libc_nano.a(libc_a-setvbuf.o)
                              CMakeFiles/STM32_Warehouse.dir/UserApp/Utils/retarget.c.obj (setvbuf)
E:/Software/Scoop/apps/gcc-arm-none-eabi/current/bin/../lib/gcc/arm-none-eabi/13.2.1/thumb/v7e-m+fp/hard\libc_nano.a(libc_a-stdio.o)
                              E:/Software/Scoop/apps/gcc-arm-none-eabi/current/bin/../lib/gcc/arm-none-eabi/13.2.1/thumb/v7e-m+fp/hard\libc_nano.a(libc_a-findfp.o) (__sread)
E:/Software/Scoop/apps/gcc-arm-none-eabi/current/bin/../lib/gcc/arm-none-eabi/13.2.1/thumb/v7e-m+fp/hard\libc_nano.a(libc_a-memset.o)
                              E:/Software/Scoop/apps/gcc-arm-none-eabi/current/bin/../lib/gcc/arm-none-eabi/13.2.1/thumb/v7e-m+fp/hard/crt0.o (memset)
E:/Software/Scoop/apps/gcc-arm-none-eabi/current/bin/../lib/gcc/arm-none-eabi/13.2.1/thumb/v7e-m+fp/hard\libc_nano.a(libc_a-closer.o)
                              E:/Software/Scoop/apps/gcc-arm-none-eabi/current/bin/../lib/gcc/arm-none-eabi/13.2.1/thumb/v7e-m+fp/hard\libc_nano.a(libc_a-stdio.o) (_close_r)
E:/Software/Scoop/apps/gcc-arm-none-eabi/current/bin/../lib/gcc/arm-none-eabi/13.2.1/thumb/v7e-m+fp/hard\libc_nano.a(libc_a-reent.o)
                              E:/Software/Scoop/apps/gcc-arm-none-eabi/current/bin/../lib/gcc/arm-none-eabi/13.2.1/thumb/v7e-m+fp/hard\libc_nano.a(libc_a-closer.o) (errno)
E:/Software/Scoop/apps/gcc-arm-none-eabi/current/bin/../lib/gcc/arm-none-eabi/13.2.1/thumb/v7e-m+fp/hard\libc_nano.a(libc_a-impure.o)
                              CMakeFiles/STM32_Warehouse.dir/UserApp/Utils/retarget.c.obj (_impure_ptr)
E:/Software/Scoop/apps/gcc-arm-none-eabi/current/bin/../lib/gcc/arm-none-eabi/13.2.1/thumb/v7e-m+fp/hard\libc_nano.a(libc_a-lseekr.o)
                              E:/Software/Scoop/apps/gcc-arm-none-eabi/current/bin/../lib/gcc/arm-none-eabi/13.2.1/thumb/v7e-m+fp/hard\libc_nano.a(libc_a-stdio.o) (_lseek_r)
E:/Software/Scoop/apps/gcc-arm-none-eabi/current/bin/../lib/gcc/arm-none-eabi/13.2.1/thumb/v7e-m+fp/hard\libc_nano.a(libc_a-readr.o)
                              E:/Software/Scoop/apps/gcc-arm-none-eabi/current/bin/../lib/gcc/arm-none-eabi/13.2.1/thumb/v7e-m+fp/hard\libc_nano.a(libc_a-stdio.o) (_read_r)
E:/Software/Scoop/apps/gcc-arm-none-eabi/current/bin/../lib/gcc/arm-none-eabi/13.2.1/thumb/v7e-m+fp/hard\libc_nano.a(libc_a-writer.o)
                              E:/Software/Scoop/apps/gcc-arm-none-eabi/current/bin/../lib/gcc/arm-none-eabi/13.2.1/thumb/v7e-m+fp/hard\libc_nano.a(libc_a-stdio.o) (_write_r)
E:/Software/Scoop/apps/gcc-arm-none-eabi/current/bin/../lib/gcc/arm-none-eabi/13.2.1/thumb/v7e-m+fp/hard\libc_nano.a(libc_a-errno.o)
                              CMakeFiles/STM32_Warehouse.dir/Core/Src/sysmem.c.obj (__errno)
E:/Software/Scoop/apps/gcc-arm-none-eabi/current/bin/../lib/gcc/arm-none-eabi/13.2.1/thumb/v7e-m+fp/hard\libc_nano.a(libc_a-init.o)
                              E:/Software/Scoop/apps/gcc-arm-none-eabi/current/bin/../lib/gcc/arm-none-eabi/13.2.1/thumb/v7e-m+fp/hard/crt0.o (__libc_init_array)
E:/Software/Scoop/apps/gcc-arm-none-eabi/current/bin/../lib/gcc/arm-none-eabi/13.2.1/thumb/v7e-m+fp/hard\libc_nano.a(libc_a-lock.o)
                              E:/Software/Scoop/apps/gcc-arm-none-eabi/current/bin/../lib/gcc/arm-none-eabi/13.2.1/thumb/v7e-m+fp/hard\libc_nano.a(libc_a-findfp.o) (__retarget_lock_init_recursive)
E:/Software/Scoop/apps/gcc-arm-none-eabi/current/bin/../lib/gcc/arm-none-eabi/13.2.1/thumb/v7e-m+fp/hard\libc_nano.a(libc_a-memcpy-stub.o)
                              CMakeFiles/STM32_Warehouse.dir/Middlewares/Third_Party/FreeRTOS/Source/queue.c.obj (memcpy)
E:/Software/Scoop/apps/gcc-arm-none-eabi/current/bin/../lib/gcc/arm-none-eabi/13.2.1/thumb/v7e-m+fp/hard\libc_nano.a(libc_a-freer.o)
                              E:/Software/Scoop/apps/gcc-arm-none-eabi/current/bin/../lib/gcc/arm-none-eabi/13.2.1/thumb/v7e-m+fp/hard\libc_nano.a(libc_a-setvbuf.o) (_free_r)
[...]
Memory Configuration

Name             Origin             Length             Attributes
RAM              0x20000000         0x00020000         xrw
CCMRAM           0x10000000         0x00010000         xrw
FLASH            0x08000000         0x00080000         xr
*default*        0x00000000         0xffffffff

Linker script and memory map

LOAD E:/Software/Scoop/apps/gcc-arm-none-eabi/current/bin/../lib/gcc/arm-none-eabi/13.2.1/thumb/v7e-m+fp/hard/crti.o
LOAD E:/Software/Scoop/apps/gcc-arm-none-eabi/current/bin/../lib/gcc/arm-none-eabi/13.2.1/thumb/v7e-m+fp/hard/crtbegin.o
LOAD E:/Software/Scoop/apps/gcc-arm-none-eabi/current/bin/../lib/gcc/arm-none-eabi/13.2.1/thumb/v7e-m+fp/hard/crt0.o
START GROUP
END GROUP
START GROUP
LOAD E:/Software/Scoop/apps/gcc-arm-none-eabi/current/bin/../lib/gcc/arm-none-eabi/13.2.1/thumb/v7e-m+fp/hard\libstdc++_nano.a
LOAD E:/Software/Scoop/apps/gcc-arm-none-eabi/current/bin/../lib/gcc/arm-none-eabi/13.2.1/thumb/v7e-m+fp/hard\libsupc++_nano.a
END GROUP
LOAD CMakeFiles/STM32_Warehouse.dir/UserApp/Utils/retarget.c.obj
LOAD CMakeFiles/STM32_Warehouse.dir/UserApp/main.cpp.obj
LOAD CMakeFiles/STM32_Warehouse.dir/Core/Src/main.c.obj
LOAD CMakeFiles/STM32_Warehouse.dir/Core/Src/gpio.c.obj
LOAD CMakeFiles/STM32_Warehouse.dir/Core/Src/freertos.c.obj
LOAD CMakeFiles/STM32_Warehouse.dir/Core/Src/usart.c.obj
LOAD CMakeFiles/STM32_Warehouse.dir/Core/Src/stm32f4xx_it.c.obj
LOAD CMakeFiles/STM32_Warehouse.dir/Core/Src/stm32f4xx_hal_msp.c.obj
LOAD CMakeFiles/STM32_Warehouse.dir/Core/Src/stm32f4xx_hal_timebase_tim.c.obj
LOAD CMakeFiles/STM32_Warehouse.dir/Drivers/STM32F4xx_HAL_Driver/Src/stm32f4xx_hal_rcc.c.obj
LOAD CMakeFiles/STM32_Warehouse.dir/Drivers/STM32F4xx_HAL_Driver/Src/stm32f4xx_hal_rcc_ex.c.obj
LOAD CMakeFiles/STM32_Warehouse.dir/Drivers/STM32F4xx_HAL_Driver/Src/stm32f4xx_hal_flash.c.obj
LOAD CMakeFiles/STM32_Warehouse.dir/Drivers/STM32F4xx_HAL_Driver/Src/stm32f4xx_hal_flash_ex.c.obj
LOAD CMakeFiles/STM32_Warehouse.dir/Drivers/STM32F4xx_HAL_Driver/Src/stm32f4xx_hal_flash_ramfunc.c.obj
LOAD CMakeFiles/STM32_Warehouse.dir/Drivers/STM32F4xx_HAL_Driver/Src/stm32f4xx_hal_gpio.c.obj
LOAD CMakeFiles/STM32_Warehouse.dir/Drivers/STM32F4xx_HAL_Driver/Src/stm32f4xx_hal_dma_ex.c.obj
LOAD CMakeFiles/STM32_Warehouse.dir/Drivers/STM32F4xx_HAL_Driver/Src/stm32f4xx_hal_dma.c.obj
LOAD CMakeFiles/STM32_Warehouse.dir/Drivers/STM32F4xx_HAL_Driver/Src/stm32f4xx_hal_pwr.c.obj
LOAD CMakeFiles/STM32_Warehouse.dir/Drivers/STM32F4xx_HAL_Driver/Src/stm32f4xx_hal_pwr_ex.c.obj
LOAD CMakeFiles/STM32_Warehouse.dir/Drivers/STM32F4xx_HAL_Driver/Src/stm32f4xx_hal_cortex.c.obj
LOAD CMakeFiles/STM32_Warehouse.dir/Drivers/STM32F4xx_HAL_Driver/Src/stm32f4xx_hal.c.obj
LOAD CMakeFiles/STM32_Warehouse.dir/Drivers/STM32F4xx_HAL_Driver/Src/stm32f4xx_hal_exti.c.obj
LOAD CMakeFiles/STM32_Warehouse.dir/Drivers/STM32F4xx_HAL_Driver/Src/stm32f4xx_hal_tim.c.obj
LOAD CMakeFiles/STM32_Warehouse.dir/Drivers/STM32F4xx_HAL_Driver/Src/stm32f4xx_hal_tim_ex.c.obj
LOAD CMakeFiles/STM32_Warehouse.dir/Drivers/STM32F4xx_HAL_Driver/Src/stm32f4xx_hal_uart.c.obj
LOAD CMakeFiles/STM32_Warehouse.dir/Core/Src/system_stm32f4xx.c.obj
LOAD CMakeFiles/STM32_Warehouse.dir/Middlewares/Third_Party/FreeRTOS/Source/croutine.c.obj
LOAD CMakeFiles/STM32_Warehouse.dir/Middlewares/Third_Party/FreeRTOS/Source/event_groups.c.obj
LOAD CMakeFiles/STM32_Warehouse.dir/Middlewares/Third_Party/FreeRTOS/Source/list.c.obj
LOAD CMakeFiles/STM32_Warehouse.dir/Middlewares/Third_Party/FreeRTOS/Source/queue.c.obj
LOAD CMakeFiles/STM32_Warehouse.dir/Middlewares/Third_Party/FreeRTOS/Source/stream_buffer.c.obj
LOAD CMakeFiles/STM32_Warehouse.dir/Middlewares/Third_Party/FreeRTOS/Source/tasks.c.obj
LOAD CMakeFiles/STM32_Warehouse.dir/Middlewares/Third_Party/FreeRTOS/Source/timers.c.obj
LOAD CMakeFiles/STM32_Warehouse.dir/Middlewares/Third_Party/FreeRTOS/Source/CMSIS_RTOS/cmsis_os.c.obj
LOAD CMakeFiles/STM32_Warehouse.dir/Middlewares/Third_Party/FreeRTOS/Source/portable/MemMang/heap_4.c.obj
LOAD CMakeFiles/STM32_Warehouse.dir/Middlewares/Third_Party/FreeRTOS/Source/portable/GCC/ARM_CM4F/port.c.obj
LOAD CMakeFiles/STM32_Warehouse.dir/Core/Src/sysmem.c.obj
LOAD CMakeFiles/STM32_Warehouse.dir/Core/Src/syscalls.c.obj
LOAD CMakeFiles/STM32_Warehouse.dir/startup_stm32f407xx.s.obj
LOAD E:/Software/Scoop/apps/gcc-arm-none-eabi/current/bin/../lib/gcc/arm-none-eabi/13.2.1/thumb/v7e-m+fp/hard\libstdc++_nano.a
LOAD E:/Software/Scoop/apps/gcc-arm-none-eabi/current/bin/../lib/gcc/arm-none-eabi/13.2.1/thumb/v7e-m+fp/hard\libm.a
LOAD E:/Software/Scoop/apps/gcc-arm-none-eabi/current/bin/../lib/gcc/arm-none-eabi/13.2.1/thumb/v7e-m+fp/hard\libc_nano.a
START GROUP
LOAD E:/Software/Scoop/apps/gcc-arm-none-eabi/current/bin/../lib/gcc/arm-none-eabi/13.2.1/thumb/v7e-m+fp/hard\libgcc.a
LOAD E:/Software/Scoop/apps/gcc-arm-none-eabi/current/bin/../lib/gcc/arm-none-eabi/13.2.1/thumb/v7e-m+fp/hard\libg_nano.a
LOAD E:/Software/Scoop/apps/gcc-arm-none-eabi/current/bin/../lib/gcc/arm-none-eabi/13.2.1/thumb/v7e-m+fp/hard\libc_nano.a
END GROUP
START GROUP
LOAD E:/Software/Scoop/apps/gcc-arm-none-eabi/current/bin/../lib/gcc/arm-none-eabi/13.2.1/thumb/v7e-m+fp/hard\libgcc.a
LOAD E:/Software/Scoop/apps/gcc-arm-none-eabi/current/bin/../lib/gcc/arm-none-eabi/13.2.1/thumb/v7e-m+fp/hard\libc_nano.a
END GROUP
LOAD E:/Software/Scoop/apps/gcc-arm-none-eabi/current/bin/../lib/gcc/arm-none-eabi/13.2.1/thumb/v7e-m+fp/hard/crtend.o
LOAD E:/Software/Scoop/apps/gcc-arm-none-eabi/current/bin/../lib/gcc/arm-none-eabi/13.2.1/thumb/v7e-m+fp/hard/crtn.o
                0x20020000                        _estack = (ORIGIN (RAM) + LENGTH (RAM))
                0x00001000                        _Min_Heap_Size = 0x1000
                0x00001000                        _Min_Stack_Size = 0x1000

.isr_vector     0x08000000      0x188
                0x08000000                        . = ALIGN (0x4)
 *(.isr_vector)
 .isr_vector    0x08000000      0x188 CMakeFiles/STM32_Warehouse.dir/startup_stm32f407xx.s.obj
                0x08000000                g_pfnVectors
                0x08000188                        . = ALIGN (0x4)

.text           0x08000190     0x4e0c
                0x08000190                        . = ALIGN (0x4)
 *(.text)
 .text          0x08000190       0x30 E:/Software/Scoop/apps/gcc-arm-none-eabi/current/bin/../lib/gcc/arm-none-eabi/13.2.1/thumb/v7e-m+fp/hard\libgcc.a(_aeabi_uldivmod.o)
                0x08000190                __aeabi_uldivmod
 .text          0x080001c0        0x4 E:/Software/Scoop/apps/gcc-arm-none-eabi/current/bin/../lib/gcc/arm-none-eabi/13.2.1/thumb/v7e-m+fp/hard\libgcc.a(_dvmd_tls.o)
                0x080001c0                __aeabi_idiv0
                0x080001c0                __aeabi_ldiv0
 *(.text*)
 .text.deregister_tm_clones
                0x080001c4       0x1c E:/Software/Scoop/apps/gcc-arm-none-eabi/current/bin/../lib/gcc/arm-none-eabi/13.2.1/thumb/v7e-m+fp/hard/crtbegin.o
 .text.register_tm_clones
                0x080001e0       0x24 E:/Software/Scoop/apps/gcc-arm-none-eabi/current/bin/../lib/gcc/arm-none-eabi/13.2.1/thumb/v7e-m+fp/hard/crtbegin.o
 .text.__do_global_dtors_aux
                0x08000204       0x28 E:/Software/Scoop/apps/gcc-arm-none-eabi/current/bin/../lib/gcc/arm-none-eabi/13.2.1/thumb/v7e-m+fp/hard/crtbegin.o
 .text.frame_dummy
                0x0800022c       0x24 E:/Software/Scoop/apps/gcc-arm-none-eabi/current/bin/../lib/gcc/arm-none-eabi/13.2.1/thumb/v7e-m+fp/hard/crtbegin.o
 .text.RetargetInit
                0x08000250       0x30 CMakeFiles/STM32_Warehouse.dir/UserApp/Utils/retarget.c.obj
                0x08000250                RetargetInit
 .text._write   0x08000280       0x40 CMakeFiles/STM32_Warehouse.dir/UserApp/Utils/retarget.c.obj
                0x08000280                _write
 .text.Main     0x080002c0       0x14 CMakeFiles/STM32_Warehouse.dir/UserApp/main.cpp.obj
                0x080002c0                Main
 .text.main     0x080002d4       0x2c CMakeFiles/STM32_Warehouse.dir/Core/Src/main.c.obj
                0x080002d4                main
 .text.SystemClock_Config
                0x08000300       0xd4 CMakeFiles/STM32_Warehouse.dir/Core/Src/main.c.obj
                0x08000300                SystemClock_Config
 .text.HAL_TIM_PeriodElapsedCallback
                0x080003d4       0x24 CMakeFiles/STM32_Warehouse.dir/Core/Src/main.c.obj
                0x080003d4                HAL_TIM_PeriodElapsedCallback
 .text.Error_Handler
                0x080003f8        0xc CMakeFiles/STM32_Warehouse.dir/Core/Src/main.c.obj
                0x080003f8                Error_Handler
 .text.MX_GPIO_Init
                0x08000404       0x88 CMakeFiles/STM32_Warehouse.dir/Core/Src/gpio.c.obj
                0x08000404                MX_GPIO_Init
 .text.vApplicationGetIdleTaskMemory
                0x0800048c       0x34 CMakeFiles/STM32_Warehouse.dir/Core/Src/freertos.c.obj
                0x0800048c                vApplicationGetIdleTaskMemory
 .text.MX_FREERTOS_Init
                0x080004c0       0x38 CMakeFiles/STM32_Warehouse.dir/Core/Src/freertos.c.obj
                0x080004c0                MX_FREERTOS_Init
 .text.StartDefaultTask
                0x080004f8       0x14 CMakeFiles/STM32_Warehouse.dir/Core/Src/freertos.c.obj
                0x080004f8                StartDefaultTask
 .text.MX_USART1_UART_Init
                0x0800050c       0x58 CMakeFiles/STM32_Warehouse.dir/Core/Src/usart.c.obj
                0x0800050c                MX_USART1_UART_Init
 .text.MX_USART2_UART_Init
                0x08000564       0x54 CMakeFiles/STM32_Warehouse.dir/Core/Src/usart.c.obj
                0x08000564                MX_USART2_UART_Init
 .text.MX_USART3_UART_Init
                0x080005b8       0x54 CMakeFiles/STM32_Warehouse.dir/Core/Src/usart.c.obj
                0x080005b8                MX_USART3_UART_Init
 .text.MX_USART6_UART_Init
                0x0800060c       0x54 CMakeFiles/STM32_Warehouse.dir/Core/Src/usart.c.obj
                0x0800060c                MX_USART6_UART_Init
 .text.HAL_UART_MspInit
                0x08000660      0x214 CMakeFiles/STM32_Warehouse.dir/Core/Src/usart.c.obj
                0x08000660                HAL_UART_MspInit
 .text.NMI_Handler
                0x08000874        0x8 CMakeFiles/STM32_Warehouse.dir/Core/Src/stm32f4xx_it.c.obj
                0x08000874                NMI_Handler
 .text.HardFault_Handler
                0x0800087c        0x8 CMakeFiles/STM32_Warehouse.dir/Core/Src/stm32f4xx_it.c.obj
                0x0800087c                HardFault_Handler
 .text.MemManage_Handler
                0x08000884        0x8 CMakeFiles/STM32_Warehouse.dir/Core/Src/stm32f4xx_it.c.obj
                0x08000884                MemManage_Handler
 .text.BusFault_Handler
                0x0800088c        0x8 CMakeFiles/STM32_Warehouse.dir/Core/Src/stm32f4xx_it.c.obj
                0x0800088c                BusFault_Handler
 .text.UsageFault_Handler
                0x08000894        0x8 CMakeFiles/STM32_Warehouse.dir/Core/Src/stm32f4xx_it.c.obj
                0x08000894                UsageFault_Handler
 .text.DebugMon_Handler
                0x0800089c        0xe CMakeFiles/STM32_Warehouse.dir/Core/Src/stm32f4xx_it.c.obj
                0x0800089c                DebugMon_Handler
 *fill*         0x080008aa        0x2 
 .text.TIM1_UP_TIM10_IRQHandler
                0x080008ac       0x14 CMakeFiles/STM32_Warehouse.dir/Core/Src/stm32f4xx_it.c.obj
                0x080008ac                TIM1_UP_TIM10_IRQHandler
 .text.USART1_IRQHandler
                0x080008c0       0x14 CMakeFiles/STM32_Warehouse.dir/Core/Src/stm32f4xx_it.c.obj
                0x080008c0                USART1_IRQHandler
 .text.USART2_IRQHandler
                0x080008d4       0x14 CMakeFiles/STM32_Warehouse.dir/Core/Src/stm32f4xx_it.c.obj
                0x080008d4                USART2_IRQHandler
 .text.USART3_IRQHandler
                0x080008e8       0x14 CMakeFiles/STM32_Warehouse.dir/Core/Src/stm32f4xx_it.c.obj
                0x080008e8                USART3_IRQHandler
 .text.USART6_IRQHandler
                0x080008fc       0x14 CMakeFiles/STM32_Warehouse.dir/Core/Src/stm32f4xx_it.c.obj
                0x080008fc                USART6_IRQHandler
 .text.HAL_MspInit
                0x08000910       0x58 CMakeFiles/STM32_Warehouse.dir/Core/Src/stm32f4xx_hal_msp.c.obj
                0x08000910                HAL_MspInit
 .text.HAL_InitTick
                0x08000968       0xe8 CMakeFiles/STM32_Warehouse.dir/Core/Src/stm32f4xx_hal_timebase_tim.c.obj
                0x08000968                HAL_InitTick
 .text.HAL_RCC_OscConfig
                0x08000a50      0x4f0 CMakeFiles/STM32_Warehouse.dir/Drivers/STM32F4xx_HAL_Driver/Src/stm32f4xx_hal_rcc.c.obj
                0x08000a50                HAL_RCC_OscConfig
 .text.HAL_RCC_ClockConfig
                0x08000f40      0x1cc CMakeFiles/STM32_Warehouse.dir/Drivers/STM32F4xx_HAL_Driver/Src/stm32f4xx_hal_rcc.c.obj
                0x08000f40                HAL_RCC_ClockConfig
 .text.HAL_RCC_GetSysClockFreq
                0x0800110c      0x20c CMakeFiles/STM32_Warehouse.dir/Drivers/STM32F4xx_HAL_Driver/Src/stm32f4xx_hal_rcc.c.obj
                0x0800110c                HAL_RCC_GetSysClockFreq
 .text.HAL_RCC_GetHCLKFreq
                0x08001318       0x18 CMakeFiles/STM32_Warehouse.dir/Drivers/STM32F4xx_HAL_Driver/Src/stm32f4xx_hal_rcc.c.obj
                0x08001318                HAL_RCC_GetHCLKFreq
 .text.HAL_RCC_GetPCLK1Freq
                0x08001330       0x28 CMakeFiles/STM32_Warehouse.dir/Drivers/STM32F4xx_HAL_Driver/Src/stm32f4xx_hal_rcc.c.obj
                0x08001330                HAL_RCC_GetPCLK1Freq
 .text.HAL_RCC_GetPCLK2Freq
                0x08001358       0x28 CMakeFiles/STM32_Warehouse.dir/Drivers/STM32F4xx_HAL_Driver/Src/stm32f4xx_hal_rcc.c.obj
                0x08001358                HAL_RCC_GetPCLK2Freq
 .text.HAL_RCC_GetClockConfig
                0x08001380       0x64 CMakeFiles/STM32_Warehouse.dir/Drivers/STM32F4xx_HAL_Driver/Src/stm32f4xx_hal_rcc.c.obj
                0x08001380                HAL_RCC_GetClockConfig
 .text.HAL_GPIO_Init
                0x080013e4      0x338 CMakeFiles/STM32_Warehouse.dir/Drivers/STM32F4xx_HAL_Driver/Src/stm32f4xx_hal_gpio.c.obj
                0x080013e4                HAL_GPIO_Init
 .text.HAL_DMA_Abort
                0x0800171c       0xe0 CMakeFiles/STM32_Warehouse.dir/Drivers/STM32F4xx_HAL_Driver/Src/stm32f4xx_hal_dma.c.obj
                0x0800171c                HAL_DMA_Abort
 .text.HAL_DMA_Abort_IT
                0x080017fc       0x44 CMakeFiles/STM32_Warehouse.dir/Drivers/STM32F4xx_HAL_Driver/Src/stm32f4xx_hal_dma.c.obj
                0x080017fc                HAL_DMA_Abort_IT
 .text.__NVIC_SetPriorityGrouping
                0x08001840       0x48 CMakeFiles/STM32_Warehouse.dir/Drivers/STM32F4xx_HAL_Driver/Src/stm32f4xx_hal_cortex.c.obj
 .text.__NVIC_GetPriorityGrouping
                0x08001888       0x1c CMakeFiles/STM32_Warehouse.dir/Drivers/STM32F4xx_HAL_Driver/Src/stm32f4xx_hal_cortex.c.obj
 .text.__NVIC_EnableIRQ
                0x080018a4       0x3c CMakeFiles/STM32_Warehouse.dir/Drivers/STM32F4xx_HAL_Driver/Src/stm32f4xx_hal_cortex.c.obj
 .text.__NVIC_SetPriority
                0x080018e0       0x54 CMakeFiles/STM32_Warehouse.dir/Drivers/STM32F4xx_HAL_Driver/Src/stm32f4xx_hal_cortex.c.obj
 .text.NVIC_EncodePriority
                0x08001934       0x66 CMakeFiles/STM32_Warehouse.dir/Drivers/STM32F4xx_HAL_Driver/Src/stm32f4xx_hal_cortex.c.obj
 .text.HAL_NVIC_SetPriorityGrouping
                0x0800199a       0x16 CMakeFiles/STM32_Warehouse.dir/Drivers/STM32F4xx_HAL_Driver/Src/stm32f4xx_hal_cortex.c.obj
                0x0800199a                HAL_NVIC_SetPriorityGrouping
 .text.HAL_NVIC_SetPriority
                0x080019b0       0x38 CMakeFiles/STM32_Warehouse.dir/Drivers/STM32F4xx_HAL_Driver/Src/stm32f4xx_hal_cortex.c.obj
                0x080019b0                HAL_NVIC_SetPriority
 .text.HAL_NVIC_EnableIRQ
                0x080019e8       0x1c CMakeFiles/STM32_Warehouse.dir/Drivers/STM32F4xx_HAL_Driver/Src/stm32f4xx_hal_cortex.c.obj
                0x080019e8                HAL_NVIC_EnableIRQ
 .text.HAL_Init
                0x08001a04       0x44 CMakeFiles/STM32_Warehouse.dir/Drivers/STM32F4xx_HAL_Driver/Src/stm32f4xx_hal.c.obj
                0x08001a04                HAL_Init
 .text.HAL_IncTick
                0x08001a48       0x28 CMakeFiles/STM32_Warehouse.dir/Drivers/STM32F4xx_HAL_Driver/Src/stm32f4xx_hal.c.obj
                0x08001a48                HAL_IncTick
 .text.HAL_GetTick
                0x08001a70       0x18 CMakeFiles/STM32_Warehouse.dir/Drivers/STM32F4xx_HAL_Driver/Src/stm32f4xx_hal.c.obj
                0x08001a70                HAL_GetTick
 .text.HAL_Delay
                0x08001a88       0x48 CMakeFiles/STM32_Warehouse.dir/Drivers/STM32F4xx_HAL_Driver/Src/stm32f4xx_hal.c.obj
                0x08001a88                HAL_Delay
 .text.HAL_TIM_Base_Init
                0x08001ad0       0x9e CMakeFiles/STM32_Warehouse.dir/Drivers/STM32F4xx_HAL_Driver/Src/stm32f4xx_hal_tim.c.obj
                0x08001ad0                HAL_TIM_Base_Init
 .text.HAL_TIM_Base_MspInit
                0x08001b6e       0x14 CMakeFiles/STM32_Warehouse.dir/Drivers/STM32F4xx_HAL_Driver/Src/stm32f4xx_hal_tim.c.obj
                0x08001b6e                HAL_TIM_Base_MspInit
 *fill*         0x08001b82        0x2 
 .text.HAL_TIM_Base_Start_IT
                0x08001b84       0xe0 CMakeFiles/STM32_Warehouse.dir/Drivers/STM32F4xx_HAL_Driver/Src/stm32f4xx_hal_tim.c.obj
                0x08001b84                HAL_TIM_Base_Start_IT
 .text.HAL_TIM_IRQHandler
                0x08001c64      0x1e0 CMakeFiles/STM32_Warehouse.dir/Drivers/STM32F4xx_HAL_Driver/Src/stm32f4xx_hal_tim.c.obj
                0x08001c64                HAL_TIM_IRQHandler
 .text.HAL_TIM_OC_DelayElapsedCallback
                0x08001e44       0x14 CMakeFiles/STM32_Warehouse.dir/Drivers/STM32F4xx_HAL_Driver/Src/stm32f4xx_hal_tim.c.obj
                0x08001e44                HAL_TIM_OC_DelayElapsedCallback
 .text.HAL_TIM_IC_CaptureCallback
                0x08001e58       0x14 CMakeFiles/STM32_Warehouse.dir/Drivers/STM32F4xx_HAL_Driver/Src/stm32f4xx_hal_tim.c.obj
                0x08001e58                HAL_TIM_IC_CaptureCallback
 .text.HAL_TIM_PWM_PulseFinishedCallback
                0x08001e6c       0x14 CMakeFiles/STM32_Warehouse.dir/Drivers/STM32F4xx_HAL_Driver/Src/stm32f4xx_hal_tim.c.obj
                0x08001e6c                HAL_TIM_PWM_PulseFinishedCallback
 .text.HAL_TIM_TriggerCallback
                0x08001e80       0x14 CMakeFiles/STM32_Warehouse.dir/Drivers/STM32F4xx_HAL_Driver/Src/stm32f4xx_hal_tim.c.obj
                0x08001e80                HAL_TIM_TriggerCallback
 .text.TIM_Base_SetConfig
                0x08001e94      0x158 CMakeFiles/STM32_Warehouse.dir/Drivers/STM32F4xx_HAL_Driver/Src/stm32f4xx_hal_tim.c.obj
                0x08001e94                TIM_Base_SetConfig
 .text.HAL_TIMEx_CommutCallback
                0x08001fec       0x14 CMakeFiles/STM32_Warehouse.dir/Drivers/STM32F4xx_HAL_Driver/Src/stm32f4xx_hal_tim_ex.c.obj
                0x08001fec                HAL_TIMEx_CommutCallback
 .text.HAL_TIMEx_BreakCallback
                0x08002000       0x14 CMakeFiles/STM32_Warehouse.dir/Drivers/STM32F4xx_HAL_Driver/Src/stm32f4xx_hal_tim_ex.c.obj
                0x08002000                HAL_TIMEx_BreakCallback
 .text.HAL_UART_Init
                0x08002014       0xa0 CMakeFiles/STM32_Warehouse.dir/Drivers/STM32F4xx_HAL_Driver/Src/stm32f4xx_hal_uart.c.obj
                0x08002014                HAL_UART_Init
 .text.HAL_UART_Transmit
                0x080020b4      0x116 CMakeFiles/STM32_Warehouse.dir/Drivers/STM32F4xx_HAL_Driver/Src/stm32f4xx_hal_uart.c.obj
                0x080020b4                HAL_UART_Transmit
 *fill*         0x080021ca        0x2 
 .text.HAL_UART_IRQHandler
                0x080021cc      0x524 CMakeFiles/STM32_Warehouse.dir/Drivers/STM32F4xx_HAL_Driver/Src/stm32f4xx_hal_uart.c.obj
                0x080021cc                HAL_UART_IRQHandler
 .text.HAL_UART_TxCpltCallback
                0x080026f0       0x14 CMakeFiles/STM32_Warehouse.dir/Drivers/STM32F4xx_HAL_Driver/Src/stm32f4xx_hal_uart.c.obj
                0x080026f0                HAL_UART_TxCpltCallback
 .text.HAL_UART_RxCpltCallback
                0x08002704       0x14 CMakeFiles/STM32_Warehouse.dir/Drivers/STM32F4xx_HAL_Driver/Src/stm32f4xx_hal_uart.c.obj
                0x08002704                HAL_UART_RxCpltCallback
 .text.HAL_UART_ErrorCallback
                0x08002718       0x14 CMakeFiles/STM32_Warehouse.dir/Drivers/STM32F4xx_HAL_Driver/Src/stm32f4xx_hal_uart.c.obj
                0x08002718                HAL_UART_ErrorCallback
 .text.HAL_UARTEx_RxEventCallback
                0x0800272c       0x18 CMakeFiles/STM32_Warehouse.dir/Drivers/STM32F4xx_HAL_Driver/Src/stm32f4xx_hal_uart.c.obj
                0x0800272c                HAL_UARTEx_RxEventCallback
 .text.UART_WaitOnFlagUntilTimeout
                0x08002744       0xb2 CMakeFiles/STM32_Warehouse.dir/Drivers/STM32F4xx_HAL_Driver/Src/stm32f4xx_hal_uart.c.obj
 .text.UART_EndRxTransfer
                0x080027f6       0xc6 CMakeFiles/STM32_Warehouse.dir/Drivers/STM32F4xx_HAL_Driver/Src/stm32f4xx_hal_uart.c.obj
 .text.UART_DMAAbortOnError
                0x080028bc       0x28 CMakeFiles/STM32_Warehouse.dir/Drivers/STM32F4xx_HAL_Driver/Src/stm32f4xx_hal_uart.c.obj
 .text.UART_Transmit_IT
                0x080028e4       0xa0 CMakeFiles/STM32_Warehouse.dir/Drivers/STM32F4xx_HAL_Driver/Src/stm32f4xx_hal_uart.c.obj
 .text.UART_EndTransmit_IT
                0x08002984       0x30 CMakeFiles/STM32_Warehouse.dir/Drivers/STM32F4xx_HAL_Driver/Src/stm32f4xx_hal_uart.c.obj
 .text.UART_Receive_IT
                0x080029b4      0x17c CMakeFiles/STM32_Warehouse.dir/Drivers/STM32F4xx_HAL_Driver/Src/stm32f4xx_hal_uart.c.obj
 .text.UART_SetConfig
                0x08002b30      0x4e8 CMakeFiles/STM32_Warehouse.dir/Drivers/STM32F4xx_HAL_Driver/Src/stm32f4xx_hal_uart.c.obj
 .text.SystemInit
                0x08003018       0x24 CMakeFiles/STM32_Warehouse.dir/Core/Src/system_stm32f4xx.c.obj
                0x08003018                SystemInit
 .text.vListInitialise
                0x0800303c       0x40 CMakeFiles/STM32_Warehouse.dir/Middlewares/Third_Party/FreeRTOS/Source/list.c.obj
                0x0800303c                vListInitialise
 .text.vListInitialiseItem
                0x0800307c       0x1a CMakeFiles/STM32_Warehouse.dir/Middlewares/Third_Party/FreeRTOS/Source/list.c.obj
                0x0800307c                vListInitialiseItem
 .text.vListInsertEnd
                0x08003096       0x48 CMakeFiles/STM32_Warehouse.dir/Middlewares/Third_Party/FreeRTOS/Source/list.c.obj
                0x08003096                vListInsertEnd
 .text.uxListRemove
                0x080030de       0x54 CMakeFiles/STM32_Warehouse.dir/Middlewares/Third_Party/FreeRTOS/Source/list.c.obj
                0x080030de                uxListRemove
 .text.xTaskCreateStatic
                0x08003132       0xc0 CMakeFiles/STM32_Warehouse.dir/Middlewares/Third_Party/FreeRTOS/Source/tasks.c.obj
                0x08003132                xTaskCreateStatic
 .text.xTaskCreate
                0x080031f2       0x8a CMakeFiles/STM32_Warehouse.dir/Middlewares/Third_Party/FreeRTOS/Source/tasks.c.obj
                0x080031f2                xTaskCreate
 .text.prvInitialiseNewTask
                0x0800327c      0x110 CMakeFiles/STM32_Warehouse.dir/Middlewares/Third_Party/FreeRTOS/Source/tasks.c.obj
 .text.prvAddNewTaskToReadyList
                0x0800338c       0xd4 CMakeFiles/STM32_Warehouse.dir/Middlewares/Third_Party/FreeRTOS/Source/tasks.c.obj
 .text.vTaskStartScheduler
                0x08003460       0xc4 CMakeFiles/STM32_Warehouse.dir/Middlewares/Third_Party/FreeRTOS/Source/tasks.c.obj
                0x08003460                vTaskStartScheduler
 .text.vTaskSuspendAll
                0x08003524       0x1c CMakeFiles/STM32_Warehouse.dir/Middlewares/Third_Party/FreeRTOS/Source/tasks.c.obj
                0x08003524                vTaskSuspendAll
 .text.xTaskResumeAll
                0x08003540      0x13c CMakeFiles/STM32_Warehouse.dir/Middlewares/Third_Party/FreeRTOS/Source/tasks.c.obj
                0x08003540                xTaskResumeAll
 .text.xTaskIncrementTick
                0x0800367c      0x174 CMakeFiles/STM32_Warehouse.dir/Middlewares/Third_Party/FreeRTOS/Source/tasks.c.obj
                0x0800367c                xTaskIncrementTick
 .text.vTaskSwitchContext
                0x080037f0       0xb8 CMakeFiles/STM32_Warehouse.dir/Middlewares/Third_Party/FreeRTOS/Source/tasks.c.obj
                0x080037f0                vTaskSwitchContext
 .text.prvIdleTask
                0x080038a8       0x30 CMakeFiles/STM32_Warehouse.dir/Middlewares/Third_Party/FreeRTOS/Source/tasks.c.obj
 .text.prvInitialiseTaskLists
                0x080038d8       0x80 CMakeFiles/STM32_Warehouse.dir/Middlewares/Third_Party/FreeRTOS/Source/tasks.c.obj
 .text.prvCheckTasksWaitingTermination
                0x08003958       0x5c CMakeFiles/STM32_Warehouse.dir/Middlewares/Third_Party/FreeRTOS/Source/tasks.c.obj
 .text.prvDeleteTCB
                0x080039b4       0x60 CMakeFiles/STM32_Warehouse.dir/Middlewares/Third_Party/FreeRTOS/Source/tasks.c.obj
 .text.prvResetNextTaskUnblockTime
                0x08003a14       0x40 CMakeFiles/STM32_Warehouse.dir/Middlewares/Third_Party/FreeRTOS/Source/tasks.c.obj
 .text.makeFreeRtosPriority
                0x08003a54       0x30 CMakeFiles/STM32_Warehouse.dir/Middlewares/Third_Party/FreeRTOS/Source/CMSIS_RTOS/cmsis_os.c.obj
 .text.osKernelStart
                0x08003a84        0xe CMakeFiles/STM32_Warehouse.dir/Middlewares/Third_Party/FreeRTOS/Source/CMSIS_RTOS/cmsis_os.c.obj
                0x08003a84                osKernelStart
 .text.osThreadCreate
                0x08003a92       0x98 CMakeFiles/STM32_Warehouse.dir/Middlewares/Third_Party/FreeRTOS/Source/CMSIS_RTOS/cmsis_os.c.obj
                0x08003a92                osThreadCreate
 *fill*         0x08003b2a        0x2 
 .text.pvPortMalloc
                0x08003b2c      0x19c CMakeFiles/STM32_Warehouse.dir/Middlewares/Third_Party/FreeRTOS/Source/portable/MemMang/heap_4.c.obj
                0x08003b2c                pvPortMalloc
 .text.vPortFree
                0x08003cc8       0xc8 CMakeFiles/STM32_Warehouse.dir/Middlewares/Third_Party/FreeRTOS/Source/portable/MemMang/heap_4.c.obj
                0x08003cc8                vPortFree
 .text.prvHeapInit
                0x08003d90       0xc4 CMakeFiles/STM32_Warehouse.dir/Middlewares/Third_Party/FreeRTOS/Source/portable/MemMang/heap_4.c.obj
 .text.prvInsertBlockIntoFreeList
                0x08003e54       0xb4 CMakeFiles/STM32_Warehouse.dir/Middlewares/Third_Party/FreeRTOS/Source/portable/MemMang/heap_4.c.obj
 .text.pxPortInitialiseStack
                0x08003f08       0x68 CMakeFiles/STM32_Warehouse.dir/Middlewares/Third_Party/FreeRTOS/Source/portable/GCC/ARM_CM4F/port.c.obj
                0x08003f08                pxPortInitialiseStack
 .text.prvTaskExitError
                0x08003f70       0x5c CMakeFiles/STM32_Warehouse.dir/Middlewares/Third_Party/FreeRTOS/Source/portable/GCC/ARM_CM4F/port.c.obj
 *fill*         0x08003fcc        0x4 
 .text.SVC_Handler
                0x08003fd0       0x28 CMakeFiles/STM32_Warehouse.dir/Middlewares/Third_Party/FreeRTOS/Source/portable/GCC/ARM_CM4F/port.c.obj
                0x08003fd0                SVC_Handler
 .text.prvPortStartFirstTask
                0x08003ff8       0x28 CMakeFiles/STM32_Warehouse.dir/Middlewares/Third_Party/FreeRTOS/Source/portable/GCC/ARM_CM4F/port.c.obj
 .text.xPortStartScheduler
                0x08004020      0x148 CMakeFiles/STM32_Warehouse.dir/Middlewares/Third_Party/FreeRTOS/Source/portable/GCC/ARM_CM4F/port.c.obj
                0x08004020                xPortStartScheduler
 .text.vPortEnterCritical
                0x08004168       0x64 CMakeFiles/STM32_Warehouse.dir/Middlewares/Third_Party/FreeRTOS/Source/portable/GCC/ARM_CM4F/port.c.obj
                0x08004168                vPortEnterCritical
 .text.vPortExitCritical
                0x080041cc       0x54 CMakeFiles/STM32_Warehouse.dir/Middlewares/Third_Party/FreeRTOS/Source/portable/GCC/ARM_CM4F/port.c.obj
                0x080041cc                vPortExitCritical
 .text.PendSV_Handler
                0x08004220       0x68 CMakeFiles/STM32_Warehouse.dir/Middlewares/Third_Party/FreeRTOS/Source/portable/GCC/ARM_CM4F/port.c.obj
                0x08004220                PendSV_Handler
 .text.SysTick_Handler
                0x08004288       0x44 CMakeFiles/STM32_Warehouse.dir/Middlewares/Third_Party/FreeRTOS/Source/portable/GCC/ARM_CM4F/port.c.obj
                0x08004288                SysTick_Handler
 .text.vPortSetupTimerInterrupt
                0x080042cc       0x48 CMakeFiles/STM32_Warehouse.dir/Middlewares/Third_Party/FreeRTOS/Source/portable/GCC/ARM_CM4F/port.c.obj
                0x080042cc                vPortSetupTimerInterrupt
 .text.vPortEnableVFP
                0x08004314       0x14 CMakeFiles/STM32_Warehouse.dir/Middlewares/Third_Party/FreeRTOS/Source/portable/GCC/ARM_CM4F/port.c.obj
 .text._sbrk    0x08004328       0x6c CMakeFiles/STM32_Warehouse.dir/Core/Src/sysmem.c.obj
                0x08004328                _sbrk
 .text._read    0x08004394       0x3a CMakeFiles/STM32_Warehouse.dir/Core/Src/syscalls.c.obj
                0x08004394                _read
 .text._close   0x080043ce       0x18 CMakeFiles/STM32_Warehouse.dir/Core/Src/syscalls.c.obj
                0x080043ce                _close
 .text._fstat   0x080043e6       0x20 CMakeFiles/STM32_Warehouse.dir/Core/Src/syscalls.c.obj
                0x080043e6                _fstat
 .text._lseek   0x08004406       0x1a CMakeFiles/STM32_Warehouse.dir/Core/Src/syscalls.c.obj
                0x08004406                _lseek
 .text.Reset_Handler
                0x08004420       0x50 CMakeFiles/STM32_Warehouse.dir/startup_stm32f407xx.s.obj
                0x08004420                Reset_Handler
 .text.Default_Handler
                0x08004470        0x2 CMakeFiles/STM32_Warehouse.dir/startup_stm32f407xx.s.obj
                0x08004470                RTC_Alarm_IRQHandler
                0x08004470                HASH_RNG_IRQHandler
                0x08004470                EXTI2_IRQHandler
                0x08004470                TIM8_CC_IRQHandler
                0x08004470                TIM1_CC_IRQHandler
                0x08004470                DMA2_Stream5_IRQHandler
                0x08004470                DMA1_Stream5_IRQHandler
                0x08004470                PVD_IRQHandler
                0x08004470                SDIO_IRQHandler
                0x08004470                TAMP_STAMP_IRQHandler
                0x08004470                CAN2_RX1_IRQHandler
                0x08004470                EXTI3_IRQHandler
                0x08004470                TIM8_TRG_COM_TIM14_IRQHandler
                0x08004470                TIM8_UP_TIM13_IRQHandler
                0x08004470                I2C3_ER_IRQHandler
                0x08004470                EXTI0_IRQHandler
                0x08004470                I2C2_EV_IRQHandler
                0x08004470                DMA1_Stream2_IRQHandler
                0x08004470                CAN1_RX0_IRQHandler
                0x08004470                FPU_IRQHandler
                0x08004470                OTG_HS_WKUP_IRQHandler
                0x08004470                CAN2_SCE_IRQHandler
                0x08004470                DMA2_Stream2_IRQHandler
                0x08004470                SPI1_IRQHandler
                0x08004470                TIM6_DAC_IRQHandler
                0x08004470                TIM1_BRK_TIM9_IRQHandler
                0x08004470                DCMI_IRQHandler
                0x08004470                CAN2_RX0_IRQHandler
                0x08004470                DMA2_Stream3_IRQHandler
                0x08004470                CAN1_RX1_IRQHandler
                0x08004470                UART5_IRQHandler
                0x08004470                DMA2_Stream0_IRQHandler
                0x08004470                TIM4_IRQHandler
                0x08004470                I2C1_EV_IRQHandler
                0x08004470                DMA1_Stream6_IRQHandler
                0x08004470                DMA1_Stream1_IRQHandler
                0x08004470                UART4_IRQHandler
                0x08004470                TIM3_IRQHandler
                0x08004470                RCC_IRQHandler
                0x08004470                TIM8_BRK_TIM12_IRQHandler
                0x08004470                Default_Handler
                0x08004470                EXTI15_10_IRQHandler
                0x08004470                ADC_IRQHandler
                0x08004470                DMA1_Stream7_IRQHandler
                0x08004470                TIM7_IRQHandler
                0x08004470                CAN2_TX_IRQHandler
                0x08004470                TIM5_IRQHandler
                0x08004470                DMA2_Stream7_IRQHandler
                0x08004470                I2C3_EV_IRQHandler
                0x08004470                EXTI9_5_IRQHandler
                0x08004470                RTC_WKUP_IRQHandler
                0x08004470                ETH_WKUP_IRQHandler
                0x08004470                SPI2_IRQHandler
                0x08004470                OTG_HS_EP1_IN_IRQHandler
                0x08004470                DMA1_Stream0_IRQHandler
                0x08004470                CAN1_TX_IRQHandler
                0x08004470                EXTI4_IRQHandler
                0x08004470                FSMC_IRQHandler
                0x08004470                ETH_IRQHandler
                0x08004470                OTG_HS_EP1_OUT_IRQHandler
                0x08004470                WWDG_IRQHandler
                0x08004470                TIM2_IRQHandler
                0x08004470                OTG_FS_WKUP_IRQHandler
                0x08004470                TIM1_TRG_COM_TIM11_IRQHandler
                0x08004470                OTG_HS_IRQHandler
                0x08004470                EXTI1_IRQHandler
                0x08004470                I2C2_ER_IRQHandler
                0x08004470                DMA2_Stream1_IRQHandler
                0x08004470                CAN1_SCE_IRQHandler
                0x08004470                FLASH_IRQHandler
                0x08004470                DMA2_Stream4_IRQHandler
                0x08004470                OTG_FS_IRQHandler
                0x08004470                SPI3_IRQHandler
                0x08004470                DMA1_Stream4_IRQHandler
                0x08004470                I2C1_ER_IRQHandler
                0x08004470                DMA2_Stream6_IRQHandler
                0x08004470                DMA1_Stream3_IRQHandler
 *fill*         0x08004472        0x2 
 .text.std      0x08004474       0x6c E:/Software/Scoop/apps/gcc-arm-none-eabi/current/bin/../lib/gcc/arm-none-eabi/13.2.1/thumb/v7e-m+fp/hard\libc_nano.a(libc_a-findfp.o)
 .text.stdio_exit_handler
                0x080044e0       0x18 E:/Software/Scoop/apps/gcc-arm-none-eabi/current/bin/../lib/gcc/arm-none-eabi/13.2.1/thumb/v7e-m+fp/hard\libc_nano.a(libc_a-findfp.o)
 .text.cleanup_stdio
                0x080044f8       0x40 E:/Software/Scoop/apps/gcc-arm-none-eabi/current/bin/../lib/gcc/arm-none-eabi/13.2.1/thumb/v7e-m+fp/hard\libc_nano.a(libc_a-findfp.o)
 .text.global_stdio_init.part.0
                0x08004538       0x3c E:/Software/Scoop/apps/gcc-arm-none-eabi/current/bin/../lib/gcc/arm-none-eabi/13.2.1/thumb/v7e-m+fp/hard\libc_nano.a(libc_a-findfp.o)
 .text.__sfp_lock_acquire
                0x08004574        0xc E:/Software/Scoop/apps/gcc-arm-none-eabi/current/bin/../lib/gcc/arm-none-eabi/13.2.1/thumb/v7e-m+fp/hard\libc_nano.a(libc_a-findfp.o)
                0x08004574                __sfp_lock_acquire
 .text.__sfp_lock_release
                0x08004580        0xc E:/Software/Scoop/apps/gcc-arm-none-eabi/current/bin/../lib/gcc/arm-none-eabi/13.2.1/thumb/v7e-m+fp/hard\libc_nano.a(libc_a-findfp.o)
                0x08004580                __sfp_lock_release
 .text.__sinit  0x0800458c       0x30 E:/Software/Scoop/apps/gcc-arm-none-eabi/current/bin/../lib/gcc/arm-none-eabi/13.2.1/thumb/v7e-m+fp/hard\libc_nano.a(libc_a-findfp.o)
                0x0800458c                __sinit
 .text._fwalk_sglue
                0x080045bc       0x3c E:/Software/Scoop/apps/gcc-arm-none-eabi/current/bin/../lib/gcc/arm-none-eabi/13.2.1/thumb/v7e-m+fp/hard\libc_nano.a(libc_a-fwalk.o)
                0x080045bc                _fwalk_sglue
 .text.setvbuf  0x080045f8      0x168 E:/Software/Scoop/apps/gcc-arm-none-eabi/current/bin/../lib/gcc/arm-none-eabi/13.2.1/thumb/v7e-m+fp/hard\libc_nano.a(libc_a-setvbuf.o)
                0x080045f8                setvbuf
 .text.__sread  0x08004760       0x22 E:/Software/Scoop/apps/gcc-arm-none-eabi/current/bin/../lib/gcc/arm-none-eabi/13.2.1/thumb/v7e-m+fp/hard\libc_nano.a(libc_a-stdio.o)
                0x08004760                __sread
 .text.__swrite
                0x08004782       0x38 E:/Software/Scoop/apps/gcc-arm-none-eabi/current/bin/../lib/gcc/arm-none-eabi/13.2.1/thumb/v7e-m+fp/hard\libc_nano.a(libc_a-stdio.o)
                0x08004782                __swrite
 .text.__sseek  0x080047ba       0x24 E:/Software/Scoop/apps/gcc-arm-none-eabi/current/bin/../lib/gcc/arm-none-eabi/13.2.1/thumb/v7e-m+fp/hard\libc_nano.a(libc_a-stdio.o)
                0x080047ba                __sseek
 .text.__sclose
                0x080047de        0x8 E:/Software/Scoop/apps/gcc-arm-none-eabi/current/bin/../lib/gcc/arm-none-eabi/13.2.1/thumb/v7e-m+fp/hard\libc_nano.a(libc_a-stdio.o)
                0x080047de                __sclose
 .text.memset   0x080047e6       0x10 E:/Software/Scoop/apps/gcc-arm-none-eabi/current/bin/../lib/gcc/arm-none-eabi/13.2.1/thumb/v7e-m+fp/hard\libc_nano.a(libc_a-memset.o)
                0x080047e6                memset
 *fill*         0x080047f6        0x2 
 .text._close_r
                0x080047f8       0x20 E:/Software/Scoop/apps/gcc-arm-none-eabi/current/bin/../lib/gcc/arm-none-eabi/13.2.1/thumb/v7e-m+fp/hard\libc_nano.a(libc_a-closer.o)
                0x080047f8                _close_r
 .text._lseek_r
                0x08004818       0x24 E:/Software/Scoop/apps/gcc-arm-none-eabi/current/bin/../lib/gcc/arm-none-eabi/13.2.1/thumb/v7e-m+fp/hard\libc_nano.a(libc_a-lseekr.o)
                0x08004818                _lseek_r
 .text._read_r  0x0800483c       0x24 E:/Software/Scoop/apps/gcc-arm-none-eabi/current/bin/../lib/gcc/arm-none-eabi/13.2.1/thumb/v7e-m+fp/hard\libc_nano.a(libc_a-readr.o)
                0x0800483c                _read_r
 .text._write_r
                0x08004860       0x24 E:/Software/Scoop/apps/gcc-arm-none-eabi/current/bin/../lib/gcc/arm-none-eabi/13.2.1/thumb/v7e-m+fp/hard\libc_nano.a(libc_a-writer.o)
                0x08004860                _write_r
 .text.__errno  0x08004884        0xc E:/Software/Scoop/apps/gcc-arm-none-eabi/current/bin/../lib/gcc/arm-none-eabi/13.2.1/thumb/v7e-m+fp/hard\libc_nano.a(libc_a-errno.o)
                0x08004884                __errno
 .text.__libc_init_array
                0x08004890       0x48 E:/Software/Scoop/apps/gcc-arm-none-eabi/current/bin/../lib/gcc/arm-none-eabi/13.2.1/thumb/v7e-m+fp/hard\libc_nano.a(libc_a-init.o)
                0x08004890                __libc_init_array
 .text.__retarget_lock_init_recursive
                0x080048d8        0x2 E:/Software/Scoop/apps/gcc-arm-none-eabi/current/bin/../lib/gcc/arm-none-eabi/13.2.1/thumb/v7e-m+fp/hard\libc_nano.a(libc_a-lock.o)
                0x080048d8                __retarget_lock_init_recursive
 .text.__retarget_lock_acquire_recursive
                0x080048da        0x2 E:/Software/Scoop/apps/gcc-arm-none-eabi/current/bin/../lib/gcc/arm-none-eabi/13.2.1/thumb/v7e-m+fp/hard\libc_nano.a(libc_a-lock.o)
                0x080048da                __retarget_lock_acquire_recursive
 .text.__retarget_lock_release_recursive
                0x080048dc        0x2 E:/Software/Scoop/apps/gcc-arm-none-eabi/current/bin/../lib/gcc/arm-none-eabi/13.2.1/thumb/v7e-m+fp/hard\libc_nano.a(libc_a-lock.o)
                0x080048dc                __retarget_lock_release_recursive
 *fill*         0x080048de        0x2 
 .text._free_r  0x080048e0       0x94 E:/Software/Scoop/apps/gcc-arm-none-eabi/current/bin/../lib/gcc/arm-none-eabi/13.2.1/thumb/v7e-m+fp/hard\libc_nano.a(libc_a-freer.o)
                0x080048e0                _free_r
 .text.malloc   0x08004974       0x10 E:/Software/Scoop/apps/gcc-arm-none-eabi/current/bin/../lib/gcc/arm-none-eabi/13.2.1/thumb/v7e-m+fp/hard\libc_nano.a(libc_a-malloc.o)
                0x08004974                malloc
 .text.sbrk_aligned
                0x08004984       0x44 E:/Software/Scoop/apps/gcc-arm-none-eabi/current/bin/../lib/gcc/arm-none-eabi/13.2.1/thumb/v7e-m+fp/hard\libc_nano.a(libc_a-mallocr.o)
 .text._malloc_r
                0x080049c8      0x100 E:/Software/Scoop/apps/gcc-arm-none-eabi/current/bin/../lib/gcc/arm-none-eabi/13.2.1/thumb/v7e-m+fp/hard\libc_nano.a(libc_a-mallocr.o)
                0x080049c8                _malloc_r
 .text.__malloc_lock
                0x08004ac8        0xc E:/Software/Scoop/apps/gcc-arm-none-eabi/current/bin/../lib/gcc/arm-none-eabi/13.2.1/thumb/v7e-m+fp/hard\libc_nano.a(libc_a-mlock.o)
                0x08004ac8                __malloc_lock
 .text.__malloc_unlock
                0x08004ad4        0xc E:/Software/Scoop/apps/gcc-arm-none-eabi/current/bin/../lib/gcc/arm-none-eabi/13.2.1/thumb/v7e-m+fp/hard\libc_nano.a(libc_a-mlock.o)
                0x08004ad4                __malloc_unlock
 .text.__sflush_r
                0x08004ae0      0x108 E:/Software/Scoop/apps/gcc-arm-none-eabi/current/bin/../lib/gcc/arm-none-eabi/13.2.1/thumb/v7e-m+fp/hard\libc_nano.a(libc_a-fflush.o)
                0x08004ae0                __sflush_r
 .text._fflush_r
                0x08004be8       0x50 E:/Software/Scoop/apps/gcc-arm-none-eabi/current/bin/../lib/gcc/arm-none-eabi/13.2.1/thumb/v7e-m+fp/hard\libc_nano.a(libc_a-fflush.o)
                0x08004be8                _fflush_r
 .text.__swhatbuf_r
                0x08004c38       0x4c E:/Software/Scoop/apps/gcc-arm-none-eabi/current/bin/../lib/gcc/arm-none-eabi/13.2.1/thumb/v7e-m+fp/hard\libc_nano.a(libc_a-makebuf.o)
                0x08004c38                __swhatbuf_r
 .text._fstat_r
                0x08004c84       0x24 E:/Software/Scoop/apps/gcc-arm-none-eabi/current/bin/../lib/gcc/arm-none-eabi/13.2.1/thumb/v7e-m+fp/hard\libc_nano.a(libc_a-fstatr.o)
                0x08004c84                _fstat_r
 .text._sbrk_r  0x08004ca8       0x20 E:/Software/Scoop/apps/gcc-arm-none-eabi/current/bin/../lib/gcc/arm-none-eabi/13.2.1/thumb/v7e-m+fp/hard\libc_nano.a(libc_a-sbrkr.o)
                0x08004ca8                _sbrk_r
 .text.__udivmoddi4
                0x08004cc8      0x2bc E:/Software/Scoop/apps/gcc-arm-none-eabi/current/bin/../lib/gcc/arm-none-eabi/13.2.1/thumb/v7e-m+fp/hard\libgcc.a(_udivmoddi4.o)
                0x08004cc8                __udivmoddi4
 *(.glue_7)
 .glue_7        0x08004f84        0x0 linker stubs
 *(.glue_7t)
 .glue_7t       0x08004f84        0x0 linker stubs
 *(.eh_frame)
 .eh_frame      0x08004f84        0x0 E:/Software/Scoop/apps/gcc-arm-none-eabi/current/bin/../lib/gcc/arm-none-eabi/13.2.1/thumb/v7e-m+fp/hard/crtbegin.o
 *(.init)
 .init          0x08004f84        0x4 E:/Software/Scoop/apps/gcc-arm-none-eabi/current/bin/../lib/gcc/arm-none-eabi/13.2.1/thumb/v7e-m+fp/hard/crti.o
                0x08004f84                _init
 .init          0x08004f88        0x8 E:/Software/Scoop/apps/gcc-arm-none-eabi/current/bin/../lib/gcc/arm-none-eabi/13.2.1/thumb/v7e-m+fp/hard/crtn.o
 *(.fini)
 .fini          0x08004f90        0x4 E:/Software/Scoop/apps/gcc-arm-none-eabi/current/bin/../lib/gcc/arm-none-eabi/13.2.1/thumb/v7e-m+fp/hard/crti.o
                0x08004f90                _fini
 .fini          0x08004f94        0x8 E:/Software/Scoop/apps/gcc-arm-none-eabi/current/bin/../lib/gcc/arm-none-eabi/13.2.1/thumb/v7e-m+fp/hard/crtn.o
                0x08004f9c                        . = ALIGN (0x4)
                0x08004f9c                        _etext = .

.vfp11_veneer   0x08004f9c        0x0
 .vfp11_veneer  0x08004f9c        0x0 linker stubs

.v4_bx          0x08004f9c        0x0
 .v4_bx         0x08004f9c        0x0 linker stubs

.iplt           0x08004f9c        0x0
 .iplt          0x08004f9c        0x0 E:/Software/Scoop/apps/gcc-arm-none-eabi/current/bin/../lib/gcc/arm-none-eabi/13.2.1/thumb/v7e-m+fp/hard/crtbegin.o

.rodata         0x08004f9c       0x48
                0x08004f9c                        . = ALIGN (0x4)
 *(.rodata)
 .rodata        0x08004f9c       0x28 CMakeFiles/STM32_Warehouse.dir/Core/Src/freertos.c.obj
 .rodata        0x08004fc4        0x5 CMakeFiles/STM32_Warehouse.dir/Middlewares/Third_Party/FreeRTOS/Source/tasks.c.obj
 *(.rodata*)
 *fill*         0x08004fc9        0x3 
 .rodata.AHBPrescTable
                0x08004fcc       0x10 CMakeFiles/STM32_Warehouse.dir/Core/Src/system_stm32f4xx.c.obj
                0x08004fcc                AHBPrescTable
 .rodata.APBPrescTable
                0x08004fdc        0x8 CMakeFiles/STM32_Warehouse.dir/Core/Src/system_stm32f4xx.c.obj
                0x08004fdc                APBPrescTable
                0x08004fe4                        . = ALIGN (0x4)

.ARM.extab
 *(.ARM.extab* .gnu.linkonce.armextab.*)

.ARM            0x08004fe4        0x8
                0x08004fe4                        __exidx_start = .
 *(.ARM.exidx*)
 .ARM.exidx.text.__udivmoddi4
                0x08004fe4        0x8 E:/Software/Scoop/apps/gcc-arm-none-eabi/current/bin/../lib/gcc/arm-none-eabi/13.2.1/thumb/v7e-m+fp/hard\libgcc.a(_udivmoddi4.o)
                0x08004fec                        __exidx_end = .

.rel.dyn        0x08004fec        0x0
 .rel.iplt      0x08004fec        0x0 E:/Software/Scoop/apps/gcc-arm-none-eabi/current/bin/../lib/gcc/arm-none-eabi/13.2.1/thumb/v7e-m+fp/hard/crtbegin.o

.preinit_array  0x08004fec        0x0
                0x08004fec                        PROVIDE (__preinit_array_start = .)
 *(.preinit_array*)
                0x08004fec                        PROVIDE (__preinit_array_end = .)

.init_array     0x08004fec        0x4
                0x08004fec                        PROVIDE (__init_array_start = .)
 *(SORT_BY_NAME(.init_array.*))
 *(.init_array*)
 .init_array    0x08004fec        0x4 E:/Software/Scoop/apps/gcc-arm-none-eabi/current/bin/../lib/gcc/arm-none-eabi/13.2.1/thumb/v7e-m+fp/hard/crtbegin.o
                0x08004ff0                        PROVIDE (__init_array_end = .)

.fini_array     0x08004ff0        0x4
                [!provide]                        PROVIDE (__fini_array_start = .)
 *(SORT_BY_NAME(.fini_array.*))
 *(.fini_array*)
 .fini_array    0x08004ff0        0x4 E:/Software/Scoop/apps/gcc-arm-none-eabi/current/bin/../lib/gcc/arm-none-eabi/13.2.1/thumb/v7e-m+fp/hard/crtbegin.o
                [!provide]                        PROVIDE (__fini_array_end = .)
                0x08004ff4                        _sidata = LOADADDR (.data)

.data           0x20000000       0x6c load address 0x08004ff4
                0x20000000                        . = ALIGN (0x4)
                0x20000000                        _sdata = .
 *(.data)
 *(.data*)
 .data.uwTickPrio
                0x20000000        0x4 CMakeFiles/STM32_Warehouse.dir/Drivers/STM32F4xx_HAL_Driver/Src/stm32f4xx_hal.c.obj
                0x20000000                uwTickPrio
 .data.uwTickFreq
                0x20000004        0x1 CMakeFiles/STM32_Warehouse.dir/Drivers/STM32F4xx_HAL_Driver/Src/stm32f4xx_hal.c.obj
                0x20000004                uwTickFreq
 *fill*         0x20000005        0x3 
 .data.SystemCoreClock
                0x20000008        0x4 CMakeFiles/STM32_Warehouse.dir/Core/Src/system_stm32f4xx.c.obj
                0x20000008                SystemCoreClock
 .data.uxCriticalNesting
                0x2000000c        0x4 CMakeFiles/STM32_Warehouse.dir/Middlewares/Third_Party/FreeRTOS/Source/portable/GCC/ARM_CM4F/port.c.obj
 .data.__sglue  0x20000010        0xc E:/Software/Scoop/apps/gcc-arm-none-eabi/current/bin/../lib/gcc/arm-none-eabi/13.2.1/thumb/v7e-m+fp/hard\libc_nano.a(libc_a-findfp.o)
                0x20000010                __sglue
 .data._impure_ptr
                0x2000001c        0x4 E:/Software/Scoop/apps/gcc-arm-none-eabi/current/bin/../lib/gcc/arm-none-eabi/13.2.1/thumb/v7e-m+fp/hard\libc_nano.a(libc_a-impure.o)
                0x2000001c                _impure_ptr
 .data._impure_data
                0x20000020       0x4c E:/Software/Scoop/apps/gcc-arm-none-eabi/current/bin/../lib/gcc/arm-none-eabi/13.2.1/thumb/v7e-m+fp/hard\libc_nano.a(libc_a-impure.o)
                0x20000020                _impure_data
                0x2000006c                        . = ALIGN (0x4)
                0x2000006c                        _edata = .
                0x08005060                        _siccmram = LOADADDR (.ccmram)

.tm_clone_table
                0x2000006c        0x0 load address 0x08005060
 .tm_clone_table
                0x2000006c        0x0 E:/Software/Scoop/apps/gcc-arm-none-eabi/current/bin/../lib/gcc/arm-none-eabi/13.2.1/thumb/v7e-m+fp/hard/crtbegin.o
 .tm_clone_table
                0x2000006c        0x0 E:/Software/Scoop/apps/gcc-arm-none-eabi/current/bin/../lib/gcc/arm-none-eabi/13.2.1/thumb/v7e-m+fp/hard/crtend.o

.igot.plt       0x2000006c        0x0 load address 0x08005060
 .igot.plt      0x2000006c        0x0 E:/Software/Scoop/apps/gcc-arm-none-eabi/current/bin/../lib/gcc/arm-none-eabi/13.2.1/thumb/v7e-m+fp/hard/crtbegin.o

.ccmram         0x10000000        0x0 load address 0x08005060
                0x10000000                        . = ALIGN (0x4)
                0x10000000                        _sccmram = .
 *(.ccmram)
 *(.ccmram*)
                0x10000000                        . = ALIGN (0x4)
                0x10000000                        _eccmram = .
                0x10000000                        . = ALIGN (0x4)

.bss            0x2000006c     0x4288
                0x2000006c                        _sbss = .
                0x2000006c                        __bss_start__ = _sbss
 *(.bss)
 *(.bss*)
 .bss.completed.1
                0x2000006c        0x1 E:/Software/Scoop/apps/gcc-arm-none-eabi/current/bin/../lib/gcc/arm-none-eabi/13.2.1/thumb/v7e-m+fp/hard/crtbegin.o
 *fill*         0x2000006d        0x3 
 .bss.object.0  0x20000070       0x18 E:/Software/Scoop/apps/gcc-arm-none-eabi/current/bin/../lib/gcc/arm-none-eabi/13.2.1/thumb/v7e-m+fp/hard/crtbegin.o
 .bss.gHuart    0x20000088        0x4 CMakeFiles/STM32_Warehouse.dir/UserApp/Utils/retarget.c.obj
                0x20000088                gHuart
 .bss.defaultTaskHandle
                0x2000008c        0x4 CMakeFiles/STM32_Warehouse.dir/Core/Src/freertos.c.obj
                0x2000008c                defaultTaskHandle
 .bss.xIdleTaskTCBBuffer
                0x20000090       0x54 CMakeFiles/STM32_Warehouse.dir/Core/Src/freertos.c.obj
 .bss.xIdleStack
                0x200000e4      0x200 CMakeFiles/STM32_Warehouse.dir/Core/Src/freertos.c.obj
 .bss.huart1    0x200002e4       0x48 CMakeFiles/STM32_Warehouse.dir/Core/Src/usart.c.obj
                0x200002e4                huart1
 .bss.huart2    0x2000032c       0x48 CMakeFiles/STM32_Warehouse.dir/Core/Src/usart.c.obj
                0x2000032c                huart2
 .bss.huart3    0x20000374       0x48 CMakeFiles/STM32_Warehouse.dir/Core/Src/usart.c.obj
                0x20000374                huart3
 .bss.huart6    0x200003bc       0x48 CMakeFiles/STM32_Warehouse.dir/Core/Src/usart.c.obj
                0x200003bc                huart6
 .bss.htim1     0x20000404       0x48 CMakeFiles/STM32_Warehouse.dir/Core/Src/stm32f4xx_hal_timebase_tim.c.obj
                0x20000404                htim1
 .bss.uwTick    0x2000044c        0x4 CMakeFiles/STM32_Warehouse.dir/Drivers/STM32F4xx_HAL_Driver/Src/stm32f4xx_hal.c.obj
                0x2000044c                uwTick
 .bss.pxCurrentTCB
                0x20000450        0x4 CMakeFiles/STM32_Warehouse.dir/Middlewares/Third_Party/FreeRTOS/Source/tasks.c.obj
                0x20000450                pxCurrentTCB
 .bss.pxReadyTasksLists
                0x20000454       0x8c CMakeFiles/STM32_Warehouse.dir/Middlewares/Third_Party/FreeRTOS/Source/tasks.c.obj
 .bss.xDelayedTaskList1
                0x200004e0       0x14 CMakeFiles/STM32_Warehouse.dir/Middlewares/Third_Party/FreeRTOS/Source/tasks.c.obj
 .bss.xDelayedTaskList2
                0x200004f4       0x14 CMakeFiles/STM32_Warehouse.dir/Middlewares/Third_Party/FreeRTOS/Source/tasks.c.obj
 .bss.pxDelayedTaskList
                0x20000508        0x4 CMakeFiles/STM32_Warehouse.dir/Middlewares/Third_Party/FreeRTOS/Source/tasks.c.obj
 .bss.pxOverflowDelayedTaskList
                0x2000050c        0x4 CMakeFiles/STM32_Warehouse.dir/Middlewares/Third_Party/FreeRTOS/Source/tasks.c.obj
 .bss.xPendingReadyList
                0x20000510       0x14 CMakeFiles/STM32_Warehouse.dir/Middlewares/Third_Party/FreeRTOS/Source/tasks.c.obj
 .bss.xTasksWaitingTermination
                0x20000524       0x14 CMakeFiles/STM32_Warehouse.dir/Middlewares/Third_Party/FreeRTOS/Source/tasks.c.obj
 .bss.uxDeletedTasksWaitingCleanUp
                0x20000538        0x4 CMakeFiles/STM32_Warehouse.dir/Middlewares/Third_Party/FreeRTOS/Source/tasks.c.obj
 .bss.xSuspendedTaskList
                0x2000053c       0x14 CMakeFiles/STM32_Warehouse.dir/Middlewares/Third_Party/FreeRTOS/Source/tasks.c.obj
 .bss.uxCurrentNumberOfTasks
                0x20000550        0x4 CMakeFiles/STM32_Warehouse.dir/Middlewares/Third_Party/FreeRTOS/Source/tasks.c.obj
 .bss.xTickCount
                0x20000554        0x4 CMakeFiles/STM32_Warehouse.dir/Middlewares/Third_Party/FreeRTOS/Source/tasks.c.obj
 .bss.uxTopReadyPriority
                0x20000558        0x4 CMakeFiles/STM32_Warehouse.dir/Middlewares/Third_Party/FreeRTOS/Source/tasks.c.obj
 .bss.xSchedulerRunning
                0x2000055c        0x4 CMakeFiles/STM32_Warehouse.dir/Middlewares/Third_Party/FreeRTOS/Source/tasks.c.obj
 .bss.xPendedTicks
                0x20000560        0x4 CMakeFiles/STM32_Warehouse.dir/Middlewares/Third_Party/FreeRTOS/Source/tasks.c.obj
 .bss.xYieldPending
                0x20000564        0x4 CMakeFiles/STM32_Warehouse.dir/Middlewares/Third_Party/FreeRTOS/Source/tasks.c.obj
 .bss.xNumOfOverflows
                0x20000568        0x4 CMakeFiles/STM32_Warehouse.dir/Middlewares/Third_Party/FreeRTOS/Source/tasks.c.obj
 .bss.uxTaskNumber
                0x2000056c        0x4 CMakeFiles/STM32_Warehouse.dir/Middlewares/Third_Party/FreeRTOS/Source/tasks.c.obj
 .bss.xNextTaskUnblockTime
                0x20000570        0x4 CMakeFiles/STM32_Warehouse.dir/Middlewares/Third_Party/FreeRTOS/Source/tasks.c.obj
 .bss.xIdleTaskHandle
                0x20000574        0x4 CMakeFiles/STM32_Warehouse.dir/Middlewares/Third_Party/FreeRTOS/Source/tasks.c.obj
 .bss.uxSchedulerSuspended
                0x20000578        0x4 CMakeFiles/STM32_Warehouse.dir/Middlewares/Third_Party/FreeRTOS/Source/tasks.c.obj
 .bss.ucHeap    0x2000057c     0x3c00 CMakeFiles/STM32_Warehouse.dir/Middlewares/Third_Party/FreeRTOS/Source/portable/MemMang/heap_4.c.obj
 .bss.xStart    0x2000417c        0x8 CMakeFiles/STM32_Warehouse.dir/Middlewares/Third_Party/FreeRTOS/Source/portable/MemMang/heap_4.c.obj
 .bss.pxEnd     0x20004184        0x4 CMakeFiles/STM32_Warehouse.dir/Middlewares/Third_Party/FreeRTOS/Source/portable/MemMang/heap_4.c.obj
 .bss.xFreeBytesRemaining
                0x20004188        0x4 CMakeFiles/STM32_Warehouse.dir/Middlewares/Third_Party/FreeRTOS/Source/portable/MemMang/heap_4.c.obj
 .bss.xMinimumEverFreeBytesRemaining
                0x2000418c        0x4 CMakeFiles/STM32_Warehouse.dir/Middlewares/Third_Party/FreeRTOS/Source/portable/MemMang/heap_4.c.obj
 .bss.xNumberOfSuccessfulAllocations
                0x20004190        0x4 CMakeFiles/STM32_Warehouse.dir/Middlewares/Third_Party/FreeRTOS/Source/portable/MemMang/heap_4.c.obj
 .bss.xNumberOfSuccessfulFrees
                0x20004194        0x4 CMakeFiles/STM32_Warehouse.dir/Middlewares/Third_Party/FreeRTOS/Source/portable/MemMang/heap_4.c.obj
 .bss.xBlockAllocatedBit
                0x20004198        0x4 CMakeFiles/STM32_Warehouse.dir/Middlewares/Third_Party/FreeRTOS/Source/portable/MemMang/heap_4.c.obj
 .bss.ucMaxSysCallPriority
                0x2000419c        0x1 CMakeFiles/STM32_Warehouse.dir/Middlewares/Third_Party/FreeRTOS/Source/portable/GCC/ARM_CM4F/port.c.obj
 *fill*         0x2000419d        0x3 
 .bss.ulMaxPRIGROUPValue
                0x200041a0        0x4 CMakeFiles/STM32_Warehouse.dir/Middlewares/Third_Party/FreeRTOS/Source/portable/GCC/ARM_CM4F/port.c.obj
 .bss.__sbrk_heap_end
                0x200041a4        0x4 CMakeFiles/STM32_Warehouse.dir/Core/Src/sysmem.c.obj
 .bss.__sf      0x200041a8      0x138 E:/Software/Scoop/apps/gcc-arm-none-eabi/current/bin/../lib/gcc/arm-none-eabi/13.2.1/thumb/v7e-m+fp/hard\libc_nano.a(libc_a-findfp.o)
                0x200041a8                __sf
 .bss.__stdio_exit_handler
                0x200042e0        0x4 E:/Software/Scoop/apps/gcc-arm-none-eabi/current/bin/../lib/gcc/arm-none-eabi/13.2.1/thumb/v7e-m+fp/hard\libc_nano.a(libc_a-findfp.o)
                0x200042e0                __stdio_exit_handler
 .bss.errno     0x200042e4        0x4 E:/Software/Scoop/apps/gcc-arm-none-eabi/current/bin/../lib/gcc/arm-none-eabi/13.2.1/thumb/v7e-m+fp/hard\libc_nano.a(libc_a-reent.o)
                0x200042e4                errno
 .bss.__lock___malloc_recursive_mutex
                0x200042e8        0x1 E:/Software/Scoop/apps/gcc-arm-none-eabi/current/bin/../lib/gcc/arm-none-eabi/13.2.1/thumb/v7e-m+fp/hard\libc_nano.a(libc_a-lock.o)
                0x200042e8                __lock___malloc_recursive_mutex
 .bss.__lock___sfp_recursive_mutex
                0x200042e9        0x1 E:/Software/Scoop/apps/gcc-arm-none-eabi/current/bin/../lib/gcc/arm-none-eabi/13.2.1/thumb/v7e-m+fp/hard\libc_nano.a(libc_a-lock.o)
                0x200042e9                __lock___sfp_recursive_mutex
 *fill*         0x200042ea        0x2 
 .bss.__malloc_sbrk_start
                0x200042ec        0x4 E:/Software/Scoop/apps/gcc-arm-none-eabi/current/bin/../lib/gcc/arm-none-eabi/13.2.1/thumb/v7e-m+fp/hard\libc_nano.a(libc_a-mallocr.o)
                0x200042ec                __malloc_sbrk_start
 .bss.__malloc_free_list
                0x200042f0        0x4 E:/Software/Scoop/apps/gcc-arm-none-eabi/current/bin/../lib/gcc/arm-none-eabi/13.2.1/thumb/v7e-m+fp/hard\libc_nano.a(libc_a-mallocr.o)
                0x200042f0                __malloc_free_list
 *(COMMON)
                0x200042f4                        . = ALIGN (0x4)
                0x200042f4                        _ebss = .
                0x200042f4                        __bss_end__ = _ebss

._user_heap_stack
                0x200042f4     0x2004
                0x200042f8                        . = ALIGN (0x8)
 *fill*         0x200042f4        0x4 
                [!provide]                        PROVIDE (end = .)
                0x200042f8                        PROVIDE (_end = .)
                0x200052f8                        . = (. + _Min_Heap_Size)
 *fill*         0x200042f8     0x1000 
                0x200062f8                        . = (. + _Min_Stack_Size)
 *fill*         0x200052f8     0x1000 
                0x200062f8                        . = ALIGN (0x8)

/DISCARD/
 libc.a(*)
 libm.a(*)
 libgcc.a(*)

.ARM.attributes
                0x00000000       0x30
 *(.ARM.attributes)
 .ARM.attributes
                0x00000000       0x22 E:/Software/Scoop/apps/gcc-arm-none-eabi/current/bin/../lib/gcc/arm-none-eabi/13.2.1/thumb/v7e-m+fp/hard/crti.o
 .ARM.attributes
                0x00000022       0x34 E:/Software/Scoop/apps/gcc-arm-none-eabi/current/bin/../lib/gcc/arm-none-eabi/13.2.1/thumb/v7e-m+fp/hard/crtbegin.o
 .ARM.attributes
                0x00000056       0x34 CMakeFiles/STM32_Warehouse.dir/UserApp/Utils/retarget.c.obj
 .ARM.attributes
                0x0000008a       0x34 CMakeFiles/STM32_Warehouse.dir/UserApp/main.cpp.obj
 .ARM.attributes
                0x000000be       0x34 CMakeFiles/STM32_Warehouse.dir/Core/Src/main.c.obj
 .ARM.attributes
                0x000000f2       0x34 CMakeFiles/STM32_Warehouse.dir/Core/Src/gpio.c.obj
 .ARM.attributes
                0x00000126       0x34 CMakeFiles/STM32_Warehouse.dir/Core/Src/freertos.c.obj
 .ARM.attributes
                0x0000015a       0x34 CMakeFiles/STM32_Warehouse.dir/Core/Src/usart.c.obj
 .ARM.attributes
                0x0000018e       0x34 CMakeFiles/STM32_Warehouse.dir/Core/Src/stm32f4xx_it.c.obj
 .ARM.attributes
                0x000001c2       0x34 CMakeFiles/STM32_Warehouse.dir/Core/Src/stm32f4xx_hal_msp.c.obj
 .ARM.attributes
                0x000001f6       0x34 CMakeFiles/STM32_Warehouse.dir/Core/Src/stm32f4xx_hal_timebase_tim.c.obj
 .ARM.attributes
                0x0000022a       0x34 CMakeFiles/STM32_Warehouse.dir/Drivers/STM32F4xx_HAL_Driver/Src/stm32f4xx_hal_rcc.c.obj
 .ARM.attributes
                0x0000025e       0x34 CMakeFiles/STM32_Warehouse.dir/Drivers/STM32F4xx_HAL_Driver/Src/stm32f4xx_hal_gpio.c.obj
 .ARM.attributes
                0x00000292       0x34 CMakeFiles/STM32_Warehouse.dir/Drivers/STM32F4xx_HAL_Driver/Src/stm32f4xx_hal_dma.c.obj
 .ARM.attributes
                0x000002c6       0x34 CMakeFiles/STM32_Warehouse.dir/Drivers/STM32F4xx_HAL_Driver/Src/stm32f4xx_hal_cortex.c.obj
 .ARM.attributes
                0x000002fa       0x34 CMakeFiles/STM32_Warehouse.dir/Drivers/STM32F4xx_HAL_Driver/Src/stm32f4xx_hal.c.obj
 .ARM.attributes
                0x0000032e       0x34 CMakeFiles/STM32_Warehouse.dir/Drivers/STM32F4xx_HAL_Driver/Src/stm32f4xx_hal_tim.c.obj
 .ARM.attributes
                0x00000362       0x34 CMakeFiles/STM32_Warehouse.dir/Drivers/STM32F4xx_HAL_Driver/Src/stm32f4xx_hal_tim_ex.c.obj
 .ARM.attributes
                0x00000396       0x34 CMakeFiles/STM32_Warehouse.dir/Drivers/STM32F4xx_HAL_Driver/Src/stm32f4xx_hal_uart.c.obj
 .ARM.attributes
                0x000003ca       0x34 CMakeFiles/STM32_Warehouse.dir/Core/Src/system_stm32f4xx.c.obj
 .ARM.attributes
                0x000003fe       0x34 CMakeFiles/STM32_Warehouse.dir/Middlewares/Third_Party/FreeRTOS/Source/list.c.obj
 .ARM.attributes
                0x00000432       0x34 CMakeFiles/STM32_Warehouse.dir/Middlewares/Third_Party/FreeRTOS/Source/tasks.c.obj
 .ARM.attributes
                0x00000466       0x34 CMakeFiles/STM32_Warehouse.dir/Middlewares/Third_Party/FreeRTOS/Source/CMSIS_RTOS/cmsis_os.c.obj
 .ARM.attributes
                0x0000049a       0x34 CMakeFiles/STM32_Warehouse.dir/Middlewares/Third_Party/FreeRTOS/Source/portable/MemMang/heap_4.c.obj
 .ARM.attributes
                0x000004ce       0x34 CMakeFiles/STM32_Warehouse.dir/Middlewares/Third_Party/FreeRTOS/Source/portable/GCC/ARM_CM4F/port.c.obj
 .ARM.attributes
                0x00000502       0x34 CMakeFiles/STM32_Warehouse.dir/Core/Src/sysmem.c.obj
 .ARM.attributes
                0x00000536       0x34 CMakeFiles/STM32_Warehouse.dir/Core/Src/syscalls.c.obj
 .ARM.attributes
                0x0000056a       0x21 CMakeFiles/STM32_Warehouse.dir/startup_stm32f407xx.s.obj
 .ARM.attributes
                0x0000058b       0x34 E:/Software/Scoop/apps/gcc-arm-none-eabi/current/bin/../lib/gcc/arm-none-eabi/13.2.1/thumb/v7e-m+fp/hard\libc_nano.a(libc_a-findfp.o)
 .ARM.attributes
                0x000005bf       0x34 E:/Software/Scoop/apps/gcc-arm-none-eabi/current/bin/../lib/gcc/arm-none-eabi/13.2.1/thumb/v7e-m+fp/hard\libc_nano.a(libc_a-fwalk.o)
 .ARM.attributes
                0x000005f3       0x34 E:/Software/Scoop/apps/gcc-arm-none-eabi/current/bin/../lib/gcc/arm-none-eabi/13.2.1/thumb/v7e-m+fp/hard\libc_nano.a(libc_a-setvbuf.o)
 .ARM.attributes
                0x00000627       0x34 E:/Software/Scoop/apps/gcc-arm-none-eabi/current/bin/../lib/gcc/arm-none-eabi/13.2.1/thumb/v7e-m+fp/hard\libc_nano.a(libc_a-stdio.o)
 .ARM.attributes
                0x0000065b       0x34 E:/Software/Scoop/apps/gcc-arm-none-eabi/current/bin/../lib/gcc/arm-none-eabi/13.2.1/thumb/v7e-m+fp/hard\libc_nano.a(libc_a-memset.o)
 .ARM.attributes
                0x0000068f       0x34 E:/Software/Scoop/apps/gcc-arm-none-eabi/current/bin/../lib/gcc/arm-none-eabi/13.2.1/thumb/v7e-m+fp/hard\libc_nano.a(libc_a-closer.o)
 .ARM.attributes
                0x000006c3       0x34 E:/Software/Scoop/apps/gcc-arm-none-eabi/current/bin/../lib/gcc/arm-none-eabi/13.2.1/thumb/v7e-m+fp/hard\libc_nano.a(libc_a-reent.o)
 .ARM.attributes
                0x000006f7       0x34 E:/Software/Scoop/apps/gcc-arm-none-eabi/current/bin/../lib/gcc/arm-none-eabi/13.2.1/thumb/v7e-m+fp/hard\libc_nano.a(libc_a-impure.o)
 .ARM.attributes
                0x0000072b       0x34 E:/Software/Scoop/apps/gcc-arm-none-eabi/current/bin/../lib/gcc/arm-none-eabi/13.2.1/thumb/v7e-m+fp/hard\libc_nano.a(libc_a-lseekr.o)
 .ARM.attributes
                0x0000075f       0x34 E:/Software/Scoop/apps/gcc-arm-none-eabi/current/bin/../lib/gcc/arm-none-eabi/13.2.1/thumb/v7e-m+fp/hard\libc_nano.a(libc_a-readr.o)
 .ARM.attributes
                0x00000793       0x34 E:/Software/Scoop/apps/gcc-arm-none-eabi/current/bin/../lib/gcc/arm-none-eabi/13.2.1/thumb/v7e-m+fp/hard\libc_nano.a(libc_a-writer.o)
 .ARM.attributes
                0x000007c7       0x34 E:/Software/Scoop/apps/gcc-arm-none-eabi/current/bin/../lib/gcc/arm-none-eabi/13.2.1/thumb/v7e-m+fp/hard\libc_nano.a(libc_a-errno.o)
 .ARM.attributes
                0x000007fb       0x34 E:/Software/Scoop/apps/gcc-arm-none-eabi/current/bin/../lib/gcc/arm-none-eabi/13.2.1/thumb/v7e-m+fp/hard\libc_nano.a(libc_a-init.o)
 .ARM.attributes
                0x0000082f       0x34 E:/Software/Scoop/apps/gcc-arm-none-eabi/current/bin/../lib/gcc/arm-none-eabi/13.2.1/thumb/v7e-m+fp/hard\libc_nano.a(libc_a-lock.o)
 .ARM.attributes
                0x00000863       0x34 E:/Software/Scoop/apps/gcc-arm-none-eabi/current/bin/../lib/gcc/arm-none-eabi/13.2.1/thumb/v7e-m+fp/hard\libc_nano.a(libc_a-freer.o)
 .ARM.attributes
                0x00000897       0x34 E:/Software/Scoop/apps/gcc-arm-none-eabi/current/bin/../lib/gcc/arm-none-eabi/13.2.1/thumb/v7e-m+fp/hard\libc_nano.a(libc_a-malloc.o)
 .ARM.attributes
                0x000008cb       0x34 E:/Software/Scoop/apps/gcc-arm-none-eabi/current/bin/../lib/gcc/arm-none-eabi/13.2.1/thumb/v7e-m+fp/hard\libc_nano.a(libc_a-mallocr.o)
 .ARM.attributes
                0x000008ff       0x34 E:/Software/Scoop/apps/gcc-arm-none-eabi/current/bin/../lib/gcc/arm-none-eabi/13.2.1/thumb/v7e-m+fp/hard\libc_nano.a(libc_a-mlock.o)
 .ARM.attributes
                0x00000933       0x34 E:/Software/Scoop/apps/gcc-arm-none-eabi/current/bin/../lib/gcc/arm-none-eabi/13.2.1/thumb/v7e-m+fp/hard\libc_nano.a(libc_a-fflush.o)
 .ARM.attributes
                0x00000967       0x34 E:/Software/Scoop/apps/gcc-arm-none-eabi/current/bin/../lib/gcc/arm-none-eabi/13.2.1/thumb/v7e-m+fp/hard\libc_nano.a(libc_a-makebuf.o)
 .ARM.attributes
                0x0000099b       0x34 E:/Software/Scoop/apps/gcc-arm-none-eabi/current/bin/../lib/gcc/arm-none-eabi/13.2.1/thumb/v7e-m+fp/hard\libc_nano.a(libc_a-fstatr.o)
 .ARM.attributes
                0x000009cf       0x34 E:/Software/Scoop/apps/gcc-arm-none-eabi/current/bin/../lib/gcc/arm-none-eabi/13.2.1/thumb/v7e-m+fp/hard\libc_nano.a(libc_a-sbrkr.o)
 .ARM.attributes
                0x00000a03       0x22 E:/Software/Scoop/apps/gcc-arm-none-eabi/current/bin/../lib/gcc/arm-none-eabi/13.2.1/thumb/v7e-m+fp/hard\libgcc.a(_aeabi_uldivmod.o)
 .ARM.attributes
                0x00000a25       0x34 E:/Software/Scoop/apps/gcc-arm-none-eabi/current/bin/../lib/gcc/arm-none-eabi/13.2.1/thumb/v7e-m+fp/hard\libgcc.a(_udivmoddi4.o)
 .ARM.attributes
                0x00000a59       0x22 E:/Software/Scoop/apps/gcc-arm-none-eabi/current/bin/../lib/gcc/arm-none-eabi/13.2.1/thumb/v7e-m+fp/hard\libgcc.a(_dvmd_tls.o)
 .ARM.attributes
                0x00000a7b       0x34 E:/Software/Scoop/apps/gcc-arm-none-eabi/current/bin/../lib/gcc/arm-none-eabi/13.2.1/thumb/v7e-m+fp/hard/crtend.o
 .ARM.attributes
                0x00000aaf       0x22 E:/Software/Scoop/apps/gcc-arm-none-eabi/current/bin/../lib/gcc/arm-none-eabi/13.2.1/thumb/v7e-m+fp/hard/crtn.o
OUTPUT(STM32_Warehouse.elf elf32-littlearm)
LOAD linker stubs
LOAD E:/Software/Scoop/apps/gcc-arm-none-eabi/current/bin/../lib/gcc/arm-none-eabi/13.2.1/thumb/v7e-m+fp/hard\libc.a
LOAD E:/Software/Scoop/apps/gcc-arm-none-eabi/current/bin/../lib/gcc/arm-none-eabi/13.2.1/thumb/v7e-m+fp/hard\libm.a
LOAD E:/Software/Scoop/apps/gcc-arm-none-eabi/current/bin/../lib/gcc/arm-none-eabi/13.2.1/thumb/v7e-m+fp/hard\libgcc.a

.debug_info     0x00000000    0x13f50
 .debug_info    0x00000000      0xd4e CMakeFiles/STM32_Warehouse.dir/UserApp/Utils/retarget.c.obj
 .debug_info    0x00000d4e      0xa64 CMakeFiles/STM32_Warehouse.dir/UserApp/main.cpp.obj
 .debug_info    0x000017b2      0xb55 CMakeFiles/STM32_Warehouse.dir/Core/Src/main.c.obj
 .debug_info    0x00002307      0x29f CMakeFiles/STM32_Warehouse.dir/Core/Src/gpio.c.obj
 .debug_info    0x000025a6      0x435 CMakeFiles/STM32_Warehouse.dir/Core/Src/freertos.c.obj
 .debug_info    0x000029db      0xcc7 CMakeFiles/STM32_Warehouse.dir/Core/Src/usart.c.obj
 .debug_info    0x000036a2      0x9a4 CMakeFiles/STM32_Warehouse.dir/Core/Src/stm32f4xx_it.c.obj
 .debug_info    0x00004046      0x4b7 CMakeFiles/STM32_Warehouse.dir/Core/Src/stm32f4xx_hal_msp.c.obj
 .debug_info    0x000044fd      0xbe0 CMakeFiles/STM32_Warehouse.dir/Core/Src/stm32f4xx_hal_timebase_tim.c.obj
 .debug_info    0x000050dd      0x8b1 CMakeFiles/STM32_Warehouse.dir/Drivers/STM32F4xx_HAL_Driver/Src/stm32f4xx_hal_rcc.c.obj
 .debug_info    0x0000598e      0x6c3 CMakeFiles/STM32_Warehouse.dir/Drivers/STM32F4xx_HAL_Driver/Src/stm32f4xx_hal_gpio.c.obj
 .debug_info    0x00006051      0x8e7 CMakeFiles/STM32_Warehouse.dir/Drivers/STM32F4xx_HAL_Driver/Src/stm32f4xx_hal_dma.c.obj
 .debug_info    0x00006938      0xd57 CMakeFiles/STM32_Warehouse.dir/Drivers/STM32F4xx_HAL_Driver/Src/stm32f4xx_hal_cortex.c.obj
 .debug_info    0x0000768f      0x944 CMakeFiles/STM32_Warehouse.dir/Drivers/STM32F4xx_HAL_Driver/Src/stm32f4xx_hal.c.obj
 .debug_info    0x00007fd3     0x299d CMakeFiles/STM32_Warehouse.dir/Drivers/STM32F4xx_HAL_Driver/Src/stm32f4xx_hal_tim.c.obj
 .debug_info    0x0000a970     0x14db CMakeFiles/STM32_Warehouse.dir/Drivers/STM32F4xx_HAL_Driver/Src/stm32f4xx_hal_tim_ex.c.obj
 .debug_info    0x0000be4b     0x2f4f CMakeFiles/STM32_Warehouse.dir/Drivers/STM32F4xx_HAL_Driver/Src/stm32f4xx_hal_uart.c.obj
 .debug_info    0x0000ed9a      0x512 CMakeFiles/STM32_Warehouse.dir/Core/Src/system_stm32f4xx.c.obj
 .debug_info    0x0000f2ac      0x2af CMakeFiles/STM32_Warehouse.dir/Middlewares/Third_Party/FreeRTOS/Source/list.c.obj
 .debug_info    0x0000f55b     0x1ca7 CMakeFiles/STM32_Warehouse.dir/Middlewares/Third_Party/FreeRTOS/Source/tasks.c.obj
 .debug_info    0x00011202     0x1b60 CMakeFiles/STM32_Warehouse.dir/Middlewares/Third_Party/FreeRTOS/Source/CMSIS_RTOS/cmsis_os.c.obj
 .debug_info    0x00012d62      0x4d5 CMakeFiles/STM32_Warehouse.dir/Middlewares/Third_Party/FreeRTOS/Source/portable/MemMang/heap_4.c.obj
 .debug_info    0x00013237      0x4de CMakeFiles/STM32_Warehouse.dir/Middlewares/Third_Party/FreeRTOS/Source/portable/GCC/ARM_CM4F/port.c.obj
 .debug_info    0x00013715      0x168 CMakeFiles/STM32_Warehouse.dir/Core/Src/sysmem.c.obj
 .debug_info    0x0001387d      0x6a3 CMakeFiles/STM32_Warehouse.dir/Core/Src/syscalls.c.obj
 .debug_info    0x00013f20       0x30 CMakeFiles/STM32_Warehouse.dir/startup_stm32f407xx.s.obj

.debug_abbrev   0x00000000     0x33fa
 .debug_abbrev  0x00000000      0x25a CMakeFiles/STM32_Warehouse.dir/UserApp/Utils/retarget.c.obj
 .debug_abbrev  0x0000025a      0x1de CMakeFiles/STM32_Warehouse.dir/UserApp/main.cpp.obj
 .debug_abbrev  0x00000438      0x23c CMakeFiles/STM32_Warehouse.dir/Core/Src/main.c.obj
 .debug_abbrev  0x00000674       0xd8 CMakeFiles/STM32_Warehouse.dir/Core/Src/gpio.c.obj
 .debug_abbrev  0x0000074c      0x172 CMakeFiles/STM32_Warehouse.dir/Core/Src/freertos.c.obj
 .debug_abbrev  0x000008be      0x245 CMakeFiles/STM32_Warehouse.dir/Core/Src/usart.c.obj
 .debug_abbrev  0x00000b03      0x189 CMakeFiles/STM32_Warehouse.dir/Core/Src/stm32f4xx_it.c.obj
 .debug_abbrev  0x00000c8c      0x119 CMakeFiles/STM32_Warehouse.dir/Core/Src/stm32f4xx_hal_msp.c.obj
 .debug_abbrev  0x00000da5      0x1f4 CMakeFiles/STM32_Warehouse.dir/Core/Src/stm32f4xx_hal_timebase_tim.c.obj
 .debug_abbrev  0x00000f99      0x2b6 CMakeFiles/STM32_Warehouse.dir/Drivers/STM32F4xx_HAL_Driver/Src/stm32f4xx_hal_rcc.c.obj
 .debug_abbrev  0x0000124f      0x1d4 CMakeFiles/STM32_Warehouse.dir/Drivers/STM32F4xx_HAL_Driver/Src/stm32f4xx_hal_gpio.c.obj
 .debug_abbrev  0x00001423      0x264 CMakeFiles/STM32_Warehouse.dir/Drivers/STM32F4xx_HAL_Driver/Src/stm32f4xx_hal_dma.c.obj
 .debug_abbrev  0x00001687      0x328 CMakeFiles/STM32_Warehouse.dir/Drivers/STM32F4xx_HAL_Driver/Src/stm32f4xx_hal_cortex.c.obj
 .debug_abbrev  0x000019af      0x214 CMakeFiles/STM32_Warehouse.dir/Drivers/STM32F4xx_HAL_Driver/Src/stm32f4xx_hal.c.obj
 .debug_abbrev  0x00001bc3      0x278 CMakeFiles/STM32_Warehouse.dir/Drivers/STM32F4xx_HAL_Driver/Src/stm32f4xx_hal_tim.c.obj
 .debug_abbrev  0x00001e3b      0x283 CMakeFiles/STM32_Warehouse.dir/Drivers/STM32F4xx_HAL_Driver/Src/stm32f4xx_hal_tim_ex.c.obj
 .debug_abbrev  0x000020be      0x30e CMakeFiles/STM32_Warehouse.dir/Drivers/STM32F4xx_HAL_Driver/Src/stm32f4xx_hal_uart.c.obj
 .debug_abbrev  0x000023cc      0x11a CMakeFiles/STM32_Warehouse.dir/Core/Src/system_stm32f4xx.c.obj
 .debug_abbrev  0x000024e6       0xf5 CMakeFiles/STM32_Warehouse.dir/Middlewares/Third_Party/FreeRTOS/Source/list.c.obj
 .debug_abbrev  0x000025db      0x359 CMakeFiles/STM32_Warehouse.dir/Middlewares/Third_Party/FreeRTOS/Source/tasks.c.obj
 .debug_abbrev  0x00002934      0x3b7 CMakeFiles/STM32_Warehouse.dir/Middlewares/Third_Party/FreeRTOS/Source/CMSIS_RTOS/cmsis_os.c.obj
 .debug_abbrev  0x00002ceb      0x21d CMakeFiles/STM32_Warehouse.dir/Middlewares/Third_Party/FreeRTOS/Source/portable/MemMang/heap_4.c.obj
 .debug_abbrev  0x00002f08      0x25c CMakeFiles/STM32_Warehouse.dir/Middlewares/Third_Party/FreeRTOS/Source/portable/GCC/ARM_CM4F/port.c.obj
 .debug_abbrev  0x00003164       0xbc CMakeFiles/STM32_Warehouse.dir/Core/Src/sysmem.c.obj
 .debug_abbrev  0x00003220      0x1b6 CMakeFiles/STM32_Warehouse.dir/Core/Src/syscalls.c.obj
 .debug_abbrev  0x000033d6       0x24 CMakeFiles/STM32_Warehouse.dir/startup_stm32f407xx.s.obj

.debug_aranges  0x00000000     0x1258
 .debug_aranges
                0x00000000       0x28 CMakeFiles/STM32_Warehouse.dir/UserApp/Utils/retarget.c.obj
 .debug_aranges
                0x00000028       0x20 CMakeFiles/STM32_Warehouse.dir/UserApp/main.cpp.obj
 .debug_aranges
                0x00000048       0x38 CMakeFiles/STM32_Warehouse.dir/Core/Src/main.c.obj
 .debug_aranges
                0x00000080       0x20 CMakeFiles/STM32_Warehouse.dir/Core/Src/gpio.c.obj
 .debug_aranges
                0x000000a0       0x30 CMakeFiles/STM32_Warehouse.dir/Core/Src/freertos.c.obj
 .debug_aranges
                0x000000d0       0x48 CMakeFiles/STM32_Warehouse.dir/Core/Src/usart.c.obj
 .debug_aranges
                0x00000118       0x70 CMakeFiles/STM32_Warehouse.dir/Core/Src/stm32f4xx_it.c.obj
 .debug_aranges
                0x00000188       0x20 CMakeFiles/STM32_Warehouse.dir/Core/Src/stm32f4xx_hal_msp.c.obj
 .debug_aranges
                0x000001a8       0x30 CMakeFiles/STM32_Warehouse.dir/Core/Src/stm32f4xx_hal_timebase_tim.c.obj
 .debug_aranges
                0x000001d8       0x88 CMakeFiles/STM32_Warehouse.dir/Drivers/STM32F4xx_HAL_Driver/Src/stm32f4xx_hal_rcc.c.obj
 .debug_aranges
                0x00000260       0x58 CMakeFiles/STM32_Warehouse.dir/Drivers/STM32F4xx_HAL_Driver/Src/stm32f4xx_hal_gpio.c.obj
 .debug_aranges
                0x000002b8       0x90 CMakeFiles/STM32_Warehouse.dir/Drivers/STM32F4xx_HAL_Driver/Src/stm32f4xx_hal_dma.c.obj
 .debug_aranges
                0x00000348      0x120 CMakeFiles/STM32_Warehouse.dir/Drivers/STM32F4xx_HAL_Driver/Src/stm32f4xx_hal_cortex.c.obj
 .debug_aranges
                0x00000468       0xf0 CMakeFiles/STM32_Warehouse.dir/Drivers/STM32F4xx_HAL_Driver/Src/stm32f4xx_hal.c.obj
 .debug_aranges
                0x00000558      0x3d0 CMakeFiles/STM32_Warehouse.dir/Drivers/STM32F4xx_HAL_Driver/Src/stm32f4xx_hal_tim.c.obj
 .debug_aranges
                0x00000928      0x168 CMakeFiles/STM32_Warehouse.dir/Drivers/STM32F4xx_HAL_Driver/Src/stm32f4xx_hal_tim_ex.c.obj
 .debug_aranges
                0x00000a90      0x208 CMakeFiles/STM32_Warehouse.dir/Drivers/STM32F4xx_HAL_Driver/Src/stm32f4xx_hal_uart.c.obj
 .debug_aranges
                0x00000c98       0x28 CMakeFiles/STM32_Warehouse.dir/Core/Src/system_stm32f4xx.c.obj
 .debug_aranges
                0x00000cc0       0x40 CMakeFiles/STM32_Warehouse.dir/Middlewares/Third_Party/FreeRTOS/Source/list.c.obj
 .debug_aranges
                0x00000d00      0x1b8 CMakeFiles/STM32_Warehouse.dir/Middlewares/Third_Party/FreeRTOS/Source/tasks.c.obj
 .debug_aranges
                0x00000eb8      0x1d8 CMakeFiles/STM32_Warehouse.dir/Middlewares/Third_Party/FreeRTOS/Source/CMSIS_RTOS/cmsis_os.c.obj
 .debug_aranges
                0x00001090       0x58 CMakeFiles/STM32_Warehouse.dir/Middlewares/Third_Party/FreeRTOS/Source/portable/MemMang/heap_4.c.obj
 .debug_aranges
                0x000010e8       0x80 CMakeFiles/STM32_Warehouse.dir/Middlewares/Third_Party/FreeRTOS/Source/portable/GCC/ARM_CM4F/port.c.obj
 .debug_aranges
                0x00001168       0x20 CMakeFiles/STM32_Warehouse.dir/Core/Src/sysmem.c.obj
 .debug_aranges
                0x00001188       0xa8 CMakeFiles/STM32_Warehouse.dir/Core/Src/syscalls.c.obj
 .debug_aranges
                0x00001230       0x28 CMakeFiles/STM32_Warehouse.dir/startup_stm32f407xx.s.obj

.debug_rnglists
                0x00000000      0xe1f
 .debug_rnglists
                0x00000000       0x19 CMakeFiles/STM32_Warehouse.dir/UserApp/Utils/retarget.c.obj
 .debug_rnglists
                0x00000019       0x13 CMakeFiles/STM32_Warehouse.dir/UserApp/main.cpp.obj
 .debug_rnglists
                0x0000002c       0x26 CMakeFiles/STM32_Warehouse.dir/Core/Src/main.c.obj
 .debug_rnglists
                0x00000052       0x14 CMakeFiles/STM32_Warehouse.dir/Core/Src/gpio.c.obj
 .debug_rnglists
                0x00000066       0x1f CMakeFiles/STM32_Warehouse.dir/Core/Src/freertos.c.obj
 .debug_rnglists
                0x00000085       0x33 CMakeFiles/STM32_Warehouse.dir/Core/Src/usart.c.obj
 .debug_rnglists
                0x000000b8       0x4f CMakeFiles/STM32_Warehouse.dir/Core/Src/stm32f4xx_it.c.obj
 .debug_rnglists
                0x00000107       0x13 CMakeFiles/STM32_Warehouse.dir/Core/Src/stm32f4xx_hal_msp.c.obj
 .debug_rnglists
                0x0000011a       0x20 CMakeFiles/STM32_Warehouse.dir/Core/Src/stm32f4xx_hal_timebase_tim.c.obj
 .debug_rnglists
                0x0000013a       0x66 CMakeFiles/STM32_Warehouse.dir/Drivers/STM32F4xx_HAL_Driver/Src/stm32f4xx_hal_rcc.c.obj
 .debug_rnglists
                0x000001a0       0x3f CMakeFiles/STM32_Warehouse.dir/Drivers/STM32F4xx_HAL_Driver/Src/stm32f4xx_hal_gpio.c.obj
 .debug_rnglists
                0x000001df       0x70 CMakeFiles/STM32_Warehouse.dir/Drivers/STM32F4xx_HAL_Driver/Src/stm32f4xx_hal_dma.c.obj
 .debug_rnglists
                0x0000024f       0xd4 CMakeFiles/STM32_Warehouse.dir/Drivers/STM32F4xx_HAL_Driver/Src/stm32f4xx_hal_cortex.c.obj
 .debug_rnglists
                0x00000323       0xaf CMakeFiles/STM32_Warehouse.dir/Drivers/STM32F4xx_HAL_Driver/Src/stm32f4xx_hal.c.obj
 .debug_rnglists
                0x000003d2      0x31a CMakeFiles/STM32_Warehouse.dir/Drivers/STM32F4xx_HAL_Driver/Src/stm32f4xx_hal_tim.c.obj
 .debug_rnglists
                0x000006ec      0x125 CMakeFiles/STM32_Warehouse.dir/Drivers/STM32F4xx_HAL_Driver/Src/stm32f4xx_hal_tim_ex.c.obj
 .debug_rnglists
                0x00000811      0x1bc CMakeFiles/STM32_Warehouse.dir/Drivers/STM32F4xx_HAL_Driver/Src/stm32f4xx_hal_uart.c.obj
 .debug_rnglists
                0x000009cd       0x1a CMakeFiles/STM32_Warehouse.dir/Core/Src/system_stm32f4xx.c.obj
 .debug_rnglists
                0x000009e7       0x2b CMakeFiles/STM32_Warehouse.dir/Middlewares/Third_Party/FreeRTOS/Source/list.c.obj
 .debug_rnglists
                0x00000a12      0x15f CMakeFiles/STM32_Warehouse.dir/Middlewares/Third_Party/FreeRTOS/Source/tasks.c.obj
 .debug_rnglists
                0x00000b71      0x16a CMakeFiles/STM32_Warehouse.dir/Middlewares/Third_Party/FreeRTOS/Source/CMSIS_RTOS/cmsis_os.c.obj
 .debug_rnglists
                0x00000cdb       0x42 CMakeFiles/STM32_Warehouse.dir/Middlewares/Third_Party/FreeRTOS/Source/portable/MemMang/heap_4.c.obj
 .debug_rnglists
                0x00000d1d       0x5d CMakeFiles/STM32_Warehouse.dir/Middlewares/Third_Party/FreeRTOS/Source/portable/GCC/ARM_CM4F/port.c.obj
 .debug_rnglists
                0x00000d7a       0x13 CMakeFiles/STM32_Warehouse.dir/Core/Src/sysmem.c.obj
 .debug_rnglists
                0x00000d8d       0x79 CMakeFiles/STM32_Warehouse.dir/Core/Src/syscalls.c.obj
 .debug_rnglists
                0x00000e06       0x19 CMakeFiles/STM32_Warehouse.dir/startup_stm32f407xx.s.obj

.debug_macro    0x00000000    0x26dab
 .debug_macro   0x00000000      0x2c7 CMakeFiles/STM32_Warehouse.dir/UserApp/Utils/retarget.c.obj
 .debug_macro   0x000002c7      0xad8 CMakeFiles/STM32_Warehouse.dir/UserApp/Utils/retarget.c.obj
 .debug_macro   0x00000d9f      0x29b CMakeFiles/STM32_Warehouse.dir/UserApp/Utils/retarget.c.obj
 .debug_macro   0x0000103a       0x2e CMakeFiles/STM32_Warehouse.dir/UserApp/Utils/retarget.c.obj
 .debug_macro   0x00001068       0x2f CMakeFiles/STM32_Warehouse.dir/UserApp/Utils/retarget.c.obj
 .debug_macro   0x00001097       0x22 CMakeFiles/STM32_Warehouse.dir/UserApp/Utils/retarget.c.obj
 .debug_macro   0x000010b9       0x8e CMakeFiles/STM32_Warehouse.dir/UserApp/Utils/retarget.c.obj
 .debug_macro   0x00001147       0x51 CMakeFiles/STM32_Warehouse.dir/UserApp/Utils/retarget.c.obj
 .debug_macro   0x00001198      0x103 CMakeFiles/STM32_Warehouse.dir/UserApp/Utils/retarget.c.obj
 .debug_macro   0x0000129b       0x6a CMakeFiles/STM32_Warehouse.dir/UserApp/Utils/retarget.c.obj
 .debug_macro   0x00001305      0x1df CMakeFiles/STM32_Warehouse.dir/UserApp/Utils/retarget.c.obj
 .debug_macro   0x000014e4       0x1c CMakeFiles/STM32_Warehouse.dir/UserApp/Utils/retarget.c.obj
 .debug_macro   0x00001500       0x22 CMakeFiles/STM32_Warehouse.dir/UserApp/Utils/retarget.c.obj
 .debug_macro   0x00001522       0xfb CMakeFiles/STM32_Warehouse.dir/UserApp/Utils/retarget.c.obj
 .debug_macro   0x0000161d     0x1011 CMakeFiles/STM32_Warehouse.dir/UserApp/Utils/retarget.c.obj
 .debug_macro   0x0000262e      0x11f CMakeFiles/STM32_Warehouse.dir/UserApp/Utils/retarget.c.obj
 .debug_macro   0x0000274d    0x15e97 CMakeFiles/STM32_Warehouse.dir/UserApp/Utils/retarget.c.obj
 .debug_macro   0x000185e4       0x6d CMakeFiles/STM32_Warehouse.dir/UserApp/Utils/retarget.c.obj
 .debug_macro   0x00018651     0x368c CMakeFiles/STM32_Warehouse.dir/UserApp/Utils/retarget.c.obj
 .debug_macro   0x0001bcdd      0x190 CMakeFiles/STM32_Warehouse.dir/UserApp/Utils/retarget.c.obj
 .debug_macro   0x0001be6d       0x5c CMakeFiles/STM32_Warehouse.dir/UserApp/Utils/retarget.c.obj
 .debug_macro   0x0001bec9      0x980 CMakeFiles/STM32_Warehouse.dir/UserApp/Utils/retarget.c.obj
 .debug_macro   0x0001c849      0x9e9 CMakeFiles/STM32_Warehouse.dir/UserApp/Utils/retarget.c.obj
 .debug_macro   0x0001d232      0x115 CMakeFiles/STM32_Warehouse.dir/UserApp/Utils/retarget.c.obj
 .debug_macro   0x0001d347      0x13e CMakeFiles/STM32_Warehouse.dir/UserApp/Utils/retarget.c.obj
 .debug_macro   0x0001d485       0xa5 CMakeFiles/STM32_Warehouse.dir/UserApp/Utils/retarget.c.obj
 .debug_macro   0x0001d52a      0x174 CMakeFiles/STM32_Warehouse.dir/UserApp/Utils/retarget.c.obj
 .debug_macro   0x0001d69e      0x287 CMakeFiles/STM32_Warehouse.dir/UserApp/Utils/retarget.c.obj
 .debug_macro   0x0001d925       0x5f CMakeFiles/STM32_Warehouse.dir/UserApp/Utils/retarget.c.obj
 .debug_macro   0x0001d984      0x236 CMakeFiles/STM32_Warehouse.dir/UserApp/Utils/retarget.c.obj
 .debug_macro   0x0001dbba      0x12c CMakeFiles/STM32_Warehouse.dir/UserApp/Utils/retarget.c.obj
 .debug_macro   0x0001dce6      0x21e CMakeFiles/STM32_Warehouse.dir/UserApp/Utils/retarget.c.obj
 .debug_macro   0x0001df04       0x2e CMakeFiles/STM32_Warehouse.dir/UserApp/Utils/retarget.c.obj
 .debug_macro   0x0001df32      0x127 CMakeFiles/STM32_Warehouse.dir/UserApp/Utils/retarget.c.obj
 .debug_macro   0x0001e059       0x7e CMakeFiles/STM32_Warehouse.dir/UserApp/Utils/retarget.c.obj
 .debug_macro   0x0001e0d7       0x89 CMakeFiles/STM32_Warehouse.dir/UserApp/Utils/retarget.c.obj
 .debug_macro   0x0001e160      0x8ed CMakeFiles/STM32_Warehouse.dir/UserApp/Utils/retarget.c.obj
 .debug_macro   0x0001ea4d       0x4d CMakeFiles/STM32_Warehouse.dir/UserApp/Utils/retarget.c.obj
 .debug_macro   0x0001ea9a      0x2aa CMakeFiles/STM32_Warehouse.dir/UserApp/Utils/retarget.c.obj
 .debug_macro   0x0001ed44      0x12d CMakeFiles/STM32_Warehouse.dir/UserApp/Utils/retarget.c.obj
 .debug_macro   0x0001ee71       0x7b CMakeFiles/STM32_Warehouse.dir/UserApp/Utils/retarget.c.obj
 .debug_macro   0x0001eeec       0x2a CMakeFiles/STM32_Warehouse.dir/UserApp/Utils/retarget.c.obj
 .debug_macro   0x0001ef16       0x3c CMakeFiles/STM32_Warehouse.dir/UserApp/Utils/retarget.c.obj
 .debug_macro   0x0001ef52       0x34 CMakeFiles/STM32_Warehouse.dir/UserApp/Utils/retarget.c.obj
 .debug_macro   0x0001ef86       0x16 CMakeFiles/STM32_Warehouse.dir/UserApp/Utils/retarget.c.obj
 .debug_macro   0x0001ef9c       0x3c CMakeFiles/STM32_Warehouse.dir/UserApp/Utils/retarget.c.obj
 .debug_macro   0x0001efd8      0x370 CMakeFiles/STM32_Warehouse.dir/UserApp/Utils/retarget.c.obj
 .debug_macro   0x0001f348       0x10 CMakeFiles/STM32_Warehouse.dir/UserApp/Utils/retarget.c.obj
 .debug_macro   0x0001f358       0x16 CMakeFiles/STM32_Warehouse.dir/UserApp/Utils/retarget.c.obj
 .debug_macro   0x0001f36e       0x4a CMakeFiles/STM32_Warehouse.dir/UserApp/Utils/retarget.c.obj
 .debug_macro   0x0001f3b8       0x34 CMakeFiles/STM32_Warehouse.dir/UserApp/Utils/retarget.c.obj
 .debug_macro   0x0001f3ec       0x10 CMakeFiles/STM32_Warehouse.dir/UserApp/Utils/retarget.c.obj
 .debug_macro   0x0001f3fc       0x58 CMakeFiles/STM32_Warehouse.dir/UserApp/Utils/retarget.c.obj
 .debug_macro   0x0001f454      0x1de CMakeFiles/STM32_Warehouse.dir/UserApp/Utils/retarget.c.obj
 .debug_macro   0x0001f632       0x16 CMakeFiles/STM32_Warehouse.dir/UserApp/Utils/retarget.c.obj
 .debug_macro   0x0001f648       0x16 CMakeFiles/STM32_Warehouse.dir/UserApp/Utils/retarget.c.obj
 .debug_macro   0x0001f65e      0x170 CMakeFiles/STM32_Warehouse.dir/UserApp/Utils/retarget.c.obj
 .debug_macro   0x0001f7ce      0x2e5 CMakeFiles/STM32_Warehouse.dir/UserApp/main.cpp.obj
 .debug_macro   0x0001fab3      0xc16 CMakeFiles/STM32_Warehouse.dir/UserApp/main.cpp.obj
 .debug_macro   0x000206c9      0x1f2 CMakeFiles/STM32_Warehouse.dir/UserApp/main.cpp.obj
 .debug_macro   0x000208bb       0x10 CMakeFiles/STM32_Warehouse.dir/UserApp/main.cpp.obj
 .debug_macro   0x000208cb       0xc8 CMakeFiles/STM32_Warehouse.dir/UserApp/main.cpp.obj
 .debug_macro   0x00020993      0x103 CMakeFiles/STM32_Warehouse.dir/UserApp/main.cpp.obj
 .debug_macro   0x00020a96      0x361 CMakeFiles/STM32_Warehouse.dir/UserApp/main.cpp.obj
 .debug_macro   0x00020df7       0x75 CMakeFiles/STM32_Warehouse.dir/UserApp/main.cpp.obj
 .debug_macro   0x00020e6c       0x94 CMakeFiles/STM32_Warehouse.dir/UserApp/main.cpp.obj
 .debug_macro   0x00020f00       0x34 CMakeFiles/STM32_Warehouse.dir/UserApp/main.cpp.obj
 .debug_macro   0x00020f34       0x57 CMakeFiles/STM32_Warehouse.dir/UserApp/main.cpp.obj
 .debug_macro   0x00020f8b       0x9e CMakeFiles/STM32_Warehouse.dir/UserApp/main.cpp.obj
 .debug_macro   0x00021029      0x38c CMakeFiles/STM32_Warehouse.dir/UserApp/main.cpp.obj
 .debug_macro   0x000213b5      0x119 CMakeFiles/STM32_Warehouse.dir/UserApp/main.cpp.obj
 .debug_macro   0x000214ce       0x4a CMakeFiles/STM32_Warehouse.dir/UserApp/main.cpp.obj
 .debug_macro   0x00021518      0x138 CMakeFiles/STM32_Warehouse.dir/UserApp/main.cpp.obj
 .debug_macro   0x00021650      0x11d CMakeFiles/STM32_Warehouse.dir/UserApp/main.cpp.obj
 .debug_macro   0x0002176d       0x1c CMakeFiles/STM32_Warehouse.dir/UserApp/main.cpp.obj
 .debug_macro   0x00021789     0x1011 CMakeFiles/STM32_Warehouse.dir/UserApp/main.cpp.obj
 .debug_macro   0x0002279a       0x56 CMakeFiles/STM32_Warehouse.dir/UserApp/main.cpp.obj
 .debug_macro   0x000227f0      0x2a3 CMakeFiles/STM32_Warehouse.dir/Core/Src/main.c.obj
 .debug_macro   0x00022a93       0xea CMakeFiles/STM32_Warehouse.dir/Core/Src/main.c.obj
 .debug_macro   0x00022b7d      0x15a CMakeFiles/STM32_Warehouse.dir/Core/Src/main.c.obj
 .debug_macro   0x00022cd7       0xde CMakeFiles/STM32_Warehouse.dir/Core/Src/main.c.obj
 .debug_macro   0x00022db5       0x1c CMakeFiles/STM32_Warehouse.dir/Core/Src/main.c.obj
 .debug_macro   0x00022dd1       0x26 CMakeFiles/STM32_Warehouse.dir/Core/Src/main.c.obj
 .debug_macro   0x00022df7      0x504 CMakeFiles/STM32_Warehouse.dir/Core/Src/main.c.obj
 .debug_macro   0x000232fb       0xb5 CMakeFiles/STM32_Warehouse.dir/Core/Src/main.c.obj
 .debug_macro   0x000233b0       0xaa CMakeFiles/STM32_Warehouse.dir/Core/Src/main.c.obj
 .debug_macro   0x0002345a       0x91 CMakeFiles/STM32_Warehouse.dir/Core/Src/main.c.obj
 .debug_macro   0x000234eb       0x8d CMakeFiles/STM32_Warehouse.dir/Core/Src/main.c.obj
 .debug_macro   0x00023578       0x7e CMakeFiles/STM32_Warehouse.dir/Core/Src/main.c.obj
 .debug_macro   0x000235f6       0x19 CMakeFiles/STM32_Warehouse.dir/Core/Src/main.c.obj
 .debug_macro   0x0002360f       0xf2 CMakeFiles/STM32_Warehouse.dir/Core/Src/main.c.obj
 .debug_macro   0x00023701      0x1e2 CMakeFiles/STM32_Warehouse.dir/Core/Src/gpio.c.obj
 .debug_macro   0x000238e3      0x295 CMakeFiles/STM32_Warehouse.dir/Core/Src/freertos.c.obj
 .debug_macro   0x00023b78       0xea CMakeFiles/STM32_Warehouse.dir/Core/Src/freertos.c.obj
 .debug_macro   0x00023c62      0x2b5 CMakeFiles/STM32_Warehouse.dir/Core/Src/usart.c.obj
 .debug_macro   0x00023f17      0x1e2 CMakeFiles/STM32_Warehouse.dir/Core/Src/stm32f4xx_it.c.obj
 .debug_macro   0x000240f9      0x1d8 CMakeFiles/STM32_Warehouse.dir/Core/Src/stm32f4xx_hal_msp.c.obj
 .debug_macro   0x000242d1      0x1ce CMakeFiles/STM32_Warehouse.dir/Core/Src/stm32f4xx_hal_timebase_tim.c.obj
 .debug_macro   0x0002449f      0x1f2 CMakeFiles/STM32_Warehouse.dir/Drivers/STM32F4xx_HAL_Driver/Src/stm32f4xx_hal_rcc.c.obj
 .debug_macro   0x00024691      0x1d4 CMakeFiles/STM32_Warehouse.dir/Drivers/STM32F4xx_HAL_Driver/Src/stm32f4xx_hal_gpio.c.obj
 .debug_macro   0x00024865      0x1d4 CMakeFiles/STM32_Warehouse.dir/Drivers/STM32F4xx_HAL_Driver/Src/stm32f4xx_hal_dma.c.obj
 .debug_macro   0x00024a39      0x1ce CMakeFiles/STM32_Warehouse.dir/Drivers/STM32F4xx_HAL_Driver/Src/stm32f4xx_hal_cortex.c.obj
 .debug_macro   0x00024c07      0x22e CMakeFiles/STM32_Warehouse.dir/Drivers/STM32F4xx_HAL_Driver/Src/stm32f4xx_hal.c.obj
 .debug_macro   0x00024e35      0x1cf CMakeFiles/STM32_Warehouse.dir/Drivers/STM32F4xx_HAL_Driver/Src/stm32f4xx_hal_tim.c.obj
 .debug_macro   0x00025004      0x1ce CMakeFiles/STM32_Warehouse.dir/Drivers/STM32F4xx_HAL_Driver/Src/stm32f4xx_hal_tim_ex.c.obj
 .debug_macro   0x000251d2      0x1cf CMakeFiles/STM32_Warehouse.dir/Drivers/STM32F4xx_HAL_Driver/Src/stm32f4xx_hal_uart.c.obj
 .debug_macro   0x000253a1      0x1ce CMakeFiles/STM32_Warehouse.dir/Core/Src/system_stm32f4xx.c.obj
 .debug_macro   0x0002556f      0x178 CMakeFiles/STM32_Warehouse.dir/Middlewares/Third_Party/FreeRTOS/Source/list.c.obj
 .debug_macro   0x000256e7      0x265 CMakeFiles/STM32_Warehouse.dir/Middlewares/Third_Party/FreeRTOS/Source/tasks.c.obj
 .debug_macro   0x0002594c       0x10 CMakeFiles/STM32_Warehouse.dir/Middlewares/Third_Party/FreeRTOS/Source/tasks.c.obj
 .debug_macro   0x0002595c      0x1ea CMakeFiles/STM32_Warehouse.dir/Middlewares/Third_Party/FreeRTOS/Source/CMSIS_RTOS/cmsis_os.c.obj
 .debug_macro   0x00025b46       0xe9 CMakeFiles/STM32_Warehouse.dir/Middlewares/Third_Party/FreeRTOS/Source/CMSIS_RTOS/cmsis_os.c.obj
 .debug_macro   0x00025c2f      0x19f CMakeFiles/STM32_Warehouse.dir/Middlewares/Third_Party/FreeRTOS/Source/portable/MemMang/heap_4.c.obj
 .debug_macro   0x00025dce      0x196 CMakeFiles/STM32_Warehouse.dir/Middlewares/Third_Party/FreeRTOS/Source/portable/GCC/ARM_CM4F/port.c.obj
 .debug_macro   0x00025f64       0xff CMakeFiles/STM32_Warehouse.dir/Core/Src/sysmem.c.obj
 .debug_macro   0x00026063       0x10 CMakeFiles/STM32_Warehouse.dir/Core/Src/sysmem.c.obj
 .debug_macro   0x00026073      0x23c CMakeFiles/STM32_Warehouse.dir/Core/Src/sysmem.c.obj
 .debug_macro   0x000262af      0x265 CMakeFiles/STM32_Warehouse.dir/Core/Src/syscalls.c.obj
 .debug_macro   0x00026514       0x10 CMakeFiles/STM32_Warehouse.dir/Core/Src/syscalls.c.obj
 .debug_macro   0x00026524       0x10 CMakeFiles/STM32_Warehouse.dir/Core/Src/syscalls.c.obj
 .debug_macro   0x00026534       0x10 CMakeFiles/STM32_Warehouse.dir/Core/Src/syscalls.c.obj
 .debug_macro   0x00026544       0x10 CMakeFiles/STM32_Warehouse.dir/Core/Src/syscalls.c.obj
 .debug_macro   0x00026554       0x1c CMakeFiles/STM32_Warehouse.dir/Core/Src/syscalls.c.obj
 .debug_macro   0x00026570       0x52 CMakeFiles/STM32_Warehouse.dir/Core/Src/syscalls.c.obj
 .debug_macro   0x000265c2       0x22 CMakeFiles/STM32_Warehouse.dir/Core/Src/syscalls.c.obj
 .debug_macro   0x000265e4       0x10 CMakeFiles/STM32_Warehouse.dir/Core/Src/syscalls.c.obj
 .debug_macro   0x000265f4       0x52 CMakeFiles/STM32_Warehouse.dir/Core/Src/syscalls.c.obj
 .debug_macro   0x00026646       0xcf CMakeFiles/STM32_Warehouse.dir/Core/Src/syscalls.c.obj
 .debug_macro   0x00026715       0x1c CMakeFiles/STM32_Warehouse.dir/Core/Src/syscalls.c.obj
 .debug_macro   0x00026731       0x3d CMakeFiles/STM32_Warehouse.dir/Core/Src/syscalls.c.obj
 .debug_macro   0x0002676e       0x35 CMakeFiles/STM32_Warehouse.dir/Core/Src/syscalls.c.obj
 .debug_macro   0x000267a3      0x12c CMakeFiles/STM32_Warehouse.dir/Core/Src/syscalls.c.obj
 .debug_macro   0x000268cf      0x242 CMakeFiles/STM32_Warehouse.dir/Core/Src/syscalls.c.obj